
Allocating common symbols
Common symbol       size              file

serchar             0x4               Src/main06.o

Discarded input sections

 .group         0x0000000000000000        0xc Src/main06.o
 .group         0x0000000000000000        0xc Src/main06.o
 .text          0x0000000000000000        0x0 Src/main06.o
 .data          0x0000000000000000        0x0 Src/main06.o
 .bss           0x0000000000000000        0x0 Src/main06.o
 .text.SWdelay  0x0000000000000000       0x28 Src/main06.o
 COMMON         0x0000000000000000        0x4 Src/main06.o
 .data          0x0000000000000000        0x0 Src/stm32L476Disco_GreenLED.o
 .bss           0x0000000000000000        0x0 Src/stm32L476Disco_GreenLED.o
 .data          0x0000000000000000        0x0 Src/stm32L476xx_TIM2_demo--redacted.o
 .bss           0x0000000000000000        0x0 Src/stm32L476xx_TIM2_demo--redacted.o
 .text          0x0000000000000000       0x14 startup/startup_stm32l476xx.o
 .data          0x0000000000000000        0x0 startup/startup_stm32l476xx.o
 .bss           0x0000000000000000        0x0 startup/startup_stm32l476xx.o

Memory Configuration

Name             Origin             Length             Attributes
RAM              0x0000000020000000 0x0000000000018000 xrw
RAM2             0x0000000010000000 0x0000000000008000 xrw
FLASH            0x0000000008000000 0x0000000000100000 xr
*default*        0x0000000000000000 0xffffffffffffffff

Linker script and memory map

LOAD Src/main06.o
LOAD Src/stm32L476Disco_GreenLED.o
LOAD Src/stm32L476xx_TIM2_demo--redacted.o
LOAD startup/startup_stm32l476xx.o
LOAD /home/lkosub/Ac6/SystemWorkbench/plugins/fr.ac6.mcu.externaltools.arm-none.linux64_1.17.0.201812190825/tools/compiler/bin/../lib/gcc/arm-none-eabi/7.3.1/../../../../arm-none-eabi/lib/thumb/v7e-m/fpv4-sp/hard/libm.a
                0x0000000020018000                _estack = 0x20018000
                0x0000000000000200                _Min_Heap_Size = 0x200
                0x0000000000000400                _Min_Stack_Size = 0x400

.isr_vector     0x0000000008000000      0x188
                0x0000000008000000                . = ALIGN (0x8)
 *(.isr_vector)
 .isr_vector    0x0000000008000000      0x188 startup/startup_stm32l476xx.o
                0x0000000008000000                g_pfnVectors
                0x0000000008000188                . = ALIGN (0x8)

.text           0x0000000008000188      0x1a8
                0x0000000008000188                . = ALIGN (0x8)
 *(.text)
 .text          0x0000000008000188       0x78 Src/stm32L476Disco_GreenLED.o
                0x0000000008000188                GreenLED_init
                0x00000000080001cc                GreenLED_OFF
                0x00000000080001de                GreenLED_ON
                0x00000000080001f0                togglePE8
 .text          0x0000000008000200       0xc0 Src/stm32L476xx_TIM2_demo--redacted.o
                0x0000000008000200                DBGMCU_FREEZE_TIM2
                0x000000000800020c                DBGMCU_UNFREEZE_TIM2
                0x0000000008000218                connect_TIM2_CH1_to_PA0
                0x000000000800021c                TIM2_init
                0x0000000008000284                TIM2_poll
 *(.text*)
 .text.main     0x00000000080002c0       0x1e Src/main06.o
                0x00000000080002c0                main
 *fill*         0x00000000080002de        0x2 
 .text.Reset_Handler
                0x00000000080002e0       0x48 startup/startup_stm32l476xx.o
                0x00000000080002e0                Reset_Handler
 .text.Default_Handler
                0x0000000008000328        0x2 startup/startup_stm32l476xx.o
                0x0000000008000328                RTC_Alarm_IRQHandler
                0x0000000008000328                EXTI2_IRQHandler
                0x0000000008000328                TIM8_TRG_COM_IRQHandler
                0x0000000008000328                TIM8_CC_IRQHandler
                0x0000000008000328                DebugMon_Handler
                0x0000000008000328                TIM1_CC_IRQHandler
                0x0000000008000328                TSC_IRQHandler
                0x0000000008000328                HardFault_Handler
                0x0000000008000328                SysTick_Handler
                0x0000000008000328                TAMP_STAMP_IRQHandler
                0x0000000008000328                PendSV_Handler
                0x0000000008000328                NMI_Handler
                0x0000000008000328                EXTI3_IRQHandler
                0x0000000008000328                LPTIM2_IRQHandler
                0x0000000008000328                DFSDM1_FLT1_IRQHandler
                0x0000000008000328                I2C3_ER_IRQHandler
                0x0000000008000328                DFSDM1_FLT2_IRQHandler
                0x0000000008000328                EXTI0_IRQHandler
                0x0000000008000328                I2C2_EV_IRQHandler
                0x0000000008000328                CAN1_RX0_IRQHandler
                0x0000000008000328                FPU_IRQHandler
                0x0000000008000328                TIM1_UP_TIM16_IRQHandler
                0x0000000008000328                UsageFault_Handler
                0x0000000008000328                ADC1_2_IRQHandler
                0x0000000008000328                SPI1_IRQHandler
                0x0000000008000328                TIM6_DAC_IRQHandler
                0x0000000008000328                TIM8_UP_IRQHandler
                0x0000000008000328                DMA2_Channel2_IRQHandler
                0x0000000008000328                DMA1_Channel4_IRQHandler
                0x0000000008000328                SAI2_IRQHandler
                0x0000000008000328                DFSDM1_FLT3_IRQHandler
                0x0000000008000328                USART3_IRQHandler
                0x0000000008000328                DMA1_Channel7_IRQHandler
                0x0000000008000328                CAN1_RX1_IRQHandler
                0x0000000008000328                LCD_IRQHandler
                0x0000000008000328                UART5_IRQHandler
                0x0000000008000328                ADC3_IRQHandler
                0x0000000008000328                TIM4_IRQHandler
                0x0000000008000328                DMA2_Channel1_IRQHandler
                0x0000000008000328                QUADSPI_IRQHandler
                0x0000000008000328                I2C1_EV_IRQHandler
                0x0000000008000328                DMA1_Channel6_IRQHandler
                0x0000000008000328                UART4_IRQHandler
                0x0000000008000328                DMA2_Channel4_IRQHandler
                0x0000000008000328                TIM3_IRQHandler
                0x0000000008000328                RCC_IRQHandler
                0x0000000008000328                DMA1_Channel1_IRQHandler
                0x0000000008000328                Default_Handler
                0x0000000008000328                DMA2_Channel7_IRQHandler
                0x0000000008000328                EXTI15_10_IRQHandler
                0x0000000008000328                TIM7_IRQHandler
                0x0000000008000328                SDMMC1_IRQHandler
                0x0000000008000328                TIM5_IRQHandler
                0x0000000008000328                I2C3_EV_IRQHandler
                0x0000000008000328                EXTI9_5_IRQHandler
                0x0000000008000328                RTC_WKUP_IRQHandler
                0x0000000008000328                PVD_PVM_IRQHandler
                0x0000000008000328                SPI2_IRQHandler
                0x0000000008000328                MemManage_Handler
                0x0000000008000328                CAN1_TX_IRQHandler
                0x0000000008000328                SVC_Handler
                0x0000000008000328                DMA2_Channel5_IRQHandler
                0x0000000008000328                DMA1_Channel5_IRQHandler
                0x0000000008000328                EXTI4_IRQHandler
                0x0000000008000328                RNG_IRQHandler
                0x0000000008000328                TIM1_TRG_COM_TIM17_IRQHandler
                0x0000000008000328                DMA1_Channel3_IRQHandler
                0x0000000008000328                COMP_IRQHandler
                0x0000000008000328                WWDG_IRQHandler
                0x0000000008000328                LPUART1_IRQHandler
                0x0000000008000328                DMA2_Channel6_IRQHandler
                0x0000000008000328                TIM2_IRQHandler
                0x0000000008000328                EXTI1_IRQHandler
                0x0000000008000328                USART2_IRQHandler
                0x0000000008000328                DFSDM1_FLT0_IRQHandler
                0x0000000008000328                I2C2_ER_IRQHandler
                0x0000000008000328                DMA1_Channel2_IRQHandler
                0x0000000008000328                TIM8_BRK_IRQHandler
                0x0000000008000328                CAN1_SCE_IRQHandler
                0x0000000008000328                FLASH_IRQHandler
                0x0000000008000328                BusFault_Handler
                0x0000000008000328                USART1_IRQHandler
                0x0000000008000328                OTG_FS_IRQHandler
                0x0000000008000328                SPI3_IRQHandler
                0x0000000008000328                I2C1_ER_IRQHandler
                0x0000000008000328                FMC_IRQHandler
                0x0000000008000328                SWPMI1_IRQHandler
                0x0000000008000328                LPTIM1_IRQHandler
                0x0000000008000328                SAI1_IRQHandler
                0x0000000008000328                DMA2_Channel3_IRQHandler
                0x0000000008000328                TIM1_BRK_TIM15_IRQHandler
 *(.glue_7)
 .glue_7        0x000000000800032a        0x0 linker stubs
 *(.glue_7t)
 .glue_7t       0x000000000800032a        0x0 linker stubs
 *(.eh_frame)
 *(.init)
 *(.fini)
                0x0000000008000330                . = ALIGN (0x8)
 *fill*         0x000000000800032a        0x6 
                0x0000000008000330                _etext = .

.vfp11_veneer   0x0000000008000330        0x0
 .vfp11_veneer  0x0000000008000330        0x0 linker stubs

.v4_bx          0x0000000008000330        0x0
 .v4_bx         0x0000000008000330        0x0 linker stubs

.iplt           0x0000000008000330        0x0
 .iplt          0x0000000008000330        0x0 Src/main06.o

.rel.dyn        0x0000000008000330        0x0
 .rel.iplt      0x0000000008000330        0x0 Src/main06.o

.rodata         0x0000000008000330        0x0
                0x0000000008000330                . = ALIGN (0x8)
 *(.rodata)
 *(.rodata*)
                0x0000000008000330                . = ALIGN (0x8)

.ARM.extab      0x0000000008000330        0x0
                0x0000000008000330                . = ALIGN (0x8)
 *(.ARM.extab* .gnu.linkonce.armextab.*)
                0x0000000008000330                . = ALIGN (0x8)

.ARM            0x0000000008000330        0x0
                0x0000000008000330                . = ALIGN (0x8)
                0x0000000008000330                __exidx_start = .
 *(.ARM.exidx*)
                0x0000000008000330                __exidx_end = .
                0x0000000008000330                . = ALIGN (0x8)

.preinit_array  0x0000000008000330        0x0
                0x0000000008000330                . = ALIGN (0x8)
                [!provide]                        PROVIDE (__preinit_array_start = .)
 *(.preinit_array*)
                [!provide]                        PROVIDE (__preinit_array_end = .)
                0x0000000008000330                . = ALIGN (0x8)

.init_array     0x0000000008000330        0x0
                0x0000000008000330                . = ALIGN (0x8)
                [!provide]                        PROVIDE (__init_array_start = .)
 *(SORT_BY_NAME(.init_array.*))
 *(.init_array*)
                [!provide]                        PROVIDE (__init_array_end = .)
                0x0000000008000330                . = ALIGN (0x8)

.fini_array     0x0000000008000330        0x0
                0x0000000008000330                . = ALIGN (0x8)
                [!provide]                        PROVIDE (__fini_array_start = .)
 *(SORT_BY_NAME(.fini_array.*))
 *(.fini_array*)
                [!provide]                        PROVIDE (__fini_array_end = .)
                0x0000000008000330                . = ALIGN (0x8)
                0x0000000008000330                _sidata = LOADADDR (.data)

.data           0x0000000020000000        0x0 load address 0x0000000008000330
                0x0000000020000000                . = ALIGN (0x8)
                0x0000000020000000                _sdata = .
 *(.data)
 *(.data*)
                0x0000000020000000                . = ALIGN (0x8)
                0x0000000020000000                _edata = .

.igot.plt       0x0000000020000000        0x0 load address 0x0000000008000330
 .igot.plt      0x0000000020000000        0x0 Src/main06.o
                0x0000000020000000                . = ALIGN (0x4)

.bss            0x0000000020000000        0x0 load address 0x0000000008000330
                0x0000000020000000                _sbss = .
                0x0000000020000000                __bss_start__ = _sbss
 *(.bss)
 *(.bss*)
 *(COMMON)
                0x0000000020000000                . = ALIGN (0x4)
                0x0000000020000000                _ebss = .
                0x0000000020000000                __bss_end__ = _ebss

._user_heap_stack
                0x0000000020000000      0x600 load address 0x0000000008000330
                0x0000000020000000                . = ALIGN (0x8)
                [!provide]                        PROVIDE (end = .)
                [!provide]                        PROVIDE (_end = .)
                0x0000000020000200                . = (. + _Min_Heap_Size)
 *fill*         0x0000000020000000      0x200 
                0x0000000020000600                . = (. + _Min_Stack_Size)
 *fill*         0x0000000020000200      0x400 
                0x0000000020000600                . = ALIGN (0x8)

/DISCARD/
 libc.a(*)
 libm.a(*)
 libgcc.a(*)

.ARM.attributes
                0x0000000000000000       0x37
 *(.ARM.attributes)
 .ARM.attributes
                0x0000000000000000       0x39 Src/main06.o
 .ARM.attributes
                0x0000000000000039       0x25 Src/stm32L476Disco_GreenLED.o
 .ARM.attributes
                0x000000000000005e       0x25 Src/stm32L476xx_TIM2_demo--redacted.o
 .ARM.attributes
                0x0000000000000083       0x25 startup/startup_stm32l476xx.o
OUTPUT(DiscoBlinkyMoT.elf elf32-littlearm)

.debug_info     0x0000000000000000      0x146
 .debug_info    0x0000000000000000       0xd8 Src/main06.o
 .debug_info    0x00000000000000d8       0x26 Src/stm32L476Disco_GreenLED.o
 .debug_info    0x00000000000000fe       0x26 Src/stm32L476xx_TIM2_demo--redacted.o
 .debug_info    0x0000000000000124       0x22 startup/startup_stm32l476xx.o

.debug_abbrev   0x0000000000000000       0xd5
 .debug_abbrev  0x0000000000000000       0x9b Src/main06.o
 .debug_abbrev  0x000000000000009b       0x14 Src/stm32L476Disco_GreenLED.o
 .debug_abbrev  0x00000000000000af       0x14 Src/stm32L476xx_TIM2_demo--redacted.o
 .debug_abbrev  0x00000000000000c3       0x12 startup/startup_stm32l476xx.o

.debug_aranges  0x0000000000000000       0x90
 .debug_aranges
                0x0000000000000000       0x28 Src/main06.o
 .debug_aranges
                0x0000000000000028       0x20 Src/stm32L476Disco_GreenLED.o
 .debug_aranges
                0x0000000000000048       0x20 Src/stm32L476xx_TIM2_demo--redacted.o
 .debug_aranges
                0x0000000000000068       0x28 startup/startup_stm32l476xx.o

.debug_ranges   0x0000000000000000       0x38
 .debug_ranges  0x0000000000000000       0x18 Src/main06.o
 .debug_ranges  0x0000000000000018       0x20 startup/startup_stm32l476xx.o

.debug_macro    0x0000000000000000      0xdc8
 .debug_macro   0x0000000000000000       0x1a Src/main06.o
 .debug_macro   0x000000000000001a      0xa60 Src/main06.o
 .debug_macro   0x0000000000000a7a      0x34e Src/main06.o

.debug_line     0x0000000000000000      0x2a2
 .debug_line    0x0000000000000000      0x10b Src/main06.o
 .debug_line    0x000000000000010b       0x74 Src/stm32L476Disco_GreenLED.o
 .debug_line    0x000000000000017f       0xa6 Src/stm32L476xx_TIM2_demo--redacted.o
 .debug_line    0x0000000000000225       0x7d startup/startup_stm32l476xx.o

.debug_str      0x0000000000000000     0x36cb
 .debug_str     0x0000000000000000     0x3652 Src/main06.o
                                       0x37bd (size before relaxing)
 .debug_str     0x0000000000003652       0x2f Src/stm32L476Disco_GreenLED.o
                                         0x7a (size before relaxing)
 .debug_str     0x0000000000003681       0x29 Src/stm32L476xx_TIM2_demo--redacted.o
                                         0x82 (size before relaxing)
 .debug_str     0x00000000000036aa       0x21 startup/startup_stm32l476xx.o
                                         0x7a (size before relaxing)

.comment        0x0000000000000000       0x7f
 .comment       0x0000000000000000       0x7f Src/main06.o
                                         0x80 (size before relaxing)

.debug_frame    0x0000000000000000       0x54
 .debug_frame   0x0000000000000000       0x54 Src/main06.o
