21:44:04 **** Build of configuration Debug for project DiscoBlinky ****
make all 
Building file: ../startup/startup_stm32l476xx.S
Invoking: MCU GCC Compiler
/home/lkosub/ENEE440/LaurenKosub_400F19_HW01/STM32L476_DiscoBlinky_ws_1/DiscoBlinky/Debug
arm-none-eabi-gcc -mcpu=cortex-m4 -mthumb -mfloat-abi=hard -mfpu=fpv4-sp-d16 -DSTM32L476VGTx -DSTM32L4 -DSTM32 -DDEBUG -I"/home/lkosub/ENEE440/LaurenKosub_400F19_HW01/STM32L476_DiscoBlinky_ws_1/DiscoBlinky/inc" -O0 -g3 -Wall -fmessage-length=0 -ffunction-sections -c -MMD -MP -MF"startup/startup_stm32l476xx.d" -MT"startup/startup_stm32l476xx.o" -o "startup/startup_stm32l476xx.o" "../startup/startup_stm32l476xx.S"
Finished building: ../startup/startup_stm32l476xx.S
 
Building file: ../Src/GreenLED.S
Invoking: MCU GCC Compiler
/home/lkosub/ENEE440/LaurenKosub_400F19_HW01/STM32L476_DiscoBlinky_ws_1/DiscoBlinky/Debug
arm-none-eabi-gcc -mcpu=cortex-m4 -mthumb -mfloat-abi=hard -mfpu=fpv4-sp-d16 -DSTM32L476VGTx -DSTM32L4 -DSTM32 -DDEBUG -I"/home/lkosub/ENEE440/LaurenKosub_400F19_HW01/STM32L476_DiscoBlinky_ws_1/DiscoBlinky/inc" -O0 -g3 -Wall -fmessage-length=0 -ffunction-sections -c -MMD -MP -MF"Src/GreenLED.d" -MT"Src/GreenLED.o" -o "Src/GreenLED.o" "../Src/GreenLED.S"
Finished building: ../Src/GreenLED.S
 
Building file: ../Src/main03.c
Invoking: MCU GCC Compiler
/home/lkosub/ENEE440/LaurenKosub_400F19_HW01/STM32L476_DiscoBlinky_ws_1/DiscoBlinky/Debug
arm-none-eabi-gcc -mcpu=cortex-m4 -mthumb -mfloat-abi=hard -mfpu=fpv4-sp-d16 -DSTM32L476VGTx -DSTM32L4 -DSTM32 -DDEBUG -I"/home/lkosub/ENEE440/LaurenKosub_400F19_HW01/STM32L476_DiscoBlinky_ws_1/DiscoBlinky/inc" -O0 -g3 -Wall -fmessage-length=0 -ffunction-sections -c -MMD -MP -MF"Src/main03.d" -MT"Src/main03.o" -o "Src/main03.o" "../Src/main03.c"
Finished building: ../Src/main03.c
 
Building file: ../Src/myDataOps02.S
Invoking: MCU GCC Compiler
/home/lkosub/ENEE440/LaurenKosub_400F19_HW01/STM32L476_DiscoBlinky_ws_1/DiscoBlinky/Debug
arm-none-eabi-gcc -mcpu=cortex-m4 -mthumb -mfloat-abi=hard -mfpu=fpv4-sp-d16 -DSTM32L476VGTx -DSTM32L4 -DSTM32 -DDEBUG -I"/home/lkosub/ENEE440/LaurenKosub_400F19_HW01/STM32L476_DiscoBlinky_ws_1/DiscoBlinky/inc" -O0 -g3 -Wall -fmessage-length=0 -ffunction-sections -c -MMD -MP -MF"Src/myDataOps02.d" -MT"Src/myDataOps02.o" -o "Src/myDataOps02.o" "../Src/myDataOps02.S"
Finished building: ../Src/myDataOps02.S
 
Building target: DiscoBlinky.elf
Invoking: MCU GCC Linker
arm-none-eabi-gcc -mcpu=cortex-m4 -mthumb -mfloat-abi=hard -mfpu=fpv4-sp-d16 -nostartfiles -nodefaultlibs -nostdlib -T"/home/lkosub/ENEE440/LaurenKosub_400F19_HW01/STM32L476_DiscoBlinky_ws_1/DiscoBlinky/LinkerScript.ld" -Wl,-Map=output.map -Wl,--gc-sections -o "DiscoBlinky.elf" @"objects.list"   -lm
Finished building target: DiscoBlinky.elf
 
make --no-print-directory post-build
Generating binary and Printing size information:
arm-none-eabi-objcopy -O binary "DiscoBlinky.elf" "DiscoBlinky.bin"
arm-none-eabi-size "DiscoBlinky.elf"
   text	   data	    bss	    dec	    hex	filename
    768	      0	   1536	   2304	    900	DiscoBlinky.elf
 
21:44:08 **** Incremental Build of configuration Debug for project DiscoBlinky ****
make all 
make: Nothing to be done for 'all'.
22:14:17 **** Incremental Build of configuration Debug for project DiscoBlinky ****
make all 
Building file: ../Src/main03.c
Invoking: MCU GCC Compiler
/home/lkosub/ENEE440/LaurenKosub_400F19_HW01/STM32L476_DiscoBlinky_ws_1/DiscoBlinky/Debug
arm-none-eabi-gcc -mcpu=cortex-m4 -mthumb -mfloat-abi=hard -mfpu=fpv4-sp-d16 -DSTM32L476VGTx -DSTM32L4 -DSTM32 -DDEBUG -I"/home/lkosub/ENEE440/LaurenKosub_400F19_HW01/STM32L476_DiscoBlinky_ws_1/DiscoBlinky/inc" -O0 -g3 -Wall -fmessage-length=0 -ffunction-sections -c -MMD -MP -MF"Src/main03.d" -MT"Src/main03.o" -o "Src/main03.o" "../Src/main03.c"
Finished building: ../Src/main03.c
 
Building file: ../Src/myDataOps02.S
Invoking: MCU GCC Compiler
/home/lkosub/ENEE440/LaurenKosub_400F19_HW01/STM32L476_DiscoBlinky_ws_1/DiscoBlinky/Debug
arm-none-eabi-gcc -mcpu=cortex-m4 -mthumb -mfloat-abi=hard -mfpu=fpv4-sp-d16 -DSTM32L476VGTx -DSTM32L4 -DSTM32 -DDEBUG -I"/home/lkosub/ENEE440/LaurenKosub_400F19_HW01/STM32L476_DiscoBlinky_ws_1/DiscoBlinky/inc" -O0 -g3 -Wall -fmessage-length=0 -ffunction-sections -c -MMD -MP -MF"Src/myDataOps02.d" -MT"Src/myDataOps02.o" -o "Src/myDataOps02.o" "../Src/myDataOps02.S"
Finished building: ../Src/myDataOps02.S
 
Building target: DiscoBlinky.elf
Invoking: MCU GCC Linker
arm-none-eabi-gcc -mcpu=cortex-m4 -mthumb -mfloat-abi=hard -mfpu=fpv4-sp-d16 -nostartfiles -nodefaultlibs -nostdlib -T"/home/lkosub/ENEE440/LaurenKosub_400F19_HW01/STM32L476_DiscoBlinky_ws_1/DiscoBlinky/LinkerScript.ld" -Wl,-Map=output.map -Wl,--gc-sections -o "DiscoBlinky.elf" @"objects.list"   -lm
Finished building target: DiscoBlinky.elf
 
make --no-print-directory post-build
Generating binary and Printing size information:
arm-none-eabi-objcopy -O binary "DiscoBlinky.elf" "DiscoBlinky.bin"
arm-none-eabi-size "DiscoBlinky.elf"
   text	   data	    bss	    dec	    hex	filename
    768	      0	   1536	   2304	    900	DiscoBlinky.elf
 
22:14:38 **** Incremental Build of configuration Debug for project DiscoBlinky ****
make all 
make: Nothing to be done for 'all'.
22:15:05 **** Incremental Build of configuration Debug for project DiscoBlinky ****
make all 
make: Nothing to be done for 'all'.
22:17:32 **** Incremental Build of configuration Debug for project DiscoBlinky ****
make all 
Building file: ../Src/myDataOps02.S
Invoking: MCU GCC Compiler
/home/lkosub/ENEE440/LaurenKosub_400F19_HW01/STM32L476_DiscoBlinky_ws_1/DiscoBlinky/Debug
arm-none-eabi-gcc -mcpu=cortex-m4 -mthumb -mfloat-abi=hard -mfpu=fpv4-sp-d16 -DSTM32L476VGTx -DSTM32L4 -DSTM32 -DDEBUG -I"/home/lkosub/ENEE440/LaurenKosub_400F19_HW01/STM32L476_DiscoBlinky_ws_1/DiscoBlinky/inc" -O0 -g3 -Wall -fmessage-length=0 -ffunction-sections -c -MMD -MP -MF"Src/myDataOps02.d" -MT"Src/myDataOps02.o" -o "Src/myDataOps02.o" "../Src/myDataOps02.S"
Finished building: ../Src/myDataOps02.S
 
Building target: DiscoBlinky.elf
Invoking: MCU GCC Linker
arm-none-eabi-gcc -mcpu=cortex-m4 -mthumb -mfloat-abi=hard -mfpu=fpv4-sp-d16 -nostartfiles -nodefaultlibs -nostdlib -T"/home/lkosub/ENEE440/LaurenKosub_400F19_HW01/STM32L476_DiscoBlinky_ws_1/DiscoBlinky/LinkerScript.ld" -Wl,-Map=output.map -Wl,--gc-sections -o "DiscoBlinky.elf" @"objects.list"   -lm
Finished building target: DiscoBlinky.elf
 
make --no-print-directory post-build
Generating binary and Printing size information:
arm-none-eabi-objcopy -O binary "DiscoBlinky.elf" "DiscoBlinky.bin"
arm-none-eabi-size "DiscoBlinky.elf"
   text	   data	    bss	    dec	    hex	filename
    768	      0	   1536	   2304	    900	DiscoBlinky.elf
 
22:23:02 **** Incremental Build of configuration Debug for project DiscoBlinky ****
make all 
Building file: ../Src/main03.c
Invoking: MCU GCC Compiler
/home/lkosub/ENEE440/LaurenKosub_400F19_HW01/STM32L476_DiscoBlinky_ws_1/DiscoBlinky/Debug
arm-none-eabi-gcc -mcpu=cortex-m4 -mthumb -mfloat-abi=hard -mfpu=fpv4-sp-d16 -DSTM32L476VGTx -DSTM32L4 -DSTM32 -DDEBUG -I"/home/lkosub/ENEE440/LaurenKosub_400F19_HW01/STM32L476_DiscoBlinky_ws_1/DiscoBlinky/inc" -O0 -g3 -Wall -fmessage-length=0 -ffunction-sections -c -MMD -MP -MF"Src/main03.d" -MT"Src/main03.o" -o "Src/main03.o" "../Src/main03.c"
Finished building: ../Src/main03.c
 
Building file: ../Src/myDataOps02.S
Invoking: MCU GCC Compiler
/home/lkosub/ENEE440/LaurenKosub_400F19_HW01/STM32L476_DiscoBlinky_ws_1/DiscoBlinky/Debug
arm-none-eabi-gcc -mcpu=cortex-m4 -mthumb -mfloat-abi=hard -mfpu=fpv4-sp-d16 -DSTM32L476VGTx -DSTM32L4 -DSTM32 -DDEBUG -I"/home/lkosub/ENEE440/LaurenKosub_400F19_HW01/STM32L476_DiscoBlinky_ws_1/DiscoBlinky/inc" -O0 -g3 -Wall -fmessage-length=0 -ffunction-sections -c -MMD -MP -MF"Src/myDataOps02.d" -MT"Src/myDataOps02.o" -o "Src/myDataOps02.o" "../Src/myDataOps02.S"
Finished building: ../Src/myDataOps02.S
 
Building target: DiscoBlinky.elf
Invoking: MCU GCC Linker
arm-none-eabi-gcc -mcpu=cortex-m4 -mthumb -mfloat-abi=hard -mfpu=fpv4-sp-d16 -nostartfiles -nodefaultlibs -nostdlib -T"/home/lkosub/ENEE440/LaurenKosub_400F19_HW01/STM32L476_DiscoBlinky_ws_1/DiscoBlinky/LinkerScript.ld" -Wl,-Map=output.map -Wl,--gc-sections -o "DiscoBlinky.elf" @"objects.list"   -lm
Finished building target: DiscoBlinky.elf
 
make --no-print-directory post-build
Generating binary and Printing size information:
arm-none-eabi-objcopy -O binary "DiscoBlinky.elf" "DiscoBlinky.bin"
arm-none-eabi-size "DiscoBlinky.elf"
   text	   data	    bss	    dec	    hex	filename
    768	      0	   1536	   2304	    900	DiscoBlinky.elf
 
22:28:00 **** Incremental Build of configuration Debug for project DiscoBlinky ****
make all 
Building file: ../Src/myDataOps02.S
Invoking: MCU GCC Compiler
/home/lkosub/ENEE440/LaurenKosub_400F19_HW01/STM32L476_DiscoBlinky_ws_1/DiscoBlinky/Debug
arm-none-eabi-gcc -mcpu=cortex-m4 -mthumb -mfloat-abi=hard -mfpu=fpv4-sp-d16 -DSTM32L476VGTx -DSTM32L4 -DSTM32 -DDEBUG -I"/home/lkosub/ENEE440/LaurenKosub_400F19_HW01/STM32L476_DiscoBlinky_ws_1/DiscoBlinky/inc" -O0 -g3 -Wall -fmessage-length=0 -ffunction-sections -c -MMD -MP -MF"Src/myDataOps02.d" -MT"Src/myDataOps02.o" -o "Src/myDataOps02.o" "../Src/myDataOps02.S"
Finished building: ../Src/myDataOps02.S
 
Building target: DiscoBlinky.elf
Invoking: MCU GCC Linker
arm-none-eabi-gcc -mcpu=cortex-m4 -mthumb -mfloat-abi=hard -mfpu=fpv4-sp-d16 -nostartfiles -nodefaultlibs -nostdlib -T"/home/lkosub/ENEE440/LaurenKosub_400F19_HW01/STM32L476_DiscoBlinky_ws_1/DiscoBlinky/LinkerScript.ld" -Wl,-Map=output.map -Wl,--gc-sections -o "DiscoBlinky.elf" @"objects.list"   -lm
Finished building target: DiscoBlinky.elf
 
make --no-print-directory post-build
Generating binary and Printing size information:
arm-none-eabi-objcopy -O binary "DiscoBlinky.elf" "DiscoBlinky.bin"
arm-none-eabi-size "DiscoBlinky.elf"
   text	   data	    bss	    dec	    hex	filename
    768	      0	   1536	   2304	    900	DiscoBlinky.elf
 
22:28:24 **** Incremental Build of configuration Debug for project DiscoBlinky ****
make all 
make: Nothing to be done for 'all'.
22:31:09 **** Incremental Build of configuration Debug for project DiscoBlinky ****
make all 
make: Nothing to be done for 'all'.
23:16:18 **** Incremental Build of configuration Debug for project DiscoBlinky ****
make all 
Building file: ../Src/myDataOps02.S
Invoking: MCU GCC Compiler
/home/lkosub/ENEE440/LaurenKosub_400F19_HW01/STM32L476_DiscoBlinky_ws_1/DiscoBlinky/Debug
arm-none-eabi-gcc -mcpu=cortex-m4 -mthumb -mfloat-abi=hard -mfpu=fpv4-sp-d16 -DSTM32L476VGTx -DSTM32L4 -DSTM32 -DDEBUG -I"/home/lkosub/ENEE440/LaurenKosub_400F19_HW01/STM32L476_DiscoBlinky_ws_1/DiscoBlinky/inc" -O0 -g3 -Wall -fmessage-length=0 -ffunction-sections -c -MMD -MP -MF"Src/myDataOps02.d" -MT"Src/myDataOps02.o" -o "Src/myDataOps02.o" "../Src/myDataOps02.S"
Finished building: ../Src/myDataOps02.S
 
Building target: DiscoBlinky.elf
Invoking: MCU GCC Linker
arm-none-eabi-gcc -mcpu=cortex-m4 -mthumb -mfloat-abi=hard -mfpu=fpv4-sp-d16 -nostartfiles -nodefaultlibs -nostdlib -T"/home/lkosub/ENEE440/LaurenKosub_400F19_HW01/STM32L476_DiscoBlinky_ws_1/DiscoBlinky/LinkerScript.ld" -Wl,-Map=output.map -Wl,--gc-sections -o "DiscoBlinky.elf" @"objects.list"   -lm
Finished building target: DiscoBlinky.elf
 
make --no-print-directory post-build
Generating binary and Printing size information:
arm-none-eabi-objcopy -O binary "DiscoBlinky.elf" "DiscoBlinky.bin"
arm-none-eabi-size "DiscoBlinky.elf"
   text	   data	    bss	    dec	    hex	filename
    768	      0	   1536	   2304	    900	DiscoBlinky.elf
 
23:21:46 **** Incremental Build of configuration Debug for project DiscoBlinky ****
make all 
Building file: ../Src/myDataOps02.S
Invoking: MCU GCC Compiler
/home/lkosub/ENEE440/LaurenKosub_400F19_HW01/STM32L476_DiscoBlinky_ws_1/DiscoBlinky/Debug
arm-none-eabi-gcc -mcpu=cortex-m4 -mthumb -mfloat-abi=hard -mfpu=fpv4-sp-d16 -DSTM32L476VGTx -DSTM32L4 -DSTM32 -DDEBUG -I"/home/lkosub/ENEE440/LaurenKosub_400F19_HW01/STM32L476_DiscoBlinky_ws_1/DiscoBlinky/inc" -O0 -g3 -Wall -fmessage-length=0 -ffunction-sections -c -MMD -MP -MF"Src/myDataOps02.d" -MT"Src/myDataOps02.o" -o "Src/myDataOps02.o" "../Src/myDataOps02.S"
Finished building: ../Src/myDataOps02.S
 
Building target: DiscoBlinky.elf
Invoking: MCU GCC Linker
arm-none-eabi-gcc -mcpu=cortex-m4 -mthumb -mfloat-abi=hard -mfpu=fpv4-sp-d16 -nostartfiles -nodefaultlibs -nostdlib -T"/home/lkosub/ENEE440/LaurenKosub_400F19_HW01/STM32L476_DiscoBlinky_ws_1/DiscoBlinky/LinkerScript.ld" -Wl,-Map=output.map -Wl,--gc-sections -o "DiscoBlinky.elf" @"objects.list"   -lm
Finished building target: DiscoBlinky.elf
 
make --no-print-directory post-build
Generating binary and Printing size information:
arm-none-eabi-objcopy -O binary "DiscoBlinky.elf" "DiscoBlinky.bin"
arm-none-eabi-size "DiscoBlinky.elf"
   text	   data	    bss	    dec	    hex	filename
    768	      0	   1536	   2304	    900	DiscoBlinky.elf
 
23:21:48 **** Incremental Build of configuration Debug for project DiscoBlinky ****
make all 
make: Nothing to be done for 'all'.
23:22:02 **** Incremental Build of configuration Debug for project DiscoBlinky ****
make all 
make: Nothing to be done for 'all'.
23:23:16 **** Incremental Build of configuration Debug for project DiscoBlinky ****
make all 
Building file: ../Src/myDataOps02.S
Invoking: MCU GCC Compiler
/home/lkosub/ENEE440/LaurenKosub_400F19_HW01/STM32L476_DiscoBlinky_ws_1/DiscoBlinky/Debug
arm-none-eabi-gcc -mcpu=cortex-m4 -mthumb -mfloat-abi=hard -mfpu=fpv4-sp-d16 -DSTM32L476VGTx -DSTM32L4 -DSTM32 -DDEBUG -I"/home/lkosub/ENEE440/LaurenKosub_400F19_HW01/STM32L476_DiscoBlinky_ws_1/DiscoBlinky/inc" -O0 -g3 -Wall -fmessage-length=0 -ffunction-sections -c -MMD -MP -MF"Src/myDataOps02.d" -MT"Src/myDataOps02.o" -o "Src/myDataOps02.o" "../Src/myDataOps02.S"
../Src/myDataOps02.S: Assembler messages:
../Src/myDataOps02.S:79: Error: bad expression -- `mov r0,=TIM2_CR1'
../Src/myDataOps02.S:82: Error: ARM register expected -- `ldr r1,[TIM2_CR1]'
make: *** [Src/subdir.mk:31: Src/myDataOps02.o] Error 1
23:23:20 **** Incremental Build of configuration Debug for project DiscoBlinky ****
make all 
Building file: ../Src/myDataOps02.S
Invoking: MCU GCC Compiler
/home/lkosub/ENEE440/LaurenKosub_400F19_HW01/STM32L476_DiscoBlinky_ws_1/DiscoBlinky/Debug
arm-none-eabi-gcc -mcpu=cortex-m4 -mthumb -mfloat-abi=hard -mfpu=fpv4-sp-d16 -DSTM32L476VGTx -DSTM32L4 -DSTM32 -DDEBUG -I"/home/lkosub/ENEE440/LaurenKosub_400F19_HW01/STM32L476_DiscoBlinky_ws_1/DiscoBlinky/inc" -O0 -g3 -Wall -fmessage-length=0 -ffunction-sections -c -MMD -MP -MF"Src/myDataOps02.d" -MT"Src/myDataOps02.o" -o "Src/myDataOps02.o" "../Src/myDataOps02.S"
../Src/myDataOps02.S: Assembler messages:
../Src/myDataOps02.S:79: Error: bad expression -- `mov r0,=TIM2_CR1'
../Src/myDataOps02.S:82: Error: ARM register expected -- `ldr r1,[#TIM2_CR1]'
make: *** [Src/subdir.mk:31: Src/myDataOps02.o] Error 1
23:23:26 **** Incremental Build of configuration Debug for project DiscoBlinky ****
make all 
Building file: ../Src/myDataOps02.S
Invoking: MCU GCC Compiler
/home/lkosub/ENEE440/LaurenKosub_400F19_HW01/STM32L476_DiscoBlinky_ws_1/DiscoBlinky/Debug
arm-none-eabi-gcc -mcpu=cortex-m4 -mthumb -mfloat-abi=hard -mfpu=fpv4-sp-d16 -DSTM32L476VGTx -DSTM32L4 -DSTM32 -DDEBUG -I"/home/lkosub/ENEE440/LaurenKosub_400F19_HW01/STM32L476_DiscoBlinky_ws_1/DiscoBlinky/inc" -O0 -g3 -Wall -fmessage-length=0 -ffunction-sections -c -MMD -MP -MF"Src/myDataOps02.d" -MT"Src/myDataOps02.o" -o "Src/myDataOps02.o" "../Src/myDataOps02.S"
../Src/myDataOps02.S: Assembler messages:
../Src/myDataOps02.S:82: Error: ARM register expected -- `ldr r1,[#TIM2_CR1]'
make: *** [Src/subdir.mk:31: Src/myDataOps02.o] Error 1
23:23:34 **** Incremental Build of configuration Debug for project DiscoBlinky ****
make all 
Building file: ../Src/myDataOps02.S
Invoking: MCU GCC Compiler
/home/lkosub/ENEE440/LaurenKosub_400F19_HW01/STM32L476_DiscoBlinky_ws_1/DiscoBlinky/Debug
arm-none-eabi-gcc -mcpu=cortex-m4 -mthumb -mfloat-abi=hard -mfpu=fpv4-sp-d16 -DSTM32L476VGTx -DSTM32L4 -DSTM32 -DDEBUG -I"/home/lkosub/ENEE440/LaurenKosub_400F19_HW01/STM32L476_DiscoBlinky_ws_1/DiscoBlinky/inc" -O0 -g3 -Wall -fmessage-length=0 -ffunction-sections -c -MMD -MP -MF"Src/myDataOps02.d" -MT"Src/myDataOps02.o" -o "Src/myDataOps02.o" "../Src/myDataOps02.S"
../Src/myDataOps02.S: Assembler messages:
../Src/myDataOps02.S:82: Error: ARM register expected -- `ldr r1,[#TIM2_CR1]'
make: *** [Src/subdir.mk:31: Src/myDataOps02.o] Error 1
23:24:02 **** Incremental Build of configuration Debug for project DiscoBlinky ****
make all 
Building file: ../Src/myDataOps02.S
Invoking: MCU GCC Compiler
/home/lkosub/ENEE440/LaurenKosub_400F19_HW01/STM32L476_DiscoBlinky_ws_1/DiscoBlinky/Debug
arm-none-eabi-gcc -mcpu=cortex-m4 -mthumb -mfloat-abi=hard -mfpu=fpv4-sp-d16 -DSTM32L476VGTx -DSTM32L4 -DSTM32 -DDEBUG -I"/home/lkosub/ENEE440/LaurenKosub_400F19_HW01/STM32L476_DiscoBlinky_ws_1/DiscoBlinky/inc" -O0 -g3 -Wall -fmessage-length=0 -ffunction-sections -c -MMD -MP -MF"Src/myDataOps02.d" -MT"Src/myDataOps02.o" -o "Src/myDataOps02.o" "../Src/myDataOps02.S"
Finished building: ../Src/myDataOps02.S
 
Building target: DiscoBlinky.elf
Invoking: MCU GCC Linker
arm-none-eabi-gcc -mcpu=cortex-m4 -mthumb -mfloat-abi=hard -mfpu=fpv4-sp-d16 -nostartfiles -nodefaultlibs -nostdlib -T"/home/lkosub/ENEE440/LaurenKosub_400F19_HW01/STM32L476_DiscoBlinky_ws_1/DiscoBlinky/LinkerScript.ld" -Wl,-Map=output.map -Wl,--gc-sections -o "DiscoBlinky.elf" @"objects.list"   -lm
Finished building target: DiscoBlinky.elf
 
make --no-print-directory post-build
Generating binary and Printing size information:
arm-none-eabi-objcopy -O binary "DiscoBlinky.elf" "DiscoBlinky.bin"
arm-none-eabi-size "DiscoBlinky.elf"
   text	   data	    bss	    dec	    hex	filename
    768	      0	   1536	   2304	    900	DiscoBlinky.elf
 
23:24:36 **** Incremental Build of configuration Debug for project DiscoBlinky ****
make all 
Building file: ../Src/myDataOps02.S
Invoking: MCU GCC Compiler
/home/lkosub/ENEE440/LaurenKosub_400F19_HW01/STM32L476_DiscoBlinky_ws_1/DiscoBlinky/Debug
arm-none-eabi-gcc -mcpu=cortex-m4 -mthumb -mfloat-abi=hard -mfpu=fpv4-sp-d16 -DSTM32L476VGTx -DSTM32L4 -DSTM32 -DDEBUG -I"/home/lkosub/ENEE440/LaurenKosub_400F19_HW01/STM32L476_DiscoBlinky_ws_1/DiscoBlinky/inc" -O0 -g3 -Wall -fmessage-length=0 -ffunction-sections -c -MMD -MP -MF"Src/myDataOps02.d" -MT"Src/myDataOps02.o" -o "Src/myDataOps02.o" "../Src/myDataOps02.S"
../Src/myDataOps02.S: Assembler messages:
../Src/myDataOps02.S:79: Error: offset out of range
make: *** [Src/subdir.mk:31: Src/myDataOps02.o] Error 1
23:24:44 **** Incremental Build of configuration Debug for project DiscoBlinky ****
make all 
Building file: ../Src/myDataOps02.S
Invoking: MCU GCC Compiler
/home/lkosub/ENEE440/LaurenKosub_400F19_HW01/STM32L476_DiscoBlinky_ws_1/DiscoBlinky/Debug
arm-none-eabi-gcc -mcpu=cortex-m4 -mthumb -mfloat-abi=hard -mfpu=fpv4-sp-d16 -DSTM32L476VGTx -DSTM32L4 -DSTM32 -DDEBUG -I"/home/lkosub/ENEE440/LaurenKosub_400F19_HW01/STM32L476_DiscoBlinky_ws_1/DiscoBlinky/inc" -O0 -g3 -Wall -fmessage-length=0 -ffunction-sections -c -MMD -MP -MF"Src/myDataOps02.d" -MT"Src/myDataOps02.o" -o "Src/myDataOps02.o" "../Src/myDataOps02.S"
../Src/myDataOps02.S: Assembler messages:
../Src/myDataOps02.S:79: Error: offset out of range
make: *** [Src/subdir.mk:31: Src/myDataOps02.o] Error 1
23:24:49 **** Incremental Build of configuration Debug for project DiscoBlinky ****
make all 
Building file: ../Src/myDataOps02.S
Invoking: MCU GCC Compiler
/home/lkosub/ENEE440/LaurenKosub_400F19_HW01/STM32L476_DiscoBlinky_ws_1/DiscoBlinky/Debug
arm-none-eabi-gcc -mcpu=cortex-m4 -mthumb -mfloat-abi=hard -mfpu=fpv4-sp-d16 -DSTM32L476VGTx -DSTM32L4 -DSTM32 -DDEBUG -I"/home/lkosub/ENEE440/LaurenKosub_400F19_HW01/STM32L476_DiscoBlinky_ws_1/DiscoBlinky/inc" -O0 -g3 -Wall -fmessage-length=0 -ffunction-sections -c -MMD -MP -MF"Src/myDataOps02.d" -MT"Src/myDataOps02.o" -o "Src/myDataOps02.o" "../Src/myDataOps02.S"
../Src/myDataOps02.S: Assembler messages:
../Src/myDataOps02.S:79: Error: offset out of range
make: *** [Src/subdir.mk:31: Src/myDataOps02.o] Error 1
23:24:52 **** Incremental Build of configuration Debug for project DiscoBlinky ****
make all 
Building file: ../Src/myDataOps02.S
Invoking: MCU GCC Compiler
/home/lkosub/ENEE440/LaurenKosub_400F19_HW01/STM32L476_DiscoBlinky_ws_1/DiscoBlinky/Debug
arm-none-eabi-gcc -mcpu=cortex-m4 -mthumb -mfloat-abi=hard -mfpu=fpv4-sp-d16 -DSTM32L476VGTx -DSTM32L4 -DSTM32 -DDEBUG -I"/home/lkosub/ENEE440/LaurenKosub_400F19_HW01/STM32L476_DiscoBlinky_ws_1/DiscoBlinky/inc" -O0 -g3 -Wall -fmessage-length=0 -ffunction-sections -c -MMD -MP -MF"Src/myDataOps02.d" -MT"Src/myDataOps02.o" -o "Src/myDataOps02.o" "../Src/myDataOps02.S"
Finished building: ../Src/myDataOps02.S
 
Building target: DiscoBlinky.elf
Invoking: MCU GCC Linker
arm-none-eabi-gcc -mcpu=cortex-m4 -mthumb -mfloat-abi=hard -mfpu=fpv4-sp-d16 -nostartfiles -nodefaultlibs -nostdlib -T"/home/lkosub/ENEE440/LaurenKosub_400F19_HW01/STM32L476_DiscoBlinky_ws_1/DiscoBlinky/LinkerScript.ld" -Wl,-Map=output.map -Wl,--gc-sections -o "DiscoBlinky.elf" @"objects.list"   -lm
Finished building target: DiscoBlinky.elf
 
make --no-print-directory post-build
Generating binary and Printing size information:
arm-none-eabi-objcopy -O binary "DiscoBlinky.elf" "DiscoBlinky.bin"
arm-none-eabi-size "DiscoBlinky.elf"
   text	   data	    bss	    dec	    hex	filename
    768	      0	   1536	   2304	    900	DiscoBlinky.elf
 
23:24:57 **** Incremental Build of configuration Debug for project DiscoBlinky ****
make all 
make: Nothing to be done for 'all'.
23:32:39 **** Incremental Build of configuration Debug for project DiscoBlinky ****
make all 
Building file: ../Src/myDataOps02.S
Invoking: MCU GCC Compiler
/home/lkosub/ENEE440/LaurenKosub_400F19_HW01/STM32L476_DiscoBlinky_ws_1/DiscoBlinky/Debug
arm-none-eabi-gcc -mcpu=cortex-m4 -mthumb -mfloat-abi=hard -mfpu=fpv4-sp-d16 -DSTM32L476VGTx -DSTM32L4 -DSTM32 -DDEBUG -I"/home/lkosub/ENEE440/LaurenKosub_400F19_HW01/STM32L476_DiscoBlinky_ws_1/DiscoBlinky/inc" -O0 -g3 -Wall -fmessage-length=0 -ffunction-sections -c -MMD -MP -MF"Src/myDataOps02.d" -MT"Src/myDataOps02.o" -o "Src/myDataOps02.o" "../Src/myDataOps02.S"
Finished building: ../Src/myDataOps02.S
 
Building target: DiscoBlinky.elf
Invoking: MCU GCC Linker
arm-none-eabi-gcc -mcpu=cortex-m4 -mthumb -mfloat-abi=hard -mfpu=fpv4-sp-d16 -nostartfiles -nodefaultlibs -nostdlib -T"/home/lkosub/ENEE440/LaurenKosub_400F19_HW01/STM32L476_DiscoBlinky_ws_1/DiscoBlinky/LinkerScript.ld" -Wl,-Map=output.map -Wl,--gc-sections -o "DiscoBlinky.elf" @"objects.list"   -lm
Finished building target: DiscoBlinky.elf
 
make --no-print-directory post-build
Generating binary and Printing size information:
arm-none-eabi-objcopy -O binary "DiscoBlinky.elf" "DiscoBlinky.bin"
arm-none-eabi-size "DiscoBlinky.elf"
   text	   data	    bss	    dec	    hex	filename
    768	      0	   1536	   2304	    900	DiscoBlinky.elf
 
23:32:42 **** Incremental Build of configuration Debug for project DiscoBlinky ****
make all 
make: Nothing to be done for 'all'.
23:32:53 **** Incremental Build of configuration Debug for project DiscoBlinky ****
make all 
make: Nothing to be done for 'all'.
23:51:06 **** Incremental Build of configuration Debug for project DiscoBlinky ****
make all 
Building file: ../Src/myDataOps02.S
Invoking: MCU GCC Compiler
/home/lkosub/ENEE440/LaurenKosub_400F19_HW01/STM32L476_DiscoBlinky_ws_1/DiscoBlinky/Debug
arm-none-eabi-gcc -mcpu=cortex-m4 -mthumb -mfloat-abi=hard -mfpu=fpv4-sp-d16 -DSTM32L476VGTx -DSTM32L4 -DSTM32 -DDEBUG -I"/home/lkosub/ENEE440/LaurenKosub_400F19_HW01/STM32L476_DiscoBlinky_ws_1/DiscoBlinky/inc" -O0 -g3 -Wall -fmessage-length=0 -ffunction-sections -c -MMD -MP -MF"Src/myDataOps02.d" -MT"Src/myDataOps02.o" -o "Src/myDataOps02.o" "../Src/myDataOps02.S"
Finished building: ../Src/myDataOps02.S
 
Building target: DiscoBlinky.elf
Invoking: MCU GCC Linker
arm-none-eabi-gcc -mcpu=cortex-m4 -mthumb -mfloat-abi=hard -mfpu=fpv4-sp-d16 -nostartfiles -nodefaultlibs -nostdlib -T"/home/lkosub/ENEE440/LaurenKosub_400F19_HW01/STM32L476_DiscoBlinky_ws_1/DiscoBlinky/LinkerScript.ld" -Wl,-Map=output.map -Wl,--gc-sections -o "DiscoBlinky.elf" @"objects.list"   -lm
Finished building target: DiscoBlinky.elf
 
make --no-print-directory post-build
Generating binary and Printing size information:
arm-none-eabi-objcopy -O binary "DiscoBlinky.elf" "DiscoBlinky.bin"
arm-none-eabi-size "DiscoBlinky.elf"
   text	   data	    bss	    dec	    hex	filename
    712	      0	   1536	   2248	    8c8	DiscoBlinky.elf
 
23:51:50 **** Incremental Build of configuration Debug for project DiscoBlinky ****
make all 
Building file: ../Src/myDataOps02.S
Invoking: MCU GCC Compiler
/home/lkosub/ENEE440/LaurenKosub_400F19_HW01/STM32L476_DiscoBlinky_ws_1/DiscoBlinky/Debug
arm-none-eabi-gcc -mcpu=cortex-m4 -mthumb -mfloat-abi=hard -mfpu=fpv4-sp-d16 -DSTM32L476VGTx -DSTM32L4 -DSTM32 -DDEBUG -I"/home/lkosub/ENEE440/LaurenKosub_400F19_HW01/STM32L476_DiscoBlinky_ws_1/DiscoBlinky/inc" -O0 -g3 -Wall -fmessage-length=0 -ffunction-sections -c -MMD -MP -MF"Src/myDataOps02.d" -MT"Src/myDataOps02.o" -o "Src/myDataOps02.o" "../Src/myDataOps02.S"
Finished building: ../Src/myDataOps02.S
 
Building target: DiscoBlinky.elf
Invoking: MCU GCC Linker
arm-none-eabi-gcc -mcpu=cortex-m4 -mthumb -mfloat-abi=hard -mfpu=fpv4-sp-d16 -nostartfiles -nodefaultlibs -nostdlib -T"/home/lkosub/ENEE440/LaurenKosub_400F19_HW01/STM32L476_DiscoBlinky_ws_1/DiscoBlinky/LinkerScript.ld" -Wl,-Map=output.map -Wl,--gc-sections -o "DiscoBlinky.elf" @"objects.list"   -lm
Finished building target: DiscoBlinky.elf
 
make --no-print-directory post-build
Generating binary and Printing size information:
arm-none-eabi-objcopy -O binary "DiscoBlinky.elf" "DiscoBlinky.bin"
arm-none-eabi-size "DiscoBlinky.elf"
   text	   data	    bss	    dec	    hex	filename
    712	      0	   1536	   2248	    8c8	DiscoBlinky.elf
 
23:52:04 **** Incremental Build of configuration Debug for project DiscoBlinky ****
make all 
make: Nothing to be done for 'all'.
23:52:16 **** Incremental Build of configuration Debug for project DiscoBlinky ****
make all 
make: Nothing to be done for 'all'.
23:52:26 **** Incremental Build of configuration Debug for project DiscoBlinky ****
make all 
make: Nothing to be done for 'all'.
23:52:43 **** Incremental Build of configuration Debug for project DiscoBlinky ****
make all 
make: Nothing to be done for 'all'.
23:52:54 **** Incremental Build of configuration Debug for project DiscoBlinky ****
make all 
make: Nothing to be done for 'all'.
23:53:10 **** Incremental Build of configuration Debug for project DiscoBlinky ****
make all 
make: Nothing to be done for 'all'.
23:53:14 **** Incremental Build of configuration Debug for project DiscoBlinky ****
make all 
make: Nothing to be done for 'all'.
23:54:11 **** Build of configuration Debug for project DiscoBlinky ****
make all 
make: Nothing to be done for 'all'.
23:54:53 **** Incremental Build of configuration Debug for project DiscoBlinky ****
make all 
make: Nothing to be done for 'all'.
23:55:11 **** Incremental Build of configuration Debug for project DiscoBlinky ****
make all 
make: Nothing to be done for 'all'.
01:21:55 **** Incremental Build of configuration Debug for project DiscoBlinky ****
make all 
Building file: ../Src/myDataOps02.S
Invoking: MCU GCC Compiler
/home/lkosub/ENEE440/LaurenKosub_400F19_HW01/STM32L476_DiscoBlinky_ws_1/DiscoBlinky/Debug
arm-none-eabi-gcc -mcpu=cortex-m4 -mthumb -mfloat-abi=hard -mfpu=fpv4-sp-d16 -DSTM32L476VGTx -DSTM32L4 -DSTM32 -DDEBUG -I"/home/lkosub/ENEE440/LaurenKosub_400F19_HW01/STM32L476_DiscoBlinky_ws_1/DiscoBlinky/inc" -O0 -g3 -Wall -fmessage-length=0 -ffunction-sections -c -MMD -MP -MF"Src/myDataOps02.d" -MT"Src/myDataOps02.o" -o "Src/myDataOps02.o" "../Src/myDataOps02.S"
Finished building: ../Src/myDataOps02.S
 
Building target: DiscoBlinky.elf
Invoking: MCU GCC Linker
arm-none-eabi-gcc -mcpu=cortex-m4 -mthumb -mfloat-abi=hard -mfpu=fpv4-sp-d16 -nostartfiles -nodefaultlibs -nostdlib -T"/home/lkosub/ENEE440/LaurenKosub_400F19_HW01/STM32L476_DiscoBlinky_ws_1/DiscoBlinky/LinkerScript.ld" -Wl,-Map=output.map -Wl,--gc-sections -o "DiscoBlinky.elf" @"objects.list"   -lm
Finished building target: DiscoBlinky.elf
 
make --no-print-directory post-build
Generating binary and Printing size information:
arm-none-eabi-objcopy -O binary "DiscoBlinky.elf" "DiscoBlinky.bin"
arm-none-eabi-size "DiscoBlinky.elf"
   text	   data	    bss	    dec	    hex	filename
    728	      0	   1536	   2264	    8d8	DiscoBlinky.elf
 
01:22:56 **** Incremental Build of configuration Debug for project DiscoBlinky ****
make all 
make: Nothing to be done for 'all'.
01:23:19 **** Incremental Build of configuration Debug for project DiscoBlinky ****
make all 
make: Nothing to be done for 'all'.
01:28:39 **** Incremental Build of configuration Debug for project DiscoBlinky ****
make all 
Building file: ../Src/myDataOps02.S
Invoking: MCU GCC Compiler
/home/lkosub/ENEE440/LaurenKosub_400F19_HW01/STM32L476_DiscoBlinky_ws_1/DiscoBlinky/Debug
arm-none-eabi-gcc -mcpu=cortex-m4 -mthumb -mfloat-abi=hard -mfpu=fpv4-sp-d16 -DSTM32L476VGTx -DSTM32L4 -DSTM32 -DDEBUG -I"/home/lkosub/ENEE440/LaurenKosub_400F19_HW01/STM32L476_DiscoBlinky_ws_1/DiscoBlinky/inc" -O0 -g3 -Wall -fmessage-length=0 -ffunction-sections -c -MMD -MP -MF"Src/myDataOps02.d" -MT"Src/myDataOps02.o" -o "Src/myDataOps02.o" "../Src/myDataOps02.S"
../Src/myDataOps02.S: Assembler messages:
../Src/myDataOps02.S:79: Error: offset out of range
make: *** [Src/subdir.mk:31: Src/myDataOps02.o] Error 1
01:28:46 **** Incremental Build of configuration Debug for project DiscoBlinky ****
make all 
Building file: ../Src/myDataOps02.S
Invoking: MCU GCC Compiler
/home/lkosub/ENEE440/LaurenKosub_400F19_HW01/STM32L476_DiscoBlinky_ws_1/DiscoBlinky/Debug
arm-none-eabi-gcc -mcpu=cortex-m4 -mthumb -mfloat-abi=hard -mfpu=fpv4-sp-d16 -DSTM32L476VGTx -DSTM32L4 -DSTM32 -DDEBUG -I"/home/lkosub/ENEE440/LaurenKosub_400F19_HW01/STM32L476_DiscoBlinky_ws_1/DiscoBlinky/inc" -O0 -g3 -Wall -fmessage-length=0 -ffunction-sections -c -MMD -MP -MF"Src/myDataOps02.d" -MT"Src/myDataOps02.o" -o "Src/myDataOps02.o" "../Src/myDataOps02.S"
../Src/myDataOps02.S: Assembler messages:
../Src/myDataOps02.S:79: Error: offset out of range
make: *** [Src/subdir.mk:31: Src/myDataOps02.o] Error 1
01:28:53 **** Incremental Build of configuration Debug for project DiscoBlinky ****
make all 
Building file: ../Src/myDataOps02.S
Invoking: MCU GCC Compiler
/home/lkosub/ENEE440/LaurenKosub_400F19_HW01/STM32L476_DiscoBlinky_ws_1/DiscoBlinky/Debug
arm-none-eabi-gcc -mcpu=cortex-m4 -mthumb -mfloat-abi=hard -mfpu=fpv4-sp-d16 -DSTM32L476VGTx -DSTM32L4 -DSTM32 -DDEBUG -I"/home/lkosub/ENEE440/LaurenKosub_400F19_HW01/STM32L476_DiscoBlinky_ws_1/DiscoBlinky/inc" -O0 -g3 -Wall -fmessage-length=0 -ffunction-sections -c -MMD -MP -MF"Src/myDataOps02.d" -MT"Src/myDataOps02.o" -o "Src/myDataOps02.o" "../Src/myDataOps02.S"
../Src/myDataOps02.S: Assembler messages:
../Src/myDataOps02.S:79: Error: offset out of range
make: *** [Src/subdir.mk:31: Src/myDataOps02.o] Error 1
01:29:11 **** Incremental Build of configuration Debug for project DiscoBlinky ****
make all 
Building file: ../Src/myDataOps02.S
Invoking: MCU GCC Compiler
/home/lkosub/ENEE440/LaurenKosub_400F19_HW01/STM32L476_DiscoBlinky_ws_1/DiscoBlinky/Debug
arm-none-eabi-gcc -mcpu=cortex-m4 -mthumb -mfloat-abi=hard -mfpu=fpv4-sp-d16 -DSTM32L476VGTx -DSTM32L4 -DSTM32 -DDEBUG -I"/home/lkosub/ENEE440/LaurenKosub_400F19_HW01/STM32L476_DiscoBlinky_ws_1/DiscoBlinky/inc" -O0 -g3 -Wall -fmessage-length=0 -ffunction-sections -c -MMD -MP -MF"Src/myDataOps02.d" -MT"Src/myDataOps02.o" -o "Src/myDataOps02.o" "../Src/myDataOps02.S"
../Src/myDataOps02.S: Assembler messages:
../Src/myDataOps02.S:79: Error: offset out of range
make: *** [Src/subdir.mk:31: Src/myDataOps02.o] Error 1
01:29:16 **** Incremental Build of configuration Debug for project DiscoBlinky ****
make all 
Building file: ../Src/myDataOps02.S
Invoking: MCU GCC Compiler
/home/lkosub/ENEE440/LaurenKosub_400F19_HW01/STM32L476_DiscoBlinky_ws_1/DiscoBlinky/Debug
arm-none-eabi-gcc -mcpu=cortex-m4 -mthumb -mfloat-abi=hard -mfpu=fpv4-sp-d16 -DSTM32L476VGTx -DSTM32L4 -DSTM32 -DDEBUG -I"/home/lkosub/ENEE440/LaurenKosub_400F19_HW01/STM32L476_DiscoBlinky_ws_1/DiscoBlinky/inc" -O0 -g3 -Wall -fmessage-length=0 -ffunction-sections -c -MMD -MP -MF"Src/myDataOps02.d" -MT"Src/myDataOps02.o" -o "Src/myDataOps02.o" "../Src/myDataOps02.S"
../Src/myDataOps02.S: Assembler messages:
../Src/myDataOps02.S:79: Error: offset out of range
make: *** [Src/subdir.mk:31: Src/myDataOps02.o] Error 1
01:29:39 **** Incremental Build of configuration Debug for project DiscoBlinky ****
make all 
Building file: ../Src/myDataOps02.S
Invoking: MCU GCC Compiler
/home/lkosub/ENEE440/LaurenKosub_400F19_HW01/STM32L476_DiscoBlinky_ws_1/DiscoBlinky/Debug
arm-none-eabi-gcc -mcpu=cortex-m4 -mthumb -mfloat-abi=hard -mfpu=fpv4-sp-d16 -DSTM32L476VGTx -DSTM32L4 -DSTM32 -DDEBUG -I"/home/lkosub/ENEE440/LaurenKosub_400F19_HW01/STM32L476_DiscoBlinky_ws_1/DiscoBlinky/inc" -O0 -g3 -Wall -fmessage-length=0 -ffunction-sections -c -MMD -MP -MF"Src/myDataOps02.d" -MT"Src/myDataOps02.o" -o "Src/myDataOps02.o" "../Src/myDataOps02.S"
Finished building: ../Src/myDataOps02.S
 
Building target: DiscoBlinky.elf
Invoking: MCU GCC Linker
arm-none-eabi-gcc -mcpu=cortex-m4 -mthumb -mfloat-abi=hard -mfpu=fpv4-sp-d16 -nostartfiles -nodefaultlibs -nostdlib -T"/home/lkosub/ENEE440/LaurenKosub_400F19_HW01/STM32L476_DiscoBlinky_ws_1/DiscoBlinky/LinkerScript.ld" -Wl,-Map=output.map -Wl,--gc-sections -o "DiscoBlinky.elf" @"objects.list"   -lm
Finished building target: DiscoBlinky.elf
 
make --no-print-directory post-build
Generating binary and Printing size information:
arm-none-eabi-objcopy -O binary "DiscoBlinky.elf" "DiscoBlinky.bin"
arm-none-eabi-size "DiscoBlinky.elf"
   text	   data	    bss	    dec	    hex	filename
    728	      0	   1536	   2264	    8d8	DiscoBlinky.elf
 
01:29:42 **** Incremental Build of configuration Debug for project DiscoBlinky ****
make all 
make: Nothing to be done for 'all'.
01:32:19 **** Incremental Build of configuration Debug for project DiscoBlinky ****
make all 
make: Nothing to be done for 'all'.
01:35:36 **** Incremental Build of configuration Debug for project DiscoBlinky ****
make all 
Building file: ../Src/myDataOps02.S
Invoking: MCU GCC Compiler
/home/lkosub/ENEE440/LaurenKosub_400F19_HW01/STM32L476_DiscoBlinky_ws_1/DiscoBlinky/Debug
arm-none-eabi-gcc -mcpu=cortex-m4 -mthumb -mfloat-abi=hard -mfpu=fpv4-sp-d16 -DSTM32L476VGTx -DSTM32L4 -DSTM32 -DDEBUG -I"/home/lkosub/ENEE440/LaurenKosub_400F19_HW01/STM32L476_DiscoBlinky_ws_1/DiscoBlinky/inc" -O0 -g3 -Wall -fmessage-length=0 -ffunction-sections -c -MMD -MP -MF"Src/myDataOps02.d" -MT"Src/myDataOps02.o" -o "Src/myDataOps02.o" "../Src/myDataOps02.S"
Finished building: ../Src/myDataOps02.S
 
Building target: DiscoBlinky.elf
Invoking: MCU GCC Linker
arm-none-eabi-gcc -mcpu=cortex-m4 -mthumb -mfloat-abi=hard -mfpu=fpv4-sp-d16 -nostartfiles -nodefaultlibs -nostdlib -T"/home/lkosub/ENEE440/LaurenKosub_400F19_HW01/STM32L476_DiscoBlinky_ws_1/DiscoBlinky/LinkerScript.ld" -Wl,-Map=output.map -Wl,--gc-sections -o "DiscoBlinky.elf" @"objects.list"   -lm
Finished building target: DiscoBlinky.elf
 
make --no-print-directory post-build
Generating binary and Printing size information:
arm-none-eabi-objcopy -O binary "DiscoBlinky.elf" "DiscoBlinky.bin"
arm-none-eabi-size "DiscoBlinky.elf"
   text	   data	    bss	    dec	    hex	filename
    728	      0	   1536	   2264	    8d8	DiscoBlinky.elf
 
01:35:56 **** Incremental Build of configuration Debug for project DiscoBlinky ****
make all 
make: Nothing to be done for 'all'.
01:35:58 **** Incremental Build of configuration Debug for project DiscoBlinky ****
make all 
make: Nothing to be done for 'all'.
01:37:34 **** Incremental Build of configuration Debug for project DiscoBlinky ****
make all 
make: Nothing to be done for 'all'.
01:39:28 **** Incremental Build of configuration Debug for project DiscoBlinky ****
make all 
Building file: ../Src/myDataOps02.S
Invoking: MCU GCC Compiler
/home/lkosub/ENEE440/LaurenKosub_400F19_HW01/STM32L476_DiscoBlinky_ws_1/DiscoBlinky/Debug
arm-none-eabi-gcc -mcpu=cortex-m4 -mthumb -mfloat-abi=hard -mfpu=fpv4-sp-d16 -DSTM32L476VGTx -DSTM32L4 -DSTM32 -DDEBUG -I"/home/lkosub/ENEE440/LaurenKosub_400F19_HW01/STM32L476_DiscoBlinky_ws_1/DiscoBlinky/inc" -O0 -g3 -Wall -fmessage-length=0 -ffunction-sections -c -MMD -MP -MF"Src/myDataOps02.d" -MT"Src/myDataOps02.o" -o "Src/myDataOps02.o" "../Src/myDataOps02.S"
Finished building: ../Src/myDataOps02.S
 
Building target: DiscoBlinky.elf
Invoking: MCU GCC Linker
arm-none-eabi-gcc -mcpu=cortex-m4 -mthumb -mfloat-abi=hard -mfpu=fpv4-sp-d16 -nostartfiles -nodefaultlibs -nostdlib -T"/home/lkosub/ENEE440/LaurenKosub_400F19_HW01/STM32L476_DiscoBlinky_ws_1/DiscoBlinky/LinkerScript.ld" -Wl,-Map=output.map -Wl,--gc-sections -o "DiscoBlinky.elf" @"objects.list"   -lm
Finished building target: DiscoBlinky.elf
 
make --no-print-directory post-build
Generating binary and Printing size information:
arm-none-eabi-objcopy -O binary "DiscoBlinky.elf" "DiscoBlinky.bin"
arm-none-eabi-size "DiscoBlinky.elf"
   text	   data	    bss	    dec	    hex	filename
    728	      0	   1536	   2264	    8d8	DiscoBlinky.elf
 
01:39:33 **** Incremental Build of configuration Debug for project DiscoBlinky ****
make all 
make: Nothing to be done for 'all'.
01:40:38 **** Incremental Build of configuration Debug for project DiscoBlinky ****
make all 
Building file: ../Src/main03.c
Invoking: MCU GCC Compiler
/home/lkosub/ENEE440/LaurenKosub_400F19_HW01/STM32L476_DiscoBlinky_ws_1/DiscoBlinky/Debug
arm-none-eabi-gcc -mcpu=cortex-m4 -mthumb -mfloat-abi=hard -mfpu=fpv4-sp-d16 -DSTM32L476VGTx -DSTM32L4 -DSTM32 -DDEBUG -I"/home/lkosub/ENEE440/LaurenKosub_400F19_HW01/STM32L476_DiscoBlinky_ws_1/DiscoBlinky/inc" -O0 -g3 -Wall -fmessage-length=0 -ffunction-sections -c -MMD -MP -MF"Src/main03.d" -MT"Src/main03.o" -o "Src/main03.o" "../Src/main03.c"
Finished building: ../Src/main03.c
 
Building file: ../Src/myDataOps02.S
Invoking: MCU GCC Compiler
/home/lkosub/ENEE440/LaurenKosub_400F19_HW01/STM32L476_DiscoBlinky_ws_1/DiscoBlinky/Debug
arm-none-eabi-gcc -mcpu=cortex-m4 -mthumb -mfloat-abi=hard -mfpu=fpv4-sp-d16 -DSTM32L476VGTx -DSTM32L4 -DSTM32 -DDEBUG -I"/home/lkosub/ENEE440/LaurenKosub_400F19_HW01/STM32L476_DiscoBlinky_ws_1/DiscoBlinky/inc" -O0 -g3 -Wall -fmessage-length=0 -ffunction-sections -c -MMD -MP -MF"Src/myDataOps02.d" -MT"Src/myDataOps02.o" -o "Src/myDataOps02.o" "../Src/myDataOps02.S"
Finished building: ../Src/myDataOps02.S
 
Building target: DiscoBlinky.elf
Invoking: MCU GCC Linker
arm-none-eabi-gcc -mcpu=cortex-m4 -mthumb -mfloat-abi=hard -mfpu=fpv4-sp-d16 -nostartfiles -nodefaultlibs -nostdlib -T"/home/lkosub/ENEE440/LaurenKosub_400F19_HW01/STM32L476_DiscoBlinky_ws_1/DiscoBlinky/LinkerScript.ld" -Wl,-Map=output.map -Wl,--gc-sections -o "DiscoBlinky.elf" @"objects.list"   -lm
Finished building target: DiscoBlinky.elf
 
make --no-print-directory post-build
Generating binary and Printing size information:
arm-none-eabi-objcopy -O binary "DiscoBlinky.elf" "DiscoBlinky.bin"
arm-none-eabi-size "DiscoBlinky.elf"
   text	   data	    bss	    dec	    hex	filename
    728	      0	   1536	   2264	    8d8	DiscoBlinky.elf
 
01:40:50 **** Incremental Build of configuration Debug for project DiscoBlinky ****
make all 
make: Nothing to be done for 'all'.
01:41:37 **** Incremental Build of configuration Debug for project DiscoBlinky ****
make all 
make: Nothing to be done for 'all'.
01:42:59 **** Incremental Build of configuration Debug for project DiscoBlinky ****
make all 
Building file: ../Src/myDataOps02.S
Invoking: MCU GCC Compiler
/home/lkosub/ENEE440/LaurenKosub_400F19_HW01/STM32L476_DiscoBlinky_ws_1/DiscoBlinky/Debug
arm-none-eabi-gcc -mcpu=cortex-m4 -mthumb -mfloat-abi=hard -mfpu=fpv4-sp-d16 -DSTM32L476VGTx -DSTM32L4 -DSTM32 -DDEBUG -I"/home/lkosub/ENEE440/LaurenKosub_400F19_HW01/STM32L476_DiscoBlinky_ws_1/DiscoBlinky/inc" -O0 -g3 -Wall -fmessage-length=0 -ffunction-sections -c -MMD -MP -MF"Src/myDataOps02.d" -MT"Src/myDataOps02.o" -o "Src/myDataOps02.o" "../Src/myDataOps02.S"
Finished building: ../Src/myDataOps02.S
 
Building target: DiscoBlinky.elf
Invoking: MCU GCC Linker
arm-none-eabi-gcc -mcpu=cortex-m4 -mthumb -mfloat-abi=hard -mfpu=fpv4-sp-d16 -nostartfiles -nodefaultlibs -nostdlib -T"/home/lkosub/ENEE440/LaurenKosub_400F19_HW01/STM32L476_DiscoBlinky_ws_1/DiscoBlinky/LinkerScript.ld" -Wl,-Map=output.map -Wl,--gc-sections -o "DiscoBlinky.elf" @"objects.list"   -lm
Finished building target: DiscoBlinky.elf
 
make --no-print-directory post-build
Generating binary and Printing size information:
arm-none-eabi-objcopy -O binary "DiscoBlinky.elf" "DiscoBlinky.bin"
arm-none-eabi-size "DiscoBlinky.elf"
   text	   data	    bss	    dec	    hex	filename
    728	      0	   1536	   2264	    8d8	DiscoBlinky.elf
 
01:44:03 **** Incremental Build of configuration Debug for project DiscoBlinky ****
make all 
Building file: ../Src/main03.c
Invoking: MCU GCC Compiler
/home/lkosub/ENEE440/LaurenKosub_400F19_HW01/STM32L476_DiscoBlinky_ws_1/DiscoBlinky/Debug
arm-none-eabi-gcc -mcpu=cortex-m4 -mthumb -mfloat-abi=hard -mfpu=fpv4-sp-d16 -DSTM32L476VGTx -DSTM32L4 -DSTM32 -DDEBUG -I"/home/lkosub/ENEE440/LaurenKosub_400F19_HW01/STM32L476_DiscoBlinky_ws_1/DiscoBlinky/inc" -O0 -g3 -Wall -fmessage-length=0 -ffunction-sections -c -MMD -MP -MF"Src/main03.d" -MT"Src/main03.o" -o "Src/main03.o" "../Src/main03.c"
Finished building: ../Src/main03.c
 
Building target: DiscoBlinky.elf
Invoking: MCU GCC Linker
arm-none-eabi-gcc -mcpu=cortex-m4 -mthumb -mfloat-abi=hard -mfpu=fpv4-sp-d16 -nostartfiles -nodefaultlibs -nostdlib -T"/home/lkosub/ENEE440/LaurenKosub_400F19_HW01/STM32L476_DiscoBlinky_ws_1/DiscoBlinky/LinkerScript.ld" -Wl,-Map=output.map -Wl,--gc-sections -o "DiscoBlinky.elf" @"objects.list"   -lm
Finished building target: DiscoBlinky.elf
 
make --no-print-directory post-build
Generating binary and Printing size information:
arm-none-eabi-objcopy -O binary "DiscoBlinky.elf" "DiscoBlinky.bin"
arm-none-eabi-size "DiscoBlinky.elf"
   text	   data	    bss	    dec	    hex	filename
    728	      0	   1536	   2264	    8d8	DiscoBlinky.elf
 
01:44:44 **** Incremental Build of configuration Debug for project DiscoBlinky ****
make all 
Building file: ../Src/main03.c
Invoking: MCU GCC Compiler
/home/lkosub/ENEE440/LaurenKosub_400F19_HW01/STM32L476_DiscoBlinky_ws_1/DiscoBlinky/Debug
arm-none-eabi-gcc -mcpu=cortex-m4 -mthumb -mfloat-abi=hard -mfpu=fpv4-sp-d16 -DSTM32L476VGTx -DSTM32L4 -DSTM32 -DDEBUG -I"/home/lkosub/ENEE440/LaurenKosub_400F19_HW01/STM32L476_DiscoBlinky_ws_1/DiscoBlinky/inc" -O0 -g3 -Wall -fmessage-length=0 -ffunction-sections -c -MMD -MP -MF"Src/main03.d" -MT"Src/main03.o" -o "Src/main03.o" "../Src/main03.c"
Finished building: ../Src/main03.c
 
Building target: DiscoBlinky.elf
Invoking: MCU GCC Linker
arm-none-eabi-gcc -mcpu=cortex-m4 -mthumb -mfloat-abi=hard -mfpu=fpv4-sp-d16 -nostartfiles -nodefaultlibs -nostdlib -T"/home/lkosub/ENEE440/LaurenKosub_400F19_HW01/STM32L476_DiscoBlinky_ws_1/DiscoBlinky/LinkerScript.ld" -Wl,-Map=output.map -Wl,--gc-sections -o "DiscoBlinky.elf" @"objects.list"   -lm
Finished building target: DiscoBlinky.elf
 
make --no-print-directory post-build
Generating binary and Printing size information:
arm-none-eabi-objcopy -O binary "DiscoBlinky.elf" "DiscoBlinky.bin"
arm-none-eabi-size "DiscoBlinky.elf"
   text	   data	    bss	    dec	    hex	filename
    728	      0	   1536	   2264	    8d8	DiscoBlinky.elf
 
01:45:28 **** Incremental Build of configuration Debug for project DiscoBlinky ****
make all 
Building file: ../Src/main03.c
Invoking: MCU GCC Compiler
/home/lkosub/ENEE440/LaurenKosub_400F19_HW01/STM32L476_DiscoBlinky_ws_1/DiscoBlinky/Debug
arm-none-eabi-gcc -mcpu=cortex-m4 -mthumb -mfloat-abi=hard -mfpu=fpv4-sp-d16 -DSTM32L476VGTx -DSTM32L4 -DSTM32 -DDEBUG -I"/home/lkosub/ENEE440/LaurenKosub_400F19_HW01/STM32L476_DiscoBlinky_ws_1/DiscoBlinky/inc" -O0 -g3 -Wall -fmessage-length=0 -ffunction-sections -c -MMD -MP -MF"Src/main03.d" -MT"Src/main03.o" -o "Src/main03.o" "../Src/main03.c"
Finished building: ../Src/main03.c
 
Building target: DiscoBlinky.elf
Invoking: MCU GCC Linker
arm-none-eabi-gcc -mcpu=cortex-m4 -mthumb -mfloat-abi=hard -mfpu=fpv4-sp-d16 -nostartfiles -nodefaultlibs -nostdlib -T"/home/lkosub/ENEE440/LaurenKosub_400F19_HW01/STM32L476_DiscoBlinky_ws_1/DiscoBlinky/LinkerScript.ld" -Wl,-Map=output.map -Wl,--gc-sections -o "DiscoBlinky.elf" @"objects.list"   -lm
Finished building target: DiscoBlinky.elf
 
make --no-print-directory post-build
Generating binary and Printing size information:
arm-none-eabi-objcopy -O binary "DiscoBlinky.elf" "DiscoBlinky.bin"
arm-none-eabi-size "DiscoBlinky.elf"
   text	   data	    bss	    dec	    hex	filename
    728	      0	   1536	   2264	    8d8	DiscoBlinky.elf
 
15:34:21 **** Incremental Build of configuration Debug for project DiscoBlinky ****
make all 
Building file: ../Src/myDataOps02.S
Invoking: MCU GCC Compiler
/home/lkosub/ENEE440/LaurenKosub_400F19_HW01/STM32L476_DiscoBlinky_ws_1/DiscoBlinky/Debug
arm-none-eabi-gcc -mcpu=cortex-m4 -mthumb -mfloat-abi=hard -mfpu=fpv4-sp-d16 -DSTM32L476VGTx -DSTM32L4 -DSTM32 -DDEBUG -I"/home/lkosub/ENEE440/LaurenKosub_400F19_HW01/STM32L476_DiscoBlinky_ws_1/DiscoBlinky/inc" -O0 -g3 -Wall -fmessage-length=0 -ffunction-sections -c -MMD -MP -MF"Src/myDataOps02.d" -MT"Src/myDataOps02.o" -o "Src/myDataOps02.o" "../Src/myDataOps02.S"
Finished building: ../Src/myDataOps02.S
 
Building target: DiscoBlinky.elf
Invoking: MCU GCC Linker
arm-none-eabi-gcc -mcpu=cortex-m4 -mthumb -mfloat-abi=hard -mfpu=fpv4-sp-d16 -nostartfiles -nodefaultlibs -nostdlib -T"/home/lkosub/ENEE440/LaurenKosub_400F19_HW01/STM32L476_DiscoBlinky_ws_1/DiscoBlinky/LinkerScript.ld" -Wl,-Map=output.map -Wl,--gc-sections -o "DiscoBlinky.elf" @"objects.list"   -lm
Finished building target: DiscoBlinky.elf
 
make --no-print-directory post-build
Generating binary and Printing size information:
arm-none-eabi-objcopy -O binary "DiscoBlinky.elf" "DiscoBlinky.bin"
arm-none-eabi-size "DiscoBlinky.elf"
   text	   data	    bss	    dec	    hex	filename
    744	      0	   1536	   2280	    8e8	DiscoBlinky.elf
 
15:34:23 **** Incremental Build of configuration Debug for project DiscoBlinky ****
make all 
make: Nothing to be done for 'all'.
15:34:32 **** Incremental Build of configuration Debug for project DiscoBlinky ****
make all 
make: Nothing to be done for 'all'.
15:35:07 **** Incremental Build of configuration Debug for project DiscoBlinky ****
make all 
make: Nothing to be done for 'all'.
15:35:24 **** Incremental Build of configuration Debug for project DiscoBlinky ****
make all 
make: Nothing to be done for 'all'.
15:49:44 **** Incremental Build of configuration Debug for project DiscoBlinky ****
make all 
Building file: ../Src/myDataOps02.S
Invoking: MCU GCC Compiler
/home/lkosub/ENEE440/LaurenKosub_400F19_HW01/STM32L476_DiscoBlinky_ws_1/DiscoBlinky/Debug
arm-none-eabi-gcc -mcpu=cortex-m4 -mthumb -mfloat-abi=hard -mfpu=fpv4-sp-d16 -DSTM32L476VGTx -DSTM32L4 -DSTM32 -DDEBUG -I"/home/lkosub/ENEE440/LaurenKosub_400F19_HW01/STM32L476_DiscoBlinky_ws_1/DiscoBlinky/inc" -O0 -g3 -Wall -fmessage-length=0 -ffunction-sections -c -MMD -MP -MF"Src/myDataOps02.d" -MT"Src/myDataOps02.o" -o "Src/myDataOps02.o" "../Src/myDataOps02.S"
Finished building: ../Src/myDataOps02.S
 
Building target: DiscoBlinky.elf
Invoking: MCU GCC Linker
arm-none-eabi-gcc -mcpu=cortex-m4 -mthumb -mfloat-abi=hard -mfpu=fpv4-sp-d16 -nostartfiles -nodefaultlibs -nostdlib -T"/home/lkosub/ENEE440/LaurenKosub_400F19_HW01/STM32L476_DiscoBlinky_ws_1/DiscoBlinky/LinkerScript.ld" -Wl,-Map=output.map -Wl,--gc-sections -o "DiscoBlinky.elf" @"objects.list"   -lm
Src/myDataOps02.o: In function `p':
/home/lkosub/ENEE440/LaurenKosub_400F19_HW01/STM32L476_DiscoBlinky_ws_1/DiscoBlinky/Debug/../Src/myDataOps02.S:127: undefined reference to `TIM2_CCER'
/home/lkosub/ENEE440/LaurenKosub_400F19_HW01/STM32L476_DiscoBlinky_ws_1/DiscoBlinky/Debug/../Src/myDataOps02.S:131: undefined reference to `TIM2_CNT'
collect2: error: ld returned 1 exit status
make: *** [makefile:36: DiscoBlinky.elf] Error 1
15:49:47 **** Incremental Build of configuration Debug for project DiscoBlinky ****
make all 
Building target: DiscoBlinky.elf
Invoking: MCU GCC Linker
arm-none-eabi-gcc -mcpu=cortex-m4 -mthumb -mfloat-abi=hard -mfpu=fpv4-sp-d16 -nostartfiles -nodefaultlibs -nostdlib -T"/home/lkosub/ENEE440/LaurenKosub_400F19_HW01/STM32L476_DiscoBlinky_ws_1/DiscoBlinky/LinkerScript.ld" -Wl,-Map=output.map -Wl,--gc-sections -o "DiscoBlinky.elf" @"objects.list"   -lm
Src/myDataOps02.o: In function `p':
/home/lkosub/ENEE440/LaurenKosub_400F19_HW01/STM32L476_DiscoBlinky_ws_1/DiscoBlinky/Debug/../Src/myDataOps02.S:127: undefined reference to `TIM2_CCER'
/home/lkosub/ENEE440/LaurenKosub_400F19_HW01/STM32L476_DiscoBlinky_ws_1/DiscoBlinky/Debug/../Src/myDataOps02.S:131: undefined reference to `TIM2_CNT'
collect2: error: ld returned 1 exit status
make: *** [makefile:36: DiscoBlinky.elf] Error 1
15:51:02 **** Incremental Build of configuration Debug for project DiscoBlinky ****
make all 
Building file: ../Src/myDataOps02.S
Invoking: MCU GCC Compiler
/home/lkosub/ENEE440/LaurenKosub_400F19_HW01/STM32L476_DiscoBlinky_ws_1/DiscoBlinky/Debug
arm-none-eabi-gcc -mcpu=cortex-m4 -mthumb -mfloat-abi=hard -mfpu=fpv4-sp-d16 -DSTM32L476VGTx -DSTM32L4 -DSTM32 -DDEBUG -I"/home/lkosub/ENEE440/LaurenKosub_400F19_HW01/STM32L476_DiscoBlinky_ws_1/DiscoBlinky/inc" -O0 -g3 -Wall -fmessage-length=0 -ffunction-sections -c -MMD -MP -MF"Src/myDataOps02.d" -MT"Src/myDataOps02.o" -o "Src/myDataOps02.o" "../Src/myDataOps02.S"
Finished building: ../Src/myDataOps02.S
 
Building target: DiscoBlinky.elf
Invoking: MCU GCC Linker
arm-none-eabi-gcc -mcpu=cortex-m4 -mthumb -mfloat-abi=hard -mfpu=fpv4-sp-d16 -nostartfiles -nodefaultlibs -nostdlib -T"/home/lkosub/ENEE440/LaurenKosub_400F19_HW01/STM32L476_DiscoBlinky_ws_1/DiscoBlinky/LinkerScript.ld" -Wl,-Map=output.map -Wl,--gc-sections -o "DiscoBlinky.elf" @"objects.list"   -lm
Finished building target: DiscoBlinky.elf
 
make --no-print-directory post-build
Generating binary and Printing size information:
arm-none-eabi-objcopy -O binary "DiscoBlinky.elf" "DiscoBlinky.bin"
arm-none-eabi-size "DiscoBlinky.elf"
   text	   data	    bss	    dec	    hex	filename
    752	      0	   1536	   2288	    8f0	DiscoBlinky.elf
 
15:51:17 **** Incremental Build of configuration Debug for project DiscoBlinky ****
make all 
make: Nothing to be done for 'all'.
15:52:24 **** Incremental Build of configuration Debug for project DiscoBlinky ****
make all 
Building file: ../Src/main03.c
Invoking: MCU GCC Compiler
/home/lkosub/ENEE440/LaurenKosub_400F19_HW01/STM32L476_DiscoBlinky_ws_1/DiscoBlinky/Debug
arm-none-eabi-gcc -mcpu=cortex-m4 -mthumb -mfloat-abi=hard -mfpu=fpv4-sp-d16 -DSTM32L476VGTx -DSTM32L4 -DSTM32 -DDEBUG -I"/home/lkosub/ENEE440/LaurenKosub_400F19_HW01/STM32L476_DiscoBlinky_ws_1/DiscoBlinky/inc" -O0 -g3 -Wall -fmessage-length=0 -ffunction-sections -c -MMD -MP -MF"Src/main03.d" -MT"Src/main03.o" -o "Src/main03.o" "../Src/main03.c"
Finished building: ../Src/main03.c
 
Building target: DiscoBlinky.elf
Invoking: MCU GCC Linker
arm-none-eabi-gcc -mcpu=cortex-m4 -mthumb -mfloat-abi=hard -mfpu=fpv4-sp-d16 -nostartfiles -nodefaultlibs -nostdlib -T"/home/lkosub/ENEE440/LaurenKosub_400F19_HW01/STM32L476_DiscoBlinky_ws_1/DiscoBlinky/LinkerScript.ld" -Wl,-Map=output.map -Wl,--gc-sections -o "DiscoBlinky.elf" @"objects.list"   -lm
Finished building target: DiscoBlinky.elf
 
make --no-print-directory post-build
Generating binary and Printing size information:
arm-none-eabi-objcopy -O binary "DiscoBlinky.elf" "DiscoBlinky.bin"
arm-none-eabi-size "DiscoBlinky.elf"
   text	   data	    bss	    dec	    hex	filename
    752	      0	   1536	   2288	    8f0	DiscoBlinky.elf
 
15:54:19 **** Incremental Build of configuration Debug for project DiscoBlinky ****
make all 
Building file: ../Src/myDataOps02.S
Invoking: MCU GCC Compiler
/home/lkosub/ENEE440/LaurenKosub_400F19_HW01/STM32L476_DiscoBlinky_ws_1/DiscoBlinky/Debug
arm-none-eabi-gcc -mcpu=cortex-m4 -mthumb -mfloat-abi=hard -mfpu=fpv4-sp-d16 -DSTM32L476VGTx -DSTM32L4 -DSTM32 -DDEBUG -I"/home/lkosub/ENEE440/LaurenKosub_400F19_HW01/STM32L476_DiscoBlinky_ws_1/DiscoBlinky/inc" -O0 -g3 -Wall -fmessage-length=0 -ffunction-sections -c -MMD -MP -MF"Src/myDataOps02.d" -MT"Src/myDataOps02.o" -o "Src/myDataOps02.o" "../Src/myDataOps02.S"
Finished building: ../Src/myDataOps02.S
 
Building target: DiscoBlinky.elf
Invoking: MCU GCC Linker
arm-none-eabi-gcc -mcpu=cortex-m4 -mthumb -mfloat-abi=hard -mfpu=fpv4-sp-d16 -nostartfiles -nodefaultlibs -nostdlib -T"/home/lkosub/ENEE440/LaurenKosub_400F19_HW01/STM32L476_DiscoBlinky_ws_1/DiscoBlinky/LinkerScript.ld" -Wl,-Map=output.map -Wl,--gc-sections -o "DiscoBlinky.elf" @"objects.list"   -lm
Finished building target: DiscoBlinky.elf
 
make --no-print-directory post-build
Generating binary and Printing size information:
arm-none-eabi-objcopy -O binary "DiscoBlinky.elf" "DiscoBlinky.bin"
arm-none-eabi-size "DiscoBlinky.elf"
   text	   data	    bss	    dec	    hex	filename
    744	      0	   1536	   2280	    8e8	DiscoBlinky.elf
 
15:54:42 **** Incremental Build of configuration Debug for project DiscoBlinky ****
make all 
make: Nothing to be done for 'all'.
15:58:28 **** Incremental Build of configuration Debug for project DiscoBlinky ****
make all 
Building file: ../Src/myDataOps02.S
Invoking: MCU GCC Compiler
/home/lkosub/ENEE440/LaurenKosub_400F19_HW01/STM32L476_DiscoBlinky_ws_1/DiscoBlinky/Debug
arm-none-eabi-gcc -mcpu=cortex-m4 -mthumb -mfloat-abi=hard -mfpu=fpv4-sp-d16 -DSTM32L476VGTx -DSTM32L4 -DSTM32 -DDEBUG -I"/home/lkosub/ENEE440/LaurenKosub_400F19_HW01/STM32L476_DiscoBlinky_ws_1/DiscoBlinky/inc" -O0 -g3 -Wall -fmessage-length=0 -ffunction-sections -c -MMD -MP -MF"Src/myDataOps02.d" -MT"Src/myDataOps02.o" -o "Src/myDataOps02.o" "../Src/myDataOps02.S"
Finished building: ../Src/myDataOps02.S
 
Building target: DiscoBlinky.elf
Invoking: MCU GCC Linker
arm-none-eabi-gcc -mcpu=cortex-m4 -mthumb -mfloat-abi=hard -mfpu=fpv4-sp-d16 -nostartfiles -nodefaultlibs -nostdlib -T"/home/lkosub/ENEE440/LaurenKosub_400F19_HW01/STM32L476_DiscoBlinky_ws_1/DiscoBlinky/LinkerScript.ld" -Wl,-Map=output.map -Wl,--gc-sections -o "DiscoBlinky.elf" @"objects.list"   -lm
Src/myDataOps02.o: In function `p':
/home/lkosub/ENEE440/LaurenKosub_400F19_HW01/STM32L476_DiscoBlinky_ws_1/DiscoBlinky/Debug/../Src/myDataOps02.S:131: undefined reference to `TIM_CCR1'
collect2: error: ld returned 1 exit status
make: *** [makefile:36: DiscoBlinky.elf] Error 1
15:58:50 **** Incremental Build of configuration Debug for project DiscoBlinky ****
make all 
Building file: ../Src/myDataOps02.S
Invoking: MCU GCC Compiler
/home/lkosub/ENEE440/LaurenKosub_400F19_HW01/STM32L476_DiscoBlinky_ws_1/DiscoBlinky/Debug
arm-none-eabi-gcc -mcpu=cortex-m4 -mthumb -mfloat-abi=hard -mfpu=fpv4-sp-d16 -DSTM32L476VGTx -DSTM32L4 -DSTM32 -DDEBUG -I"/home/lkosub/ENEE440/LaurenKosub_400F19_HW01/STM32L476_DiscoBlinky_ws_1/DiscoBlinky/inc" -O0 -g3 -Wall -fmessage-length=0 -ffunction-sections -c -MMD -MP -MF"Src/myDataOps02.d" -MT"Src/myDataOps02.o" -o "Src/myDataOps02.o" "../Src/myDataOps02.S"
Finished building: ../Src/myDataOps02.S
 
Building target: DiscoBlinky.elf
Invoking: MCU GCC Linker
arm-none-eabi-gcc -mcpu=cortex-m4 -mthumb -mfloat-abi=hard -mfpu=fpv4-sp-d16 -nostartfiles -nodefaultlibs -nostdlib -T"/home/lkosub/ENEE440/LaurenKosub_400F19_HW01/STM32L476_DiscoBlinky_ws_1/DiscoBlinky/LinkerScript.ld" -Wl,-Map=output.map -Wl,--gc-sections -o "DiscoBlinky.elf" @"objects.list"   -lm
Src/myDataOps02.o: In function `p':
/home/lkosub/ENEE440/LaurenKosub_400F19_HW01/STM32L476_DiscoBlinky_ws_1/DiscoBlinky/Debug/../Src/myDataOps02.S:132: undefined reference to `TIM_CCR1'
collect2: error: ld returned 1 exit status
make: *** [makefile:36: DiscoBlinky.elf] Error 1
16:10:07 **** Incremental Build of configuration Debug for project DiscoBlinky ****
make all 
Building target: DiscoBlinky.elf
Invoking: MCU GCC Linker
arm-none-eabi-gcc -mcpu=cortex-m4 -mthumb -mfloat-abi=hard -mfpu=fpv4-sp-d16 -nostartfiles -nodefaultlibs -nostdlib -T"/home/lkosub/ENEE440/LaurenKosub_400F19_HW01/STM32L476_DiscoBlinky_ws_1/DiscoBlinky/LinkerScript.ld" -Wl,-Map=output.map -Wl,--gc-sections -o "DiscoBlinky.elf" @"objects.list"   -lm
Src/myDataOps02.o: In function `p':
/home/lkosub/ENEE440/LaurenKosub_400F19_HW01/STM32L476_DiscoBlinky_ws_1/DiscoBlinky/Debug/../Src/myDataOps02.S:132: undefined reference to `TIM_CCR1'
collect2: error: ld returned 1 exit status
make: *** [makefile:36: DiscoBlinky.elf] Error 1
16:10:10 **** Incremental Build of configuration Debug for project DiscoBlinky ****
make all 
Building target: DiscoBlinky.elf
Invoking: MCU GCC Linker
arm-none-eabi-gcc -mcpu=cortex-m4 -mthumb -mfloat-abi=hard -mfpu=fpv4-sp-d16 -nostartfiles -nodefaultlibs -nostdlib -T"/home/lkosub/ENEE440/LaurenKosub_400F19_HW01/STM32L476_DiscoBlinky_ws_1/DiscoBlinky/LinkerScript.ld" -Wl,-Map=output.map -Wl,--gc-sections -o "DiscoBlinky.elf" @"objects.list"   -lm
Src/myDataOps02.o: In function `p':
/home/lkosub/ENEE440/LaurenKosub_400F19_HW01/STM32L476_DiscoBlinky_ws_1/DiscoBlinky/Debug/../Src/myDataOps02.S:132: undefined reference to `TIM_CCR1'
collect2: error: ld returned 1 exit status
make: *** [makefile:36: DiscoBlinky.elf] Error 1
16:10:30 **** Incremental Build of configuration Debug for project DiscoBlinky ****
make all 
Building file: ../Src/myDataOps02.S
Invoking: MCU GCC Compiler
/home/lkosub/ENEE440/LaurenKosub_400F19_HW01/STM32L476_DiscoBlinky_ws_1/DiscoBlinky/Debug
arm-none-eabi-gcc -mcpu=cortex-m4 -mthumb -mfloat-abi=hard -mfpu=fpv4-sp-d16 -DSTM32L476VGTx -DSTM32L4 -DSTM32 -DDEBUG -I"/home/lkosub/ENEE440/LaurenKosub_400F19_HW01/STM32L476_DiscoBlinky_ws_1/DiscoBlinky/inc" -O0 -g3 -Wall -fmessage-length=0 -ffunction-sections -c -MMD -MP -MF"Src/myDataOps02.d" -MT"Src/myDataOps02.o" -o "Src/myDataOps02.o" "../Src/myDataOps02.S"
Finished building: ../Src/myDataOps02.S
 
Building target: DiscoBlinky.elf
Invoking: MCU GCC Linker
arm-none-eabi-gcc -mcpu=cortex-m4 -mthumb -mfloat-abi=hard -mfpu=fpv4-sp-d16 -nostartfiles -nodefaultlibs -nostdlib -T"/home/lkosub/ENEE440/LaurenKosub_400F19_HW01/STM32L476_DiscoBlinky_ws_1/DiscoBlinky/LinkerScript.ld" -Wl,-Map=output.map -Wl,--gc-sections -o "DiscoBlinky.elf" @"objects.list"   -lm
Finished building target: DiscoBlinky.elf
 
make --no-print-directory post-build
Generating binary and Printing size information:
arm-none-eabi-objcopy -O binary "DiscoBlinky.elf" "DiscoBlinky.bin"
arm-none-eabi-size "DiscoBlinky.elf"
   text	   data	    bss	    dec	    hex	filename
    752	      0	   1536	   2288	    8f0	DiscoBlinky.elf
 
16:10:36 **** Incremental Build of configuration Debug for project DiscoBlinky ****
make all 
make: Nothing to be done for 'all'.
16:11:35 **** Incremental Build of configuration Debug for project DiscoBlinky ****
make all 
make: Nothing to be done for 'all'.
16:12:27 **** Incremental Build of configuration Debug for project DiscoBlinky ****
make all 
make: Nothing to be done for 'all'.
16:14:47 **** Incremental Build of configuration Debug for project DiscoBlinky ****
make all 
Building file: ../Src/myDataOps02.S
Invoking: MCU GCC Compiler
/home/lkosub/ENEE440/LaurenKosub_400F19_HW01/STM32L476_DiscoBlinky_ws_1/DiscoBlinky/Debug
arm-none-eabi-gcc -mcpu=cortex-m4 -mthumb -mfloat-abi=hard -mfpu=fpv4-sp-d16 -DSTM32L476VGTx -DSTM32L4 -DSTM32 -DDEBUG -I"/home/lkosub/ENEE440/LaurenKosub_400F19_HW01/STM32L476_DiscoBlinky_ws_1/DiscoBlinky/inc" -O0 -g3 -Wall -fmessage-length=0 -ffunction-sections -c -MMD -MP -MF"Src/myDataOps02.d" -MT"Src/myDataOps02.o" -o "Src/myDataOps02.o" "../Src/myDataOps02.S"
Finished building: ../Src/myDataOps02.S
 
Building target: DiscoBlinky.elf
Invoking: MCU GCC Linker
arm-none-eabi-gcc -mcpu=cortex-m4 -mthumb -mfloat-abi=hard -mfpu=fpv4-sp-d16 -nostartfiles -nodefaultlibs -nostdlib -T"/home/lkosub/ENEE440/LaurenKosub_400F19_HW01/STM32L476_DiscoBlinky_ws_1/DiscoBlinky/LinkerScript.ld" -Wl,-Map=output.map -Wl,--gc-sections -o "DiscoBlinky.elf" @"objects.list"   -lm
Finished building target: DiscoBlinky.elf
 
make --no-print-directory post-build
Generating binary and Printing size information:
arm-none-eabi-objcopy -O binary "DiscoBlinky.elf" "DiscoBlinky.bin"
arm-none-eabi-size "DiscoBlinky.elf"
   text	   data	    bss	    dec	    hex	filename
    752	      0	   1536	   2288	    8f0	DiscoBlinky.elf
 
16:14:49 **** Incremental Build of configuration Debug for project DiscoBlinky ****
make all 
make: Nothing to be done for 'all'.
16:17:48 **** Incremental Build of configuration Debug for project DiscoBlinky ****
make all 
Building file: ../Src/myDataOps02.S
Invoking: MCU GCC Compiler
/home/lkosub/ENEE440/LaurenKosub_400F19_HW01/STM32L476_DiscoBlinky_ws_1/DiscoBlinky/Debug
arm-none-eabi-gcc -mcpu=cortex-m4 -mthumb -mfloat-abi=hard -mfpu=fpv4-sp-d16 -DSTM32L476VGTx -DSTM32L4 -DSTM32 -DDEBUG -I"/home/lkosub/ENEE440/LaurenKosub_400F19_HW01/STM32L476_DiscoBlinky_ws_1/DiscoBlinky/inc" -O0 -g3 -Wall -fmessage-length=0 -ffunction-sections -c -MMD -MP -MF"Src/myDataOps02.d" -MT"Src/myDataOps02.o" -o "Src/myDataOps02.o" "../Src/myDataOps02.S"
Finished building: ../Src/myDataOps02.S
 
Building target: DiscoBlinky.elf
Invoking: MCU GCC Linker
arm-none-eabi-gcc -mcpu=cortex-m4 -mthumb -mfloat-abi=hard -mfpu=fpv4-sp-d16 -nostartfiles -nodefaultlibs -nostdlib -T"/home/lkosub/ENEE440/LaurenKosub_400F19_HW01/STM32L476_DiscoBlinky_ws_1/DiscoBlinky/LinkerScript.ld" -Wl,-Map=output.map -Wl,--gc-sections -o "DiscoBlinky.elf" @"objects.list"   -lm
Finished building target: DiscoBlinky.elf
 
make --no-print-directory post-build
Generating binary and Printing size information:
arm-none-eabi-objcopy -O binary "DiscoBlinky.elf" "DiscoBlinky.bin"
arm-none-eabi-size "DiscoBlinky.elf"
   text	   data	    bss	    dec	    hex	filename
    744	      0	   1536	   2280	    8e8	DiscoBlinky.elf
 
16:20:15 **** Incremental Build of configuration Debug for project DiscoBlinky ****
make all 
make: Nothing to be done for 'all'.
16:20:21 **** Clean-only build of configuration Debug for project DiscoBlinky ****
make clean 
rm -rf *
 
16:21:39 **** Clean-only build of configuration Debug for project DiscoBlinky ****
make clean 
make: *** No rule to make target 'clean'.  Stop.
16:21:58 **** Build of configuration Debug for project DiscoBlinky ****
make all 
Building file: ../startup/startup_stm32l476xx.S
Invoking: MCU GCC Compiler
/home/lkosub/ENEE440/LaurenKosub_400F19_HW01/STM32L476_DiscoBlinky_ws_1/DiscoBlinky/Debug
arm-none-eabi-gcc -mcpu=cortex-m4 -mthumb -mfloat-abi=hard -mfpu=fpv4-sp-d16 -DSTM32L476VGTx -DSTM32L4 -DSTM32 -DDEBUG -I"/home/lkosub/ENEE440/LaurenKosub_400F19_HW01/STM32L476_DiscoBlinky_ws_1/DiscoBlinky/inc" -O0 -g3 -Wall -fmessage-length=0 -ffunction-sections -c -MMD -MP -MF"startup/startup_stm32l476xx.d" -MT"startup/startup_stm32l476xx.o" -o "startup/startup_stm32l476xx.o" "../startup/startup_stm32l476xx.S"
Finished building: ../startup/startup_stm32l476xx.S
 
Building file: ../Src/GreenLED.S
Invoking: MCU GCC Compiler
/home/lkosub/ENEE440/LaurenKosub_400F19_HW01/STM32L476_DiscoBlinky_ws_1/DiscoBlinky/Debug
arm-none-eabi-gcc -mcpu=cortex-m4 -mthumb -mfloat-abi=hard -mfpu=fpv4-sp-d16 -DSTM32L476VGTx -DSTM32L4 -DSTM32 -DDEBUG -I"/home/lkosub/ENEE440/LaurenKosub_400F19_HW01/STM32L476_DiscoBlinky_ws_1/DiscoBlinky/inc" -O0 -g3 -Wall -fmessage-length=0 -ffunction-sections -c -MMD -MP -MF"Src/GreenLED.d" -MT"Src/GreenLED.o" -o "Src/GreenLED.o" "../Src/GreenLED.S"
Finished building: ../Src/GreenLED.S
 
Building file: ../Src/main03.c
Invoking: MCU GCC Compiler
/home/lkosub/ENEE440/LaurenKosub_400F19_HW01/STM32L476_DiscoBlinky_ws_1/DiscoBlinky/Debug
arm-none-eabi-gcc -mcpu=cortex-m4 -mthumb -mfloat-abi=hard -mfpu=fpv4-sp-d16 -DSTM32L476VGTx -DSTM32L4 -DSTM32 -DDEBUG -I"/home/lkosub/ENEE440/LaurenKosub_400F19_HW01/STM32L476_DiscoBlinky_ws_1/DiscoBlinky/inc" -O0 -g3 -Wall -fmessage-length=0 -ffunction-sections -c -MMD -MP -MF"Src/main03.d" -MT"Src/main03.o" -o "Src/main03.o" "../Src/main03.c"
Finished building: ../Src/main03.c
 
Building file: ../Src/myDataOps02.S
Invoking: MCU GCC Compiler
/home/lkosub/ENEE440/LaurenKosub_400F19_HW01/STM32L476_DiscoBlinky_ws_1/DiscoBlinky/Debug
arm-none-eabi-gcc -mcpu=cortex-m4 -mthumb -mfloat-abi=hard -mfpu=fpv4-sp-d16 -DSTM32L476VGTx -DSTM32L4 -DSTM32 -DDEBUG -I"/home/lkosub/ENEE440/LaurenKosub_400F19_HW01/STM32L476_DiscoBlinky_ws_1/DiscoBlinky/inc" -O0 -g3 -Wall -fmessage-length=0 -ffunction-sections -c -MMD -MP -MF"Src/myDataOps02.d" -MT"Src/myDataOps02.o" -o "Src/myDataOps02.o" "../Src/myDataOps02.S"
Finished building: ../Src/myDataOps02.S
 
Building target: DiscoBlinky.elf
Invoking: MCU GCC Linker
arm-none-eabi-gcc -mcpu=cortex-m4 -mthumb -mfloat-abi=hard -mfpu=fpv4-sp-d16 -nostartfiles -nodefaultlibs -nostdlib -T"/home/lkosub/ENEE440/LaurenKosub_400F19_HW01/STM32L476_DiscoBlinky_ws_1/DiscoBlinky/LinkerScript.ld" -Wl,-Map=output.map -Wl,--gc-sections -o "DiscoBlinky.elf" @"objects.list"   -lm
Finished building target: DiscoBlinky.elf
 
make --no-print-directory post-build
Generating binary and Printing size information:
arm-none-eabi-objcopy -O binary "DiscoBlinky.elf" "DiscoBlinky.bin"
arm-none-eabi-size "DiscoBlinky.elf"
   text	   data	    bss	    dec	    hex	filename
    744	      0	   1536	   2280	    8e8	DiscoBlinky.elf
 
16:25:05 **** Incremental Build of configuration Debug for project DiscoBlinky ****
make all 
make: Nothing to be done for 'all'.
16:25:11 **** Clean-only build of configuration Debug for project DiscoBlinky ****
make clean 
rm -rf *
 
16:25:15 **** Build of configuration Debug for project DiscoBlinky ****
make all 
Building file: ../startup/startup_stm32l476xx.S
Invoking: MCU GCC Compiler
/home/lkosub/ENEE440/LaurenKosub_400F19_HW06/Problem1/DiscoBlinky/Debug
arm-none-eabi-gcc -mcpu=cortex-m4 -mthumb -mfloat-abi=hard -mfpu=fpv4-sp-d16 -DSTM32L476VGTx -DSTM32L4 -DSTM32 -DDEBUG -I"/home/lkosub/ENEE440/LaurenKosub_400F19_HW01/STM32L476_DiscoBlinky_ws_1/DiscoBlinky/inc" -O0 -g3 -Wall -fmessage-length=0 -ffunction-sections -c -MMD -MP -MF"startup/startup_stm32l476xx.d" -MT"startup/startup_stm32l476xx.o" -o "startup/startup_stm32l476xx.o" "../startup/startup_stm32l476xx.S"
Finished building: ../startup/startup_stm32l476xx.S
 
Building file: ../Src/GreenLED.S
Invoking: MCU GCC Compiler
/home/lkosub/ENEE440/LaurenKosub_400F19_HW06/Problem1/DiscoBlinky/Debug
arm-none-eabi-gcc -mcpu=cortex-m4 -mthumb -mfloat-abi=hard -mfpu=fpv4-sp-d16 -DSTM32L476VGTx -DSTM32L4 -DSTM32 -DDEBUG -I"/home/lkosub/ENEE440/LaurenKosub_400F19_HW01/STM32L476_DiscoBlinky_ws_1/DiscoBlinky/inc" -O0 -g3 -Wall -fmessage-length=0 -ffunction-sections -c -MMD -MP -MF"Src/GreenLED.d" -MT"Src/GreenLED.o" -o "Src/GreenLED.o" "../Src/GreenLED.S"
Finished building: ../Src/GreenLED.S
 
Building file: ../Src/main03.c
Invoking: MCU GCC Compiler
/home/lkosub/ENEE440/LaurenKosub_400F19_HW06/Problem1/DiscoBlinky/Debug
arm-none-eabi-gcc -mcpu=cortex-m4 -mthumb -mfloat-abi=hard -mfpu=fpv4-sp-d16 -DSTM32L476VGTx -DSTM32L4 -DSTM32 -DDEBUG -I"/home/lkosub/ENEE440/LaurenKosub_400F19_HW01/STM32L476_DiscoBlinky_ws_1/DiscoBlinky/inc" -O0 -g3 -Wall -fmessage-length=0 -ffunction-sections -c -MMD -MP -MF"Src/main03.d" -MT"Src/main03.o" -o "Src/main03.o" "../Src/main03.c"
Finished building: ../Src/main03.c
 
Building file: ../Src/myDataOps02.S
Invoking: MCU GCC Compiler
/home/lkosub/ENEE440/LaurenKosub_400F19_HW06/Problem1/DiscoBlinky/Debug
arm-none-eabi-gcc -mcpu=cortex-m4 -mthumb -mfloat-abi=hard -mfpu=fpv4-sp-d16 -DSTM32L476VGTx -DSTM32L4 -DSTM32 -DDEBUG -I"/home/lkosub/ENEE440/LaurenKosub_400F19_HW01/STM32L476_DiscoBlinky_ws_1/DiscoBlinky/inc" -O0 -g3 -Wall -fmessage-length=0 -ffunction-sections -c -MMD -MP -MF"Src/myDataOps02.d" -MT"Src/myDataOps02.o" -o "Src/myDataOps02.o" "../Src/myDataOps02.S"
Finished building: ../Src/myDataOps02.S
 
Building target: DiscoBlinky.elf
Invoking: MCU GCC Linker
arm-none-eabi-gcc -mcpu=cortex-m4 -mthumb -mfloat-abi=hard -mfpu=fpv4-sp-d16 -nostartfiles -nodefaultlibs -nostdlib -T"/home/lkosub/ENEE440/LaurenKosub_400F19_HW01/STM32L476_DiscoBlinky_ws_1/DiscoBlinky/LinkerScript.ld" -Wl,-Map=output.map -Wl,--gc-sections -o "DiscoBlinky.elf" @"objects.list"   -lm
Finished building target: DiscoBlinky.elf
 
make --no-print-directory post-build
Generating binary and Printing size information:
arm-none-eabi-objcopy -O binary "DiscoBlinky.elf" "DiscoBlinky.bin"
arm-none-eabi-size "DiscoBlinky.elf"
   text	   data	    bss	    dec	    hex	filename
    744	      0	   1536	   2280	    8e8	DiscoBlinky.elf
 
16:30:07 **** Build of configuration Debug for project DiscoBlinky ****
make all 
Building file: ../startup/startup_stm32l476xx.S
Invoking: MCU GCC Compiler
/home/lkosub/ENEE440/LaurenKosub_400F19_HW06/Problem1/DiscoBlinky/Debug
arm-none-eabi-gcc -mcpu=cortex-m4 -mthumb -mfloat-abi=hard -mfpu=fpv4-sp-d16 -DSTM32L476VGTx -DSTM32L4 -DSTM32 -DDEBUG -I"/home/lkosub/ENEE440/LaurenKosub_400F19_HW06/Problem1/DiscoBlinky/inc" -O0 -g3 -Wall -fmessage-length=0 -ffunction-sections -c -MMD -MP -MF"startup/startup_stm32l476xx.d" -MT"startup/startup_stm32l476xx.o" -o "startup/startup_stm32l476xx.o" "../startup/startup_stm32l476xx.S"
Finished building: ../startup/startup_stm32l476xx.S
 
Building file: ../Src/GreenLED.S
Invoking: MCU GCC Compiler
/home/lkosub/ENEE440/LaurenKosub_400F19_HW06/Problem1/DiscoBlinky/Debug
arm-none-eabi-gcc -mcpu=cortex-m4 -mthumb -mfloat-abi=hard -mfpu=fpv4-sp-d16 -DSTM32L476VGTx -DSTM32L4 -DSTM32 -DDEBUG -I"/home/lkosub/ENEE440/LaurenKosub_400F19_HW06/Problem1/DiscoBlinky/inc" -O0 -g3 -Wall -fmessage-length=0 -ffunction-sections -c -MMD -MP -MF"Src/GreenLED.d" -MT"Src/GreenLED.o" -o "Src/GreenLED.o" "../Src/GreenLED.S"
Finished building: ../Src/GreenLED.S
 
Building file: ../Src/main03.c
Invoking: MCU GCC Compiler
/home/lkosub/ENEE440/LaurenKosub_400F19_HW06/Problem1/DiscoBlinky/Debug
arm-none-eabi-gcc -mcpu=cortex-m4 -mthumb -mfloat-abi=hard -mfpu=fpv4-sp-d16 -DSTM32L476VGTx -DSTM32L4 -DSTM32 -DDEBUG -I"/home/lkosub/ENEE440/LaurenKosub_400F19_HW06/Problem1/DiscoBlinky/inc" -O0 -g3 -Wall -fmessage-length=0 -ffunction-sections -c -MMD -MP -MF"Src/main03.d" -MT"Src/main03.o" -o "Src/main03.o" "../Src/main03.c"
../Src/main03.c: In function 'main':
../Src/main03.c:29:41: warning: variable 'r8' set but not used [-Wunused-but-set-variable]
  uint32_t r0, r1, r2, r3, r4, r5, r6,r7,r8;
                                         ^~
../Src/main03.c:29:38: warning: variable 'r7' set but not used [-Wunused-but-set-variable]
  uint32_t r0, r1, r2, r3, r4, r5, r6,r7,r8;
                                      ^~
../Src/main03.c:29:35: warning: variable 'r6' set but not used [-Wunused-but-set-variable]
  uint32_t r0, r1, r2, r3, r4, r5, r6,r7,r8;
                                   ^~
../Src/main03.c:29:31: warning: variable 'r5' set but not used [-Wunused-but-set-variable]
  uint32_t r0, r1, r2, r3, r4, r5, r6,r7,r8;
                               ^~
../Src/main03.c:29:27: warning: variable 'r4' set but not used [-Wunused-but-set-variable]
  uint32_t r0, r1, r2, r3, r4, r5, r6,r7,r8;
                           ^~
../Src/main03.c:29:23: warning: variable 'r3' set but not used [-Wunused-but-set-variable]
  uint32_t r0, r1, r2, r3, r4, r5, r6,r7,r8;
Finished building: ../Src/main03.c
                       ^~
../Src/main03.c:29:19: warning: variable 'r2' set but not used [-Wunused-but-set-variable]
  uint32_t r0, r1, r2, r3, r4, r5, r6,r7,r8;
                   ^~
../Src/main03.c:29:15: warning: variable 'r1' set but not used [-Wunused-but-set-variable]
  uint32_t r0, r1, r2, r3, r4, r5, r6,r7,r8;
               ^~
../Src/main03.c:29:11: warning: variable 'r0' set but not used [-Wunused-but-set-variable]
  uint32_t r0, r1, r2, r3, r4, r5, r6,r7,r8;
           ^~
 
Building file: ../Src/myDataOps02.S
Invoking: MCU GCC Compiler
/home/lkosub/ENEE440/LaurenKosub_400F19_HW06/Problem1/DiscoBlinky/Debug
arm-none-eabi-gcc -mcpu=cortex-m4 -mthumb -mfloat-abi=hard -mfpu=fpv4-sp-d16 -DSTM32L476VGTx -DSTM32L4 -DSTM32 -DDEBUG -I"/home/lkosub/ENEE440/LaurenKosub_400F19_HW06/Problem1/DiscoBlinky/inc" -O0 -g3 -Wall -fmessage-length=0 -ffunction-sections -c -MMD -MP -MF"Src/myDataOps02.d" -MT"Src/myDataOps02.o" -o "Src/myDataOps02.o" "../Src/myDataOps02.S"
Finished building: ../Src/myDataOps02.S
 
Building target: DiscoBlinky.elf
Invoking: MCU GCC Linker
arm-none-eabi-gcc -mcpu=cortex-m4 -mthumb -mfloat-abi=hard -mfpu=fpv4-sp-d16 -nostartfiles -nodefaultlibs -nostdlib -T"/home/lkosub/ENEE440/LaurenKosub_400F19_HW06/Problem1/DiscoBlinky/LinkerScript.ld" -Wl,-Map=output.map -Wl,--gc-sections -o "DiscoBlinky.elf" @"objects.list"   -lm
Src/main03.o: In function `main':
/home/lkosub/ENEE440/LaurenKosub_400F19_HW06/Problem1/DiscoBlinky/Debug/../Src/main03.c:31: undefined reference to `loadCONSTANT_00'
/home/lkosub/ENEE440/LaurenKosub_400F19_HW06/Problem1/DiscoBlinky/Debug/../Src/main03.c:32: undefined reference to `loadCONSTANT_01'
/home/lkosub/ENEE440/LaurenKosub_400F19_HW06/Problem1/DiscoBlinky/Debug/../Src/main03.c:33: undefined reference to `loadCONSTANT_02'
/home/lkosub/ENEE440/LaurenKosub_400F19_HW06/Problem1/DiscoBlinky/Debug/../Src/main03.c:34: undefined reference to `loadCONSTANT_03'
/home/lkosub/ENEE440/LaurenKosub_400F19_HW06/Problem1/DiscoBlinky/Debug/../Src/main03.c:35: undefined reference to `loadCONSTANT_04'
/home/lkosub/ENEE440/LaurenKosub_400F19_HW06/Problem1/DiscoBlinky/Debug/../Src/main03.c:36: undefined reference to `loadCONSTANT_05'
/home/lkosub/ENEE440/LaurenKosub_400F19_HW06/Problem1/DiscoBlinky/Debug/../Src/main03.c:37: undefined reference to `loadCONSTANT_06'
/home/lkosub/ENEE440/LaurenKosub_400F19_HW06/Problem1/DiscoBlinky/Debug/../Src/main03.c:38: undefined reference to `loadCONSTANT_07'
/home/lkosub/ENEE440/LaurenKosub_400F19_HW06/Problem1/DiscoBlinky/Debug/../Src/main03.c:39: undefined reference to `loadCONSTANT_08'
collect2: error: ld returned 1 exit status
make: *** [makefile:36: DiscoBlinky.elf] Error 1
16:31:05 **** Incremental Build of configuration Debug for project DiscoBlinky ****
make all 
Building file: ../Src/main03.c
Invoking: MCU GCC Compiler
/home/lkosub/ENEE440/LaurenKosub_400F19_HW06/Problem1/DiscoBlinky/Debug
arm-none-eabi-gcc -mcpu=cortex-m4 -mthumb -mfloat-abi=hard -mfpu=fpv4-sp-d16 -DSTM32L476VGTx -DSTM32L4 -DSTM32 -DDEBUG -I"/home/lkosub/ENEE440/LaurenKosub_400F19_HW06/Problem1/DiscoBlinky/inc" -O0 -g3 -Wall -fmessage-length=0 -ffunction-sections -c -MMD -MP -MF"Src/main03.d" -MT"Src/main03.o" -o "Src/main03.o" "../Src/main03.c"
Finished building: ../Src/main03.c
 
Building target: DiscoBlinky.elf
Invoking: MCU GCC Linker
arm-none-eabi-gcc -mcpu=cortex-m4 -mthumb -mfloat-abi=hard -mfpu=fpv4-sp-d16 -nostartfiles -nodefaultlibs -nostdlib -T"/home/lkosub/ENEE440/LaurenKosub_400F19_HW06/Problem1/DiscoBlinky/LinkerScript.ld" -Wl,-Map=output.map -Wl,--gc-sections -o "DiscoBlinky.elf" @"objects.list"   -lm
Finished building target: DiscoBlinky.elf
 
make --no-print-directory post-build
Generating binary and Printing size information:
arm-none-eabi-objcopy -O binary "DiscoBlinky.elf" "DiscoBlinky.bin"
arm-none-eabi-size "DiscoBlinky.elf"
   text	   data	    bss	    dec	    hex	filename
    744	      0	   1536	   2280	    8e8	DiscoBlinky.elf
 
16:31:09 **** Incremental Build of configuration Debug for project DiscoBlinky ****
make all 
make: Nothing to be done for 'all'.
