
Allocating common symbols
Common symbol       size              file

serchar             0x4               Src/main09.o
TIM2_ticks          0x4               Src/main09.o

Discarded input sections

 .data          0x0000000000000000        0x0 Src/LL_device/igrnore_this_stm32L476xx_HCLK48MHz_01.o
 .bss           0x0000000000000000        0x0 Src/LL_device/igrnore_this_stm32L476xx_HCLK48MHz_01.o
 .data          0x0000000000000000        0x0 Src/LL_device/obfuscated_stm32fL476xx_TIM2_demo05.o
 .bss           0x0000000000000000        0x0 Src/LL_device/obfuscated_stm32fL476xx_TIM2_demo05.o
 .text          0x0000000000000000       0x78 Src/LL_device/stm32L476Disco_GreenLED.o
 .data          0x0000000000000000        0x0 Src/LL_device/stm32L476Disco_GreenLED.o
 .bss           0x0000000000000000        0x0 Src/LL_device/stm32L476Disco_GreenLED.o
 .debug_line    0x0000000000000000       0x7e Src/LL_device/stm32L476Disco_GreenLED.o
 .debug_info    0x0000000000000000       0x26 Src/LL_device/stm32L476Disco_GreenLED.o
 .debug_abbrev  0x0000000000000000       0x14 Src/LL_device/stm32L476Disco_GreenLED.o
 .debug_aranges
                0x0000000000000000       0x20 Src/LL_device/stm32L476Disco_GreenLED.o
 .debug_str     0x0000000000000000       0xab Src/LL_device/stm32L476Disco_GreenLED.o
 .ARM.attributes
                0x0000000000000000       0x25 Src/LL_device/stm32L476Disco_GreenLED.o
 .data          0x0000000000000000        0x0 Src/LL_device/stm32L476Disco_RedLED.o
 .bss           0x0000000000000000        0x0 Src/LL_device/stm32L476Disco_RedLED.o
 .text          0x0000000000000000      0x110 Src/MoT_system/MoT_CmdHandler16.o
 .data          0x0000000000000000        0x0 Src/MoT_system/MoT_CmdHandler16.o
 .bss           0x0000000000000000        0x0 Src/MoT_system/MoT_CmdHandler16.o
 .debug_line    0x0000000000000000       0xb0 Src/MoT_system/MoT_CmdHandler16.o
 .debug_info    0x0000000000000000       0x26 Src/MoT_system/MoT_CmdHandler16.o
 .debug_abbrev  0x0000000000000000       0x14 Src/MoT_system/MoT_CmdHandler16.o
 .debug_aranges
                0x0000000000000000       0x20 Src/MoT_system/MoT_CmdHandler16.o
 .debug_str     0x0000000000000000       0xa5 Src/MoT_system/MoT_CmdHandler16.o
 .ARM.attributes
                0x0000000000000000       0x25 Src/MoT_system/MoT_CmdHandler16.o
 .bss           0x0000000000000000        0x0 Src/MoT_system/MoT_Comm_stm32L476_4MHZ_USART2_9600N81_01.o
 .text          0x0000000000000000        0xc Src/MoT_system/MoT_admin_cfg01.o
 .data          0x0000000000000000       0x1c Src/MoT_system/MoT_admin_cfg01.o
 .bss           0x0000000000000000      0x9e4 Src/MoT_system/MoT_admin_cfg01.o
 .ARM.attributes
                0x0000000000000000       0x25 Src/MoT_system/MoT_admin_cfg01.o
 .data          0x0000000000000000        0x0 Src/MoT_system/MoT_ringbufbuf03.o
 .bss           0x0000000000000000        0x0 Src/MoT_system/MoT_ringbufbuf03.o
 .text          0x0000000000000000      0x282 Src/MoTdevice_GreenLED08.o
 .data          0x0000000000000000        0x0 Src/MoTdevice_GreenLED08.o
 .bss           0x0000000000000000       0x20 Src/MoTdevice_GreenLED08.o
 .debug_line    0x0000000000000000       0x96 Src/MoTdevice_GreenLED08.o
 .debug_info    0x0000000000000000       0x26 Src/MoTdevice_GreenLED08.o
 .debug_abbrev  0x0000000000000000       0x14 Src/MoTdevice_GreenLED08.o
 .debug_aranges
                0x0000000000000000       0x20 Src/MoTdevice_GreenLED08.o
 .debug_str     0x0000000000000000       0x9e Src/MoTdevice_GreenLED08.o
 .ARM.attributes
                0x0000000000000000       0x25 Src/MoTdevice_GreenLED08.o
 .text          0x0000000000000000      0x1e4 Src/MoTdevice_TIM2PWM02.o
 .data          0x0000000000000000        0x0 Src/MoTdevice_TIM2PWM02.o
 .bss           0x0000000000000000       0x64 Src/MoTdevice_TIM2PWM02.o
 .debug_line    0x0000000000000000       0x8d Src/MoTdevice_TIM2PWM02.o
 .debug_info    0x0000000000000000       0x26 Src/MoTdevice_TIM2PWM02.o
 .debug_abbrev  0x0000000000000000       0x14 Src/MoTdevice_TIM2PWM02.o
 .debug_aranges
                0x0000000000000000       0x20 Src/MoTdevice_TIM2PWM02.o
 .debug_str     0x0000000000000000       0x9d Src/MoTdevice_TIM2PWM02.o
 .ARM.attributes
                0x0000000000000000       0x25 Src/MoTdevice_TIM2PWM02.o
 .group         0x0000000000000000        0xc Src/main09.o
 .group         0x0000000000000000        0xc Src/main09.o
 .text          0x0000000000000000        0x0 Src/main09.o
 .data          0x0000000000000000        0x0 Src/main09.o
 .bss           0x0000000000000000        0x0 Src/main09.o
 .text.SWdelay  0x0000000000000000       0x28 Src/main09.o
 COMMON         0x0000000000000000        0x8 Src/main09.o
 .text          0x0000000000000000       0x74 Src/misc_utilities.o
 .data          0x0000000000000000        0x0 Src/misc_utilities.o
 .bss           0x0000000000000000        0x0 Src/misc_utilities.o
 .debug_line    0x0000000000000000       0x5f Src/misc_utilities.o
 .debug_info    0x0000000000000000       0x26 Src/misc_utilities.o
 .debug_abbrev  0x0000000000000000       0x14 Src/misc_utilities.o
 .debug_aranges
                0x0000000000000000       0x20 Src/misc_utilities.o
 .debug_str     0x0000000000000000       0x98 Src/misc_utilities.o
 .ARM.attributes
                0x0000000000000000       0x25 Src/misc_utilities.o
 .data          0x0000000000000000        0x0 Src/stm32L476xx_ADC1_01-obfuscated.o
 .bss           0x0000000000000000        0x0 Src/stm32L476xx_ADC1_01-obfuscated.o
 .text          0x0000000000000000       0x14 startup/startup_stm32l476xx.o
 .data          0x0000000000000000        0x0 startup/startup_stm32l476xx.o
 .bss           0x0000000000000000        0x0 startup/startup_stm32l476xx.o

Memory Configuration

Name             Origin             Length             Attributes
RAM              0x0000000020000000 0x0000000000018000 xrw
RAM2             0x0000000010000000 0x0000000000008000 xrw
FLASH            0x0000000008000000 0x0000000000100000 xr
*default*        0x0000000000000000 0xffffffffffffffff

Linker script and memory map

LOAD Src/LL_device/igrnore_this_stm32L476xx_HCLK48MHz_01.o
LOAD Src/LL_device/obfuscated_stm32fL476xx_TIM2_demo05.o
LOAD Src/LL_device/stm32L476Disco_GreenLED.o
LOAD Src/LL_device/stm32L476Disco_RedLED.o
LOAD Src/MoT_system/MoT_CmdHandler16.o
LOAD Src/MoT_system/MoT_Comm_stm32L476_4MHZ_USART2_9600N81_01.o
LOAD Src/MoT_system/MoT_admin_cfg01.o
LOAD Src/MoT_system/MoT_ringbufbuf03.o
LOAD Src/MoTdevice_GreenLED08.o
LOAD Src/MoTdevice_TIM2PWM02.o
LOAD Src/main09.o
LOAD Src/misc_utilities.o
LOAD Src/stm32L476xx_ADC1_01-obfuscated.o
LOAD startup/startup_stm32l476xx.o
LOAD /home/lkosub/Ac6/SystemWorkbench/plugins/fr.ac6.mcu.externaltools.arm-none.linux64_1.17.0.201812190825/tools/compiler/bin/../lib/gcc/arm-none-eabi/7.3.1/../../../../arm-none-eabi/lib/thumb/v7e-m/fpv4-sp/hard/libm.a
                0x0000000020018000                _estack = 0x20018000
                0x0000000000000200                _Min_Heap_Size = 0x200
                0x0000000000000400                _Min_Stack_Size = 0x400

.isr_vector     0x0000000008000000      0x188
                0x0000000008000000                . = ALIGN (0x8)
 *(.isr_vector)
 .isr_vector    0x0000000008000000      0x188 startup/startup_stm32l476xx.o
                0x0000000008000000                g_pfnVectors
                0x0000000008000188                . = ALIGN (0x8)

.text           0x0000000008000188      0x928
                0x0000000008000188                . = ALIGN (0x8)
 *(.text)
 .text          0x0000000008000188       0x5c Src/LL_device/igrnore_this_stm32L476xx_HCLK48MHz_01.o
                0x0000000008000188                LSE_init
                0x00000000080001d6                HCLK48MHz_init
 .text          0x00000000080001e4       0xb0 Src/LL_device/obfuscated_stm32fL476xx_TIM2_demo05.o
                0x00000000080001e4                TIM2_NVIC_init
                0x0000000008000206                DBGMCU_FREEZE_TIM2
                0x0000000008000212                DBGMCU_UNFREEZE_TIM2
                0x000000000800021e                TIM2_CH1_out_to_PA0
                0x0000000008000222                TIM2_init
                0x0000000008000264                TIM2_CH1_pulse_update
                0x0000000008000268                TIM2_IRQHandler
 .text          0x0000000008000294       0x78 Src/LL_device/stm32L476Disco_RedLED.o
                0x0000000008000294                RedLED_init
                0x00000000080002d8                RedLED_OFF
                0x00000000080002ea                RedLED_ON
                0x00000000080002fc                RedLED_toggle
 .text          0x000000000800030c      0x440 Src/MoT_system/MoT_Comm_stm32L476_4MHZ_USART2_9600N81_01.o
                0x000000000800030c                configure_GPIOD_for_USART2
                0x000000000800037c                adminTether_init
                0x000000000800037c                USART2_init
                0x0000000008000408                USART2_nbgetchar
                0x0000000008000424                USART2_nbputchar
                0x0000000008000446                USART2_bgetchar
                0x000000000800045e                USART2_bputchar
                0x0000000008000476                USART2_writeDR
                0x0000000008000486                USART2_IRQHandler
                0x0000000008000548                USART2_IRQinit
                0x000000000800059e                USART2_MsgPost
                0x00000000080005ca                USART2_MsgsInit
                0x00000000080005dc                USART2_RXbuffer_init
                0x00000000080005f4                USART2_RXgetbuf0
                0x0000000008000604                USART2_RXgetbuf1
                0x0000000008000614                USART2_RXresetRXBUF0_NUMOVERRUNS
                0x0000000008000626                USART2_RXgetRXBUF0_NUMOVERRUNS
                0x0000000008000634                USART2_RXresetRXBUF0_NUMNEWLINES
                0x0000000008000646                USART2_RXgetRXBUF0_NUMNEWLINES
                0x0000000008000654                USART2_RXresetRXBUF1_NUMOVERRUNS
                0x0000000008000666                USART2_RXgetRXBUF1_NUMOVERRUNS
                0x0000000008000674                USART2_RXresetRXBUF1_NUMNEWLINES
                0x0000000008000686                USART2_RXgetRXBUF1_NUMNEWLINES
                0x0000000008000726                USART2_RXBUF1_discard
 .text          0x000000000800074c      0x122 Src/MoT_system/MoT_ringbufbuf03.o
                0x000000000800074c                ringbufbuf0_rd
                0x0000000008000788                ringbufbuf1_rd
                0x00000000080007b8                ringbufbuf_wr
                0x000000000800082e                ringbufbuf_init
                0x000000000800085a                ringbufbuf0_reset
                0x0000000008000864                ringbufbuf1_reset
 *fill*         0x000000000800086e        0x2 
 .text          0x0000000008000870      0x1cc Src/stm32L476xx_ADC1_01-obfuscated.o
                0x0000000008000870                ADC1_init
 *(.text*)
 .text.main     0x0000000008000a3c       0x22 Src/main09.o
                0x0000000008000a3c                main
 *fill*         0x0000000008000a5e        0x2 
 .text.Reset_Handler
                0x0000000008000a60       0x48 startup/startup_stm32l476xx.o
                0x0000000008000a60                Reset_Handler
 .text.Default_Handler
                0x0000000008000aa8        0x2 startup/startup_stm32l476xx.o
                0x0000000008000aa8                RTC_Alarm_IRQHandler
                0x0000000008000aa8                EXTI2_IRQHandler
                0x0000000008000aa8                TIM8_TRG_COM_IRQHandler
                0x0000000008000aa8                TIM8_CC_IRQHandler
                0x0000000008000aa8                DebugMon_Handler
                0x0000000008000aa8                TIM1_CC_IRQHandler
                0x0000000008000aa8                TSC_IRQHandler
                0x0000000008000aa8                HardFault_Handler
                0x0000000008000aa8                SysTick_Handler
                0x0000000008000aa8                TAMP_STAMP_IRQHandler
                0x0000000008000aa8                PendSV_Handler
                0x0000000008000aa8                NMI_Handler
                0x0000000008000aa8                EXTI3_IRQHandler
                0x0000000008000aa8                LPTIM2_IRQHandler
                0x0000000008000aa8                DFSDM1_FLT1_IRQHandler
                0x0000000008000aa8                I2C3_ER_IRQHandler
                0x0000000008000aa8                DFSDM1_FLT2_IRQHandler
                0x0000000008000aa8                EXTI0_IRQHandler
                0x0000000008000aa8                I2C2_EV_IRQHandler
                0x0000000008000aa8                CAN1_RX0_IRQHandler
                0x0000000008000aa8                FPU_IRQHandler
                0x0000000008000aa8                TIM1_UP_TIM16_IRQHandler
                0x0000000008000aa8                UsageFault_Handler
                0x0000000008000aa8                ADC1_2_IRQHandler
                0x0000000008000aa8                SPI1_IRQHandler
                0x0000000008000aa8                TIM6_DAC_IRQHandler
                0x0000000008000aa8                TIM8_UP_IRQHandler
                0x0000000008000aa8                DMA2_Channel2_IRQHandler
                0x0000000008000aa8                DMA1_Channel4_IRQHandler
                0x0000000008000aa8                SAI2_IRQHandler
                0x0000000008000aa8                DFSDM1_FLT3_IRQHandler
                0x0000000008000aa8                USART3_IRQHandler
                0x0000000008000aa8                DMA1_Channel7_IRQHandler
                0x0000000008000aa8                CAN1_RX1_IRQHandler
                0x0000000008000aa8                LCD_IRQHandler
                0x0000000008000aa8                UART5_IRQHandler
                0x0000000008000aa8                ADC3_IRQHandler
                0x0000000008000aa8                TIM4_IRQHandler
                0x0000000008000aa8                DMA2_Channel1_IRQHandler
                0x0000000008000aa8                QUADSPI_IRQHandler
                0x0000000008000aa8                I2C1_EV_IRQHandler
                0x0000000008000aa8                DMA1_Channel6_IRQHandler
                0x0000000008000aa8                UART4_IRQHandler
                0x0000000008000aa8                DMA2_Channel4_IRQHandler
                0x0000000008000aa8                TIM3_IRQHandler
                0x0000000008000aa8                RCC_IRQHandler
                0x0000000008000aa8                DMA1_Channel1_IRQHandler
                0x0000000008000aa8                Default_Handler
                0x0000000008000aa8                DMA2_Channel7_IRQHandler
                0x0000000008000aa8                EXTI15_10_IRQHandler
                0x0000000008000aa8                TIM7_IRQHandler
                0x0000000008000aa8                SDMMC1_IRQHandler
                0x0000000008000aa8                TIM5_IRQHandler
                0x0000000008000aa8                I2C3_EV_IRQHandler
                0x0000000008000aa8                EXTI9_5_IRQHandler
                0x0000000008000aa8                RTC_WKUP_IRQHandler
                0x0000000008000aa8                PVD_PVM_IRQHandler
                0x0000000008000aa8                SPI2_IRQHandler
                0x0000000008000aa8                MemManage_Handler
                0x0000000008000aa8                CAN1_TX_IRQHandler
                0x0000000008000aa8                SVC_Handler
                0x0000000008000aa8                DMA2_Channel5_IRQHandler
                0x0000000008000aa8                DMA1_Channel5_IRQHandler
                0x0000000008000aa8                EXTI4_IRQHandler
                0x0000000008000aa8                RNG_IRQHandler
                0x0000000008000aa8                TIM1_TRG_COM_TIM17_IRQHandler
                0x0000000008000aa8                DMA1_Channel3_IRQHandler
                0x0000000008000aa8                COMP_IRQHandler
                0x0000000008000aa8                WWDG_IRQHandler
                0x0000000008000aa8                LPUART1_IRQHandler
                0x0000000008000aa8                DMA2_Channel6_IRQHandler
                0x0000000008000aa8                EXTI1_IRQHandler
                0x0000000008000aa8                DFSDM1_FLT0_IRQHandler
                0x0000000008000aa8                I2C2_ER_IRQHandler
                0x0000000008000aa8                DMA1_Channel2_IRQHandler
                0x0000000008000aa8                TIM8_BRK_IRQHandler
                0x0000000008000aa8                CAN1_SCE_IRQHandler
                0x0000000008000aa8                FLASH_IRQHandler
                0x0000000008000aa8                BusFault_Handler
                0x0000000008000aa8                USART1_IRQHandler
                0x0000000008000aa8                OTG_FS_IRQHandler
                0x0000000008000aa8                SPI3_IRQHandler
                0x0000000008000aa8                I2C1_ER_IRQHandler
                0x0000000008000aa8                FMC_IRQHandler
                0x0000000008000aa8                SWPMI1_IRQHandler
                0x0000000008000aa8                LPTIM1_IRQHandler
                0x0000000008000aa8                SAI1_IRQHandler
                0x0000000008000aa8                DMA2_Channel3_IRQHandler
                0x0000000008000aa8                TIM1_BRK_TIM15_IRQHandler
 *(.glue_7)
 .glue_7        0x0000000008000aaa        0x0 linker stubs
 *(.glue_7t)
 .glue_7t       0x0000000008000aaa        0x0 linker stubs
 *(.eh_frame)
 *(.init)
 *(.fini)
                0x0000000008000ab0                . = ALIGN (0x8)
 *fill*         0x0000000008000aaa        0x6 
                0x0000000008000ab0                _etext = .

.vfp11_veneer   0x0000000008000ab0        0x0
 .vfp11_veneer  0x0000000008000ab0        0x0 linker stubs

.v4_bx          0x0000000008000ab0        0x0
 .v4_bx         0x0000000008000ab0        0x0 linker stubs

.iplt           0x0000000008000ab0        0x0
 .iplt          0x0000000008000ab0        0x0 Src/LL_device/igrnore_this_stm32L476xx_HCLK48MHz_01.o

.rel.dyn        0x0000000008000ab0        0x0
 .rel.iplt      0x0000000008000ab0        0x0 Src/LL_device/igrnore_this_stm32L476xx_HCLK48MHz_01.o

.rodata         0x0000000008000ab0        0x0
                0x0000000008000ab0                . = ALIGN (0x8)
 *(.rodata)
 *(.rodata*)
                0x0000000008000ab0                . = ALIGN (0x8)

.ARM.extab      0x0000000008000ab0        0x0
                0x0000000008000ab0                . = ALIGN (0x8)
 *(.ARM.extab* .gnu.linkonce.armextab.*)
                0x0000000008000ab0                . = ALIGN (0x8)

.ARM            0x0000000008000ab0        0x0
                0x0000000008000ab0                . = ALIGN (0x8)
                0x0000000008000ab0                __exidx_start = .
 *(.ARM.exidx*)
                0x0000000008000ab0                __exidx_end = .
                0x0000000008000ab0                . = ALIGN (0x8)

.preinit_array  0x0000000008000ab0        0x0
                0x0000000008000ab0                . = ALIGN (0x8)
                [!provide]                        PROVIDE (__preinit_array_start = .)
 *(.preinit_array*)
                [!provide]                        PROVIDE (__preinit_array_end = .)
                0x0000000008000ab0                . = ALIGN (0x8)

.init_array     0x0000000008000ab0        0x0
                0x0000000008000ab0                . = ALIGN (0x8)
                [!provide]                        PROVIDE (__init_array_start = .)
 *(SORT_BY_NAME(.init_array.*))
 *(.init_array*)
                [!provide]                        PROVIDE (__init_array_end = .)
                0x0000000008000ab0                . = ALIGN (0x8)

.fini_array     0x0000000008000ab0        0x0
                0x0000000008000ab0                . = ALIGN (0x8)
                [!provide]                        PROVIDE (__fini_array_start = .)
 *(SORT_BY_NAME(.fini_array.*))
 *(.fini_array*)
                [!provide]                        PROVIDE (__fini_array_end = .)
                0x0000000008000ab0                . = ALIGN (0x8)
                0x0000000008000ab0                _sidata = LOADADDR (.data)

.data           0x0000000020000000      0x9f0 load address 0x0000000008000ab0
                0x0000000020000000                . = ALIGN (0x8)
                0x0000000020000000                _sdata = .
 *(.data)
 .data          0x0000000020000000      0x9ec Src/MoT_system/MoT_Comm_stm32L476_4MHZ_USART2_9600N81_01.o
                0x0000000020000020                USART2_RXbufHANDLE
                0x00000000200009e4                admin_Msgctl
                0x00000000200009e4                USART2_MsgCtl
 *(.data*)
                0x00000000200009f0                . = ALIGN (0x8)
 *fill*         0x00000000200009ec        0x4 
                0x00000000200009f0                _edata = .

.igot.plt       0x00000000200009f0        0x0 load address 0x00000000080014a0
 .igot.plt      0x00000000200009f0        0x0 Src/LL_device/igrnore_this_stm32L476xx_HCLK48MHz_01.o
                0x00000000200009f0                . = ALIGN (0x4)

.bss            0x00000000200009f0        0x0 load address 0x00000000080014a0
                0x00000000200009f0                _sbss = .
                0x00000000200009f0                __bss_start__ = _sbss
 *(.bss)
 *(.bss*)
 *(COMMON)
                0x00000000200009f0                . = ALIGN (0x4)
                0x00000000200009f0                _ebss = .
                0x00000000200009f0                __bss_end__ = _ebss

._user_heap_stack
                0x00000000200009f0      0x600 load address 0x00000000080014a0
                0x00000000200009f0                . = ALIGN (0x8)
                [!provide]                        PROVIDE (end = .)
                [!provide]                        PROVIDE (_end = .)
                0x0000000020000bf0                . = (. + _Min_Heap_Size)
 *fill*         0x00000000200009f0      0x200 
                0x0000000020000ff0                . = (. + _Min_Stack_Size)
 *fill*         0x0000000020000bf0      0x400 
                0x0000000020000ff0                . = ALIGN (0x8)

/DISCARD/
 libc.a(*)
 libm.a(*)
 libgcc.a(*)

.ARM.attributes
                0x0000000000000000       0x35
 *(.ARM.attributes)
 .ARM.attributes
                0x0000000000000000       0x25 Src/LL_device/igrnore_this_stm32L476xx_HCLK48MHz_01.o
 .ARM.attributes
                0x0000000000000025       0x25 Src/LL_device/obfuscated_stm32fL476xx_TIM2_demo05.o
 .ARM.attributes
                0x000000000000004a       0x25 Src/LL_device/stm32L476Disco_RedLED.o
 .ARM.attributes
                0x000000000000006f       0x25 Src/MoT_system/MoT_Comm_stm32L476_4MHZ_USART2_9600N81_01.o
 .ARM.attributes
                0x0000000000000094       0x25 Src/MoT_system/MoT_ringbufbuf03.o
 .ARM.attributes
                0x00000000000000b9       0x39 Src/main09.o
 .ARM.attributes
                0x00000000000000f2       0x25 Src/stm32L476xx_ADC1_01-obfuscated.o
 .ARM.attributes
                0x0000000000000117       0x25 startup/startup_stm32l476xx.o
OUTPUT(DiscoBlinkyMoT.elf elf32-littlearm)

.debug_line     0x0000000000000000      0x632
 .debug_line    0x0000000000000000       0x82 Src/LL_device/igrnore_this_stm32L476xx_HCLK48MHz_01.o
 .debug_line    0x0000000000000082       0xb7 Src/LL_device/obfuscated_stm32fL476xx_TIM2_demo05.o
 .debug_line    0x0000000000000139       0x7c Src/LL_device/stm32L476Disco_RedLED.o
 .debug_line    0x00000000000001b5      0x1b4 Src/MoT_system/MoT_Comm_stm32L476_4MHZ_USART2_9600N81_01.o
 .debug_line    0x0000000000000369       0xb4 Src/MoT_system/MoT_ringbufbuf03.o
 .debug_line    0x000000000000041d      0x10e Src/main09.o
 .debug_line    0x000000000000052b       0x8a Src/stm32L476xx_ADC1_01-obfuscated.o
 .debug_line    0x00000000000005b5       0x7d startup/startup_stm32l476xx.o

.debug_info     0x0000000000000000      0x226
 .debug_info    0x0000000000000000       0x26 Src/LL_device/igrnore_this_stm32L476xx_HCLK48MHz_01.o
 .debug_info    0x0000000000000026       0x26 Src/LL_device/obfuscated_stm32fL476xx_TIM2_demo05.o
 .debug_info    0x000000000000004c       0x26 Src/LL_device/stm32L476Disco_RedLED.o
 .debug_info    0x0000000000000072       0x26 Src/MoT_system/MoT_Comm_stm32L476_4MHZ_USART2_9600N81_01.o
 .debug_info    0x0000000000000098       0x26 Src/MoT_system/MoT_ringbufbuf03.o
 .debug_info    0x00000000000000be      0x120 Src/main09.o
 .debug_info    0x00000000000001de       0x26 Src/stm32L476xx_ADC1_01-obfuscated.o
 .debug_info    0x0000000000000204       0x22 startup/startup_stm32l476xx.o

.debug_abbrev   0x0000000000000000      0x136
 .debug_abbrev  0x0000000000000000       0x14 Src/LL_device/igrnore_this_stm32L476xx_HCLK48MHz_01.o
 .debug_abbrev  0x0000000000000014       0x14 Src/LL_device/obfuscated_stm32fL476xx_TIM2_demo05.o
 .debug_abbrev  0x0000000000000028       0x14 Src/LL_device/stm32L476Disco_RedLED.o
 .debug_abbrev  0x000000000000003c       0x14 Src/MoT_system/MoT_Comm_stm32L476_4MHZ_USART2_9600N81_01.o
 .debug_abbrev  0x0000000000000050       0x14 Src/MoT_system/MoT_ringbufbuf03.o
 .debug_abbrev  0x0000000000000064       0xac Src/main09.o
 .debug_abbrev  0x0000000000000110       0x14 Src/stm32L476xx_ADC1_01-obfuscated.o
 .debug_abbrev  0x0000000000000124       0x12 startup/startup_stm32l476xx.o

.debug_aranges  0x0000000000000000      0x110
 .debug_aranges
                0x0000000000000000       0x20 Src/LL_device/igrnore_this_stm32L476xx_HCLK48MHz_01.o
 .debug_aranges
                0x0000000000000020       0x20 Src/LL_device/obfuscated_stm32fL476xx_TIM2_demo05.o
 .debug_aranges
                0x0000000000000040       0x20 Src/LL_device/stm32L476Disco_RedLED.o
 .debug_aranges
                0x0000000000000060       0x20 Src/MoT_system/MoT_Comm_stm32L476_4MHZ_USART2_9600N81_01.o
 .debug_aranges
                0x0000000000000080       0x20 Src/MoT_system/MoT_ringbufbuf03.o
 .debug_aranges
                0x00000000000000a0       0x28 Src/main09.o
 .debug_aranges
                0x00000000000000c8       0x20 Src/stm32L476xx_ADC1_01-obfuscated.o
 .debug_aranges
                0x00000000000000e8       0x28 startup/startup_stm32l476xx.o

.debug_str      0x0000000000000000     0x3823
 .debug_str     0x0000000000000000       0xb9 Src/LL_device/igrnore_this_stm32L476xx_HCLK48MHz_01.o
 .debug_str     0x00000000000000b9       0x37 Src/LL_device/obfuscated_stm32fL476xx_TIM2_demo05.o
                                         0xb7 (size before relaxing)
 .debug_str     0x00000000000000f0       0x29 Src/LL_device/stm32L476Disco_RedLED.o
                                         0xa9 (size before relaxing)
 .debug_str     0x0000000000000119       0x3e Src/MoT_system/MoT_Comm_stm32L476_4MHZ_USART2_9600N81_01.o
                                         0xbe (size before relaxing)
 .debug_str     0x0000000000000157       0x25 Src/MoT_system/MoT_ringbufbuf03.o
                                         0xa5 (size before relaxing)
 .debug_str     0x000000000000017c     0x365e Src/main09.o
                                       0x383b (size before relaxing)
 .debug_str     0x00000000000037da       0x28 Src/stm32L476xx_ADC1_01-obfuscated.o
                                         0xa8 (size before relaxing)
 .debug_str     0x0000000000003802       0x21 startup/startup_stm32l476xx.o
                                         0xa1 (size before relaxing)

.debug_ranges   0x0000000000000000       0x38
 .debug_ranges  0x0000000000000000       0x18 Src/main09.o
 .debug_ranges  0x0000000000000018       0x20 startup/startup_stm32l476xx.o

.debug_macro    0x0000000000000000      0xdc8
 .debug_macro   0x0000000000000000       0x1a Src/main09.o
 .debug_macro   0x000000000000001a      0xa60 Src/main09.o
 .debug_macro   0x0000000000000a7a      0x34e Src/main09.o

.comment        0x0000000000000000       0x7f
 .comment       0x0000000000000000       0x7f Src/main09.o
                                         0x80 (size before relaxing)

.debug_frame    0x0000000000000000       0x54
 .debug_frame   0x0000000000000000       0x54 Src/main09.o
