17:52:17 **** Clean-only build of configuration Debug for project DiscoBlinkyMoT ****
make clean 
rm -rf *
 
17:52:21 **** Build of configuration Debug for project DiscoBlinkyMoT ****
make all 
Building file: ../startup/startup_stm32l476xx.S
Invoking: MCU GCC Compiler
/home/lkosub/ENEE440/LaurenKosub_440F19_MotoScope/DiscoBlinkyMoT/Debug
arm-none-eabi-gcc -mcpu=cortex-m4 -mthumb -mfloat-abi=hard -mfpu=fpv4-sp-d16 -DSTM32L476VGTx -DSTM32L4 -DSTM32 -DDEBUG -I"/home/lkosub/ENEE440/LaurenKosub_440F19_MotoScope/DiscoBlinkyMoT/inc" -O0 -g3 -Wall -fmessage-length=0 -ffunction-sections -c -MMD -MP -MF"startup/startup_stm32l476xx.d" -MT"startup/startup_stm32l476xx.o" -o "startup/startup_stm32l476xx.o" "../startup/startup_stm32l476xx.S"
Finished building: ../startup/startup_stm32l476xx.S
 
Building file: ../Src/MoT_system/MoT_AdminCfg02.S
Invoking: MCU GCC Compiler
/home/lkosub/ENEE440/LaurenKosub_440F19_MotoScope/DiscoBlinkyMoT/Debug
arm-none-eabi-gcc -mcpu=cortex-m4 -mthumb -mfloat-abi=hard -mfpu=fpv4-sp-d16 -DSTM32L476VGTx -DSTM32L4 -DSTM32 -DDEBUG -I"/home/lkosub/ENEE440/LaurenKosub_440F19_MotoScope/DiscoBlinkyMoT/inc" -O0 -g3 -Wall -fmessage-length=0 -ffunction-sections -c -MMD -MP -MF"Src/MoT_system/MoT_AdminCfg02.d" -MT"Src/MoT_system/MoT_AdminCfg02.o" -o "Src/MoT_system/MoT_AdminCfg02.o" "../Src/MoT_system/MoT_AdminCfg02.S"
Finished building: ../Src/MoT_system/MoT_AdminCfg02.S
 
Building file: ../Src/MoT_system/MoT_CmdHandler16.S
Invoking: MCU GCC Compiler
/home/lkosub/ENEE440/LaurenKosub_440F19_MotoScope/DiscoBlinkyMoT/Debug
arm-none-eabi-gcc -mcpu=cortex-m4 -mthumb -mfloat-abi=hard -mfpu=fpv4-sp-d16 -DSTM32L476VGTx -DSTM32L4 -DSTM32 -DDEBUG -I"/home/lkosub/ENEE440/LaurenKosub_440F19_MotoScope/DiscoBlinkyMoT/inc" -O0 -g3 -Wall -fmessage-length=0 -ffunction-sections -c -MMD -MP -MF"Src/MoT_system/MoT_CmdHandler16.d" -MT"Src/MoT_system/MoT_CmdHandler16.o" -o "Src/MoT_system/MoT_CmdHandler16.o" "../Src/MoT_system/MoT_CmdHandler16.S"
Finished building: ../Src/MoT_system/MoT_CmdHandler16.S
 
Building file: ../Src/MoT_system/MoT_Comm_stm32L476_4MHZ_USART2_9600N81_01.S
Invoking: MCU GCC Compiler
/home/lkosub/ENEE440/LaurenKosub_440F19_MotoScope/DiscoBlinkyMoT/Debug
arm-none-eabi-gcc -mcpu=cortex-m4 -mthumb -mfloat-abi=hard -mfpu=fpv4-sp-d16 -DSTM32L476VGTx -DSTM32L4 -DSTM32 -DDEBUG -I"/home/lkosub/ENEE440/LaurenKosub_440F19_MotoScope/DiscoBlinkyMoT/inc" -O0 -g3 -Wall -fmessage-length=0 -ffunction-sections -c -MMD -MP -MF"Src/MoT_system/MoT_Comm_stm32L476_4MHZ_USART2_9600N81_01.d" -MT"Src/MoT_system/MoT_Comm_stm32L476_4MHZ_USART2_9600N81_01.o" -o "Src/MoT_system/MoT_Comm_stm32L476_4MHZ_USART2_9600N81_01.o" "../Src/MoT_system/MoT_Comm_stm32L476_4MHZ_USART2_9600N81_01.S"
Finished building: ../Src/MoT_system/MoT_Comm_stm32L476_4MHZ_USART2_9600N81_01.S
 
Building file: ../Src/MoT_system/MoT_DMA_Comm.S
Invoking: MCU GCC Compiler
/home/lkosub/ENEE440/LaurenKosub_440F19_MotoScope/DiscoBlinkyMoT/Debug
arm-none-eabi-gcc -mcpu=cortex-m4 -mthumb -mfloat-abi=hard -mfpu=fpv4-sp-d16 -DSTM32L476VGTx -DSTM32L4 -DSTM32 -DDEBUG -I"/home/lkosub/ENEE440/LaurenKosub_440F19_MotoScope/DiscoBlinkyMoT/inc" -O0 -g3 -Wall -fmessage-length=0 -ffunction-sections -c -MMD -MP -MF"Src/MoT_system/MoT_DMA_Comm.d" -MT"Src/MoT_system/MoT_DMA_Comm.o" -o "Src/MoT_system/MoT_DMA_Comm.o" "../Src/MoT_system/MoT_DMA_Comm.S"
Finished building: ../Src/MoT_system/MoT_DMA_Comm.S
 
Building file: ../Src/MoT_system/MoT_ringbufbuf03.S
Invoking: MCU GCC Compiler
/home/lkosub/ENEE440/LaurenKosub_440F19_MotoScope/DiscoBlinkyMoT/Debug
arm-none-eabi-gcc -mcpu=cortex-m4 -mthumb -mfloat-abi=hard -mfpu=fpv4-sp-d16 -DSTM32L476VGTx -DSTM32L4 -DSTM32 -DDEBUG -I"/home/lkosub/ENEE440/LaurenKosub_440F19_MotoScope/DiscoBlinkyMoT/inc" -O0 -g3 -Wall -fmessage-length=0 -ffunction-sections -c -MMD -MP -MF"Src/MoT_system/MoT_ringbufbuf03.d" -MT"Src/MoT_system/MoT_ringbufbuf03.o" -o "Src/MoT_system/MoT_ringbufbuf03.o" "../Src/MoT_system/MoT_ringbufbuf03.S"
Finished building: ../Src/MoT_system/MoT_ringbufbuf03.S
 
Building file: ../Src/LL_device/stm32L476Disco_GreenLED.S
Invoking: MCU GCC Compiler
/home/lkosub/ENEE440/LaurenKosub_440F19_MotoScope/DiscoBlinkyMoT/Debug
arm-none-eabi-gcc -mcpu=cortex-m4 -mthumb -mfloat-abi=hard -mfpu=fpv4-sp-d16 -DSTM32L476VGTx -DSTM32L4 -DSTM32 -DDEBUG -I"/home/lkosub/ENEE440/LaurenKosub_440F19_MotoScope/DiscoBlinkyMoT/inc" -O0 -g3 -Wall -fmessage-length=0 -ffunction-sections -c -MMD -MP -MF"Src/LL_device/stm32L476Disco_GreenLED.d" -MT"Src/LL_device/stm32L476Disco_GreenLED.o" -o "Src/LL_device/stm32L476Disco_GreenLED.o" "../Src/LL_device/stm32L476Disco_GreenLED.S"
Finished building: ../Src/LL_device/stm32L476Disco_GreenLED.S
 
Building file: ../Src/LL_device/stm32L476Disco_RedLED.S
Invoking: MCU GCC Compiler
/home/lkosub/ENEE440/LaurenKosub_440F19_MotoScope/DiscoBlinkyMoT/Debug
arm-none-eabi-gcc -mcpu=cortex-m4 -mthumb -mfloat-abi=hard -mfpu=fpv4-sp-d16 -DSTM32L476VGTx -DSTM32L4 -DSTM32 -DDEBUG -I"/home/lkosub/ENEE440/LaurenKosub_440F19_MotoScope/DiscoBlinkyMoT/inc" -O0 -g3 -Wall -fmessage-length=0 -ffunction-sections -c -MMD -MP -MF"Src/LL_device/stm32L476Disco_RedLED.d" -MT"Src/LL_device/stm32L476Disco_RedLED.o" -o "Src/LL_device/stm32L476Disco_RedLED.o" "../Src/LL_device/stm32L476Disco_RedLED.S"
Finished building: ../Src/LL_device/stm32L476Disco_RedLED.S
 
Building file: ../Src/MoTdevice_GreenLED08.S
Invoking: MCU GCC Compiler
/home/lkosub/ENEE440/LaurenKosub_440F19_MotoScope/DiscoBlinkyMoT/Debug
arm-none-eabi-gcc -mcpu=cortex-m4 -mthumb -mfloat-abi=hard -mfpu=fpv4-sp-d16 -DSTM32L476VGTx -DSTM32L4 -DSTM32 -DDEBUG -I"/home/lkosub/ENEE440/LaurenKosub_440F19_MotoScope/DiscoBlinkyMoT/inc" -O0 -g3 -Wall -fmessage-length=0 -ffunction-sections -c -MMD -MP -MF"Src/MoTdevice_GreenLED08.d" -MT"Src/MoTdevice_GreenLED08.o" -o "Src/MoTdevice_GreenLED08.o" "../Src/MoTdevice_GreenLED08.S"
Finished building: ../Src/MoTdevice_GreenLED08.S
 
Building file: ../Src/MoTdevice_Scope.S
Invoking: MCU GCC Compiler
/home/lkosub/ENEE440/LaurenKosub_440F19_MotoScope/DiscoBlinkyMoT/Debug
arm-none-eabi-gcc -mcpu=cortex-m4 -mthumb -mfloat-abi=hard -mfpu=fpv4-sp-d16 -DSTM32L476VGTx -DSTM32L4 -DSTM32 -DDEBUG -I"/home/lkosub/ENEE440/LaurenKosub_440F19_MotoScope/DiscoBlinkyMoT/inc" -O0 -g3 -Wall -fmessage-length=0 -ffunction-sections -c -MMD -MP -MF"Src/MoTdevice_Scope.d" -MT"Src/MoTdevice_Scope.o" -o "Src/MoTdevice_Scope.o" "../Src/MoTdevice_Scope.S"
Finished building: ../Src/MoTdevice_Scope.S
 
Building file: ../Src/MoTdevice_TriangleWaveGen01.S.S
Invoking: MCU GCC Compiler
/home/lkosub/ENEE440/LaurenKosub_440F19_MotoScope/DiscoBlinkyMoT/Debug
arm-none-eabi-gcc -mcpu=cortex-m4 -mthumb -mfloat-abi=hard -mfpu=fpv4-sp-d16 -DSTM32L476VGTx -DSTM32L4 -DSTM32 -DDEBUG -I"/home/lkosub/ENEE440/LaurenKosub_440F19_MotoScope/DiscoBlinkyMoT/inc" -O0 -g3 -Wall -fmessage-length=0 -ffunction-sections -c -MMD -MP -MF"Src/MoTdevice_TriangleWaveGen01.S.d" -MT"Src/MoTdevice_TriangleWaveGen01.S.o" -o "Src/MoTdevice_TriangleWaveGen01.S.o" "../Src/MoTdevice_TriangleWaveGen01.S.S"
Finished building: ../Src/MoTdevice_TriangleWaveGen01.S.S
 
Building file: ../Src/main11.c
Invoking: MCU GCC Compiler
/home/lkosub/ENEE440/LaurenKosub_440F19_MotoScope/DiscoBlinkyMoT/Debug
arm-none-eabi-gcc -mcpu=cortex-m4 -mthumb -mfloat-abi=hard -mfpu=fpv4-sp-d16 -DSTM32L476VGTx -DSTM32L4 -DSTM32 -DDEBUG -I"/home/lkosub/ENEE440/LaurenKosub_440F19_MotoScope/DiscoBlinkyMoT/inc" -O0 -g3 -Wall -fmessage-length=0 -ffunction-sections -c -MMD -MP -MF"Src/main11.d" -MT"Src/main11.o" -o "Src/main11.o" "../Src/main11.c"
../Src/main11.c: In function 'checkBounds':
../Src/main11.c:137:3: warning: implicit declaration of function 'printf' [-Wimplicit-function-declaration]
   printf("ALARM : upper and lower bounds have been passed\n");
   ^~~~~~
../Src/main11.c:137:3: warning: incompatible implicit declaration of built-in function 'printf'
../Src/main11.c:137:3: note: include '<stdio.h>' or provide a declaration of 'printf'
../Src/main11.c:139:3: warning: incompatible implicit declaration of built-in function 'printf'
   printf("ALARM : the upper bound has been passed\n");
   ^~~~~~
../Src/main11.c:139:3: note: include '<stdio.h>' or provide a declaration of 'printf'
../Src/main11.c:141:3: warning: incompatible implicit declaration of built-in function 'printf'
   printf("ALARM : the lower bound has been passed\n");
   ^~~~~~
../Src/main11.c:141:3: note: include '<stdio.h>' or provide a declaration of 'printf'
../Src/main11.c: In function 'main':
../Src/main11.c:206:55: warning: operation on 'num' may be undefined [-Wsequence-point]
   totalWaveAvg = (wave.avg +(totalWaveAvg * num) ) / (++num);
                                                      ~^~~~~~
../Src/main11.c:171:12: warning: variable 'DR' set but not used [-Wunused-but-set-variable]
   uint32_t DR;           /*!< ADC group regular data register,               Address offset: 0x40 */
            ^~
Finished building: ../Src/main11.c
 
Building file: ../Src/misc_utilities.S
Invoking: MCU GCC Compiler
/home/lkosub/ENEE440/LaurenKosub_440F19_MotoScope/DiscoBlinkyMoT/Debug
arm-none-eabi-gcc -mcpu=cortex-m4 -mthumb -mfloat-abi=hard -mfpu=fpv4-sp-d16 -DSTM32L476VGTx -DSTM32L4 -DSTM32 -DDEBUG -I"/home/lkosub/ENEE440/LaurenKosub_440F19_MotoScope/DiscoBlinkyMoT/inc" -O0 -g3 -Wall -fmessage-length=0 -ffunction-sections -c -MMD -MP -MF"Src/misc_utilities.d" -MT"Src/misc_utilities.o" -o "Src/misc_utilities.o" "../Src/misc_utilities.S"
Finished building: ../Src/misc_utilities.S
 
Building target: DiscoBlinkyMoT.elf
Invoking: MCU GCC Linker
arm-none-eabi-gcc -mcpu=cortex-m4 -mthumb -mfloat-abi=hard -mfpu=fpv4-sp-d16 -nostartfiles -nodefaultlibs -nostdlib -L"/home/lkosub/ENEE440/LaurenKosub_440F19_MotoScope/DiscoBlinkyMoT/Lib" -T"/home/lkosub/ENEE440/LaurenKosub_440F19_MotoScope/DiscoBlinkyMoT/LinkerScript.ld" -Wl,-Map=output.map -Wl,--gc-sections -o "DiscoBlinkyMoT.elf" @"objects.list"  -lADC1_TIM2T_48MHz -lTIM5_DAC2_PA5 -lm
/home/lkosub/Ac6/SystemWorkbench/plugins/fr.ac6.mcu.externaltools.arm-none.linux64_1.17.0.201812190825/tools/compiler/bin/../lib/gcc/arm-none-eabi/7.3.1/../../../../arm-none-eabi/lib/thumb/v7e-m/fpv4-sp/hard/libc.a(lib_a-sbrkr.o): In function `_sbrk_r':
sbrkr.c:(.text._sbrk_r+0xc): undefined reference to `_sbrk'
/home/lkosub/Ac6/SystemWorkbench/plugins/fr.ac6.mcu.externaltools.arm-none.linux64_1.17.0.201812190825/tools/compiler/bin/../lib/gcc/arm-none-eabi/7.3.1/../../../../arm-none-eabi/lib/thumb/v7e-m/fpv4-sp/hard/libc.a(lib_a-writer.o): In function `_write_r':
writer.c:(.text._write_r+0x12): undefined reference to `_write'
/home/lkosub/Ac6/SystemWorkbench/plugins/fr.ac6.mcu.externaltools.arm-none.linux64_1.17.0.201812190825/tools/compiler/bin/../lib/gcc/arm-none-eabi/7.3.1/../../../../arm-none-eabi/lib/thumb/v7e-m/fpv4-sp/hard/libc.a(lib_a-closer.o): In function `_close_r':
closer.c:(.text._close_r+0xc): undefined reference to `_close'
/home/lkosub/Ac6/SystemWorkbench/plugins/fr.ac6.mcu.externaltools.arm-none.linux64_1.17.0.201812190825/tools/compiler/bin/../lib/gcc/arm-none-eabi/7.3.1/../../../../arm-none-eabi/lib/thumb/v7e-m/fpv4-sp/hard/libc.a(lib_a-lseekr.o): In function `_lseek_r':
lseekr.c:(.text._lseek_r+0x12): undefined reference to `_lseek'
/home/lkosub/Ac6/SystemWorkbench/plugins/fr.ac6.mcu.externaltools.arm-none.linux64_1.17.0.201812190825/tools/compiler/bin/../lib/gcc/arm-none-eabi/7.3.1/../../../../arm-none-eabi/lib/thumb/v7e-m/fpv4-sp/hard/libc.a(lib_a-readr.o): In function `_read_r':
readr.c:(.text._read_r+0x12): undefined reference to `_read'
/home/lkosub/Ac6/SystemWorkbench/plugins/fr.ac6.mcu.externaltools.arm-none.linux64_1.17.0.201812190825/tools/compiler/bin/../lib/gcc/arm-none-eabi/7.3.1/../../../../arm-none-eabi/lib/thumb/v7e-m/fpv4-sp/hard/libc.a(lib_a-fstatr.o): In function `_fstat_r':
fstatr.c:(.text._fstat_r+0x10): undefined reference to `_fstat'
/home/lkosub/Ac6/SystemWorkbench/plugins/fr.ac6.mcu.externaltools.arm-none.linux64_1.17.0.201812190825/tools/compiler/bin/../lib/gcc/arm-none-eabi/7.3.1/../../../../arm-none-eabi/lib/thumb/v7e-m/fpv4-sp/hard/libc.a(lib_a-isattyr.o): In function `_isatty_r':
isattyr.c:(.text._isatty_r+0xc): undefined reference to `_isatty'
collect2: error: ld returned 1 exit status
make: *** [makefile:38: DiscoBlinkyMoT.elf] Error 1
17:54:55 **** Incremental Build of configuration Debug for project DiscoBlinkyMoT ****
make all 
Building file: ../Src/main11.c
Invoking: MCU GCC Compiler
/home/lkosub/ENEE440/LaurenKosub_440F19_MotoScope/DiscoBlinkyMoT/Debug
arm-none-eabi-gcc -mcpu=cortex-m4 -mthumb -mfloat-abi=hard -mfpu=fpv4-sp-d16 -DSTM32L476VGTx -DSTM32L4 -DSTM32 -DDEBUG -I"/home/lkosub/ENEE440/LaurenKosub_440F19_MotoScope/DiscoBlinkyMoT/inc" -O0 -g3 -Wall -fmessage-length=0 -ffunction-sections -c -MMD -MP -MF"Src/main11.d" -MT"Src/main11.o" -o "Src/main11.o" "../Src/main11.c"
../Src/main11.c: In function 'main':
../Src/main11.c:206:55: warning: operation on 'num' may be undefined [-Wsequence-point]
   totalWaveAvg = (wave.avg +(totalWaveAvg * num) ) / (++num);
                                                      ~^~~~~~
../Src/main11.c:171:12: warning: variable 'DR' set but not used [-Wunused-but-set-variable]
   uint32_t DR;           /*!< ADC group regular data register,               Address offset: 0x40 */
            ^~
Finished building: ../Src/main11.c
 
Building target: DiscoBlinkyMoT.elf
Invoking: MCU GCC Linker
arm-none-eabi-gcc -mcpu=cortex-m4 -mthumb -mfloat-abi=hard -mfpu=fpv4-sp-d16 -nostartfiles -nodefaultlibs -nostdlib -L"/home/lkosub/ENEE440/LaurenKosub_440F19_MotoScope/DiscoBlinkyMoT/Lib" -T"/home/lkosub/ENEE440/LaurenKosub_440F19_MotoScope/DiscoBlinkyMoT/LinkerScript.ld" -Wl,-Map=output.map -Wl,--gc-sections -o "DiscoBlinkyMoT.elf" @"objects.list"  -lADC1_TIM2T_48MHz -lTIM5_DAC2_PA5 -lm
Finished building target: DiscoBlinkyMoT.elf
 
make --no-print-directory post-build
Generating binary and Printing size information:
arm-none-eabi-objcopy -O binary "DiscoBlinkyMoT.elf" "DiscoBlinkyMoT.bin"
arm-none-eabi-size "DiscoBlinkyMoT.elf"
   text	   data	    bss	    dec	    hex	filename
   8296	  13936	   4208	  26440	   6748	DiscoBlinkyMoT.elf
 
17:55:28 **** Incremental Build of configuration Debug for project DiscoBlinkyMoT ****
make all 
make: Nothing to be done for 'all'.
17:55:30 **** Incremental Build of configuration Debug for project DiscoBlinkyMoT ****
make all 
make: Nothing to be done for 'all'.
17:56:04 **** Incremental Build of configuration Debug for project DiscoBlinkyMoT ****
make all 
make: Nothing to be done for 'all'.
17:57:24 **** Incremental Build of configuration Debug for project DiscoBlinkyMoT ****
make all 
Building file: ../Src/main11.c
Invoking: MCU GCC Compiler
/home/lkosub/ENEE440/LaurenKosub_440F19_MotoScope/DiscoBlinkyMoT/Debug
arm-none-eabi-gcc -mcpu=cortex-m4 -mthumb -mfloat-abi=hard -mfpu=fpv4-sp-d16 -DSTM32L476VGTx -DSTM32L4 -DSTM32 -DDEBUG -I"/home/lkosub/ENEE440/LaurenKosub_440F19_MotoScope/DiscoBlinkyMoT/inc" -O0 -g3 -Wall -fmessage-length=0 -ffunction-sections -c -MMD -MP -MF"Src/main11.d" -MT"Src/main11.o" -o "Src/main11.o" "../Src/main11.c"
../Src/main11.c: In function 'main':
../Src/main11.c:209:55: warning: operation on 'num' may be undefined [-Wsequence-point]
   totalWaveAvg = (wave.avg +(totalWaveAvg * num) ) / (++num);
                                                      ~^~~~~~
../Src/main11.c:174:12: warning: variable 'DR' set but not used [-Wunused-but-set-variable]
   uint32_t DR;           /*!< ADC group regular data register,               Address offset: 0x40 */
            ^~
Finished building: ../Src/main11.c
 
Building target: DiscoBlinkyMoT.elf
Invoking: MCU GCC Linker
arm-none-eabi-gcc -mcpu=cortex-m4 -mthumb -mfloat-abi=hard -mfpu=fpv4-sp-d16 -nostartfiles -nodefaultlibs -nostdlib -L"/home/lkosub/ENEE440/LaurenKosub_440F19_MotoScope/DiscoBlinkyMoT/Lib" -T"/home/lkosub/ENEE440/LaurenKosub_440F19_MotoScope/DiscoBlinkyMoT/LinkerScript.ld" -Wl,-Map=output.map -Wl,--gc-sections -o "DiscoBlinkyMoT.elf" @"objects.list"  -lADC1_TIM2T_48MHz -lTIM5_DAC2_PA5 -lm
Finished building target: DiscoBlinkyMoT.elf
 
make --no-print-directory post-build
Generating binary and Printing size information:
arm-none-eabi-objcopy -O binary "DiscoBlinkyMoT.elf" "DiscoBlinkyMoT.bin"
arm-none-eabi-size "DiscoBlinkyMoT.elf"
   text	   data	    bss	    dec	    hex	filename
   8344	  13936	   4208	  26488	   6778	DiscoBlinkyMoT.elf
 
18:00:10 **** Incremental Build of configuration Debug for project DiscoBlinkyMoT ****
make all 
Building file: ../Src/main11.c
Invoking: MCU GCC Compiler
/home/lkosub/ENEE440/LaurenKosub_440F19_MotoScope/DiscoBlinkyMoT/Debug
arm-none-eabi-gcc -mcpu=cortex-m4 -mthumb -mfloat-abi=hard -mfpu=fpv4-sp-d16 -DSTM32L476VGTx -DSTM32L4 -DSTM32 -DDEBUG -I"/home/lkosub/ENEE440/LaurenKosub_440F19_MotoScope/DiscoBlinkyMoT/inc" -O0 -g3 -Wall -fmessage-length=0 -ffunction-sections -c -MMD -MP -MF"Src/main11.d" -MT"Src/main11.o" -o "Src/main11.o" "../Src/main11.c"
../Src/main11.c: In function 'main':
../Src/main11.c:218:55: warning: operation on 'num' may be undefined [-Wsequence-point]
   totalWaveAvg = (wave.avg +(totalWaveAvg * num) ) / (++num);
                                                      ~^~~~~~
../Src/main11.c:183:12: warning: variable 'DR' set but not used [-Wunused-but-set-variable]
   uint32_t DR;           /*!< ADC group regular data register,               Address offset: 0x40 */
            ^~
Finished building: ../Src/main11.c
 
Building target: DiscoBlinkyMoT.elf
Invoking: MCU GCC Linker
arm-none-eabi-gcc -mcpu=cortex-m4 -mthumb -mfloat-abi=hard -mfpu=fpv4-sp-d16 -nostartfiles -nodefaultlibs -nostdlib -L"/home/lkosub/ENEE440/LaurenKosub_440F19_MotoScope/DiscoBlinkyMoT/Lib" -T"/home/lkosub/ENEE440/LaurenKosub_440F19_MotoScope/DiscoBlinkyMoT/LinkerScript.ld" -Wl,-Map=output.map -Wl,--gc-sections -o "DiscoBlinkyMoT.elf" @"objects.list"  -lADC1_TIM2T_48MHz -lTIM5_DAC2_PA5 -lm
Finished building target: DiscoBlinkyMoT.elf
 
make --no-print-directory post-build
Generating binary and Printing size information:
arm-none-eabi-objcopy -O binary "DiscoBlinkyMoT.elf" "DiscoBlinkyMoT.bin"
arm-none-eabi-size "DiscoBlinkyMoT.elf"
   text	   data	    bss	    dec	    hex	filename
   8344	  13936	   4208	  26488	   6778	DiscoBlinkyMoT.elf
 
18:01:12 **** Incremental Build of configuration Debug for project DiscoBlinkyMoT ****
make all 
Building file: ../Src/main11.c
Invoking: MCU GCC Compiler
/home/lkosub/ENEE440/LaurenKosub_440F19_MotoScope/DiscoBlinkyMoT/Debug
arm-none-eabi-gcc -mcpu=cortex-m4 -mthumb -mfloat-abi=hard -mfpu=fpv4-sp-d16 -DSTM32L476VGTx -DSTM32L4 -DSTM32 -DDEBUG -I"/home/lkosub/ENEE440/LaurenKosub_440F19_MotoScope/DiscoBlinkyMoT/inc" -O0 -g3 -Wall -fmessage-length=0 -ffunction-sections -c -MMD -MP -MF"Src/main11.d" -MT"Src/main11.o" -o "Src/main11.o" "../Src/main11.c"
../Src/main11.c: In function 'main':
../Src/main11.c:214:55: warning: operation on 'num' may be undefined [-Wsequence-point]
   totalWaveAvg = (wave.avg +(totalWaveAvg * num) ) / (++num);
                                                      ~^~~~~~
../Src/main11.c:179:12: warning: variable 'DR' set but not used [-Wunused-but-set-variable]
   uint32_t DR;           /*!< ADC group regular data register,               Address offset: 0x40 */
            ^~
Finished building: ../Src/main11.c
 
Building target: DiscoBlinkyMoT.elf
Invoking: MCU GCC Linker
arm-none-eabi-gcc -mcpu=cortex-m4 -mthumb -mfloat-abi=hard -mfpu=fpv4-sp-d16 -nostartfiles -nodefaultlibs -nostdlib -L"/home/lkosub/ENEE440/LaurenKosub_440F19_MotoScope/DiscoBlinkyMoT/Lib" -T"/home/lkosub/ENEE440/LaurenKosub_440F19_MotoScope/DiscoBlinkyMoT/LinkerScript.ld" -Wl,-Map=output.map -Wl,--gc-sections -o "DiscoBlinkyMoT.elf" @"objects.list"  -lADC1_TIM2T_48MHz -lTIM5_DAC2_PA5 -lm
Finished building target: DiscoBlinkyMoT.elf
 
make --no-print-directory post-build
Generating binary and Printing size information:
arm-none-eabi-objcopy -O binary "DiscoBlinkyMoT.elf" "DiscoBlinkyMoT.bin"
arm-none-eabi-size "DiscoBlinkyMoT.elf"
   text	   data	    bss	    dec	    hex	filename
   8536	  13936	   4208	  26680	   6838	DiscoBlinkyMoT.elf
 
18:16:09 **** Incremental Build of configuration Debug for project DiscoBlinkyMoT ****
make all 
make: Nothing to be done for 'all'.
18:16:21 **** Incremental Build of configuration Debug for project DiscoBlinkyMoT ****
make all 
Building file: ../Src/main11.c
Invoking: MCU GCC Compiler
/home/lkosub/ENEE440/LaurenKosub_440F19_MotoScope/DiscoBlinkyMoT/Debug
arm-none-eabi-gcc -mcpu=cortex-m4 -mthumb -mfloat-abi=hard -mfpu=fpv4-sp-d16 -DSTM32L476VGTx -DSTM32L4 -DSTM32 -DDEBUG -I"/home/lkosub/ENEE440/LaurenKosub_440F19_MotoScope/DiscoBlinkyMoT/inc" -O0 -g3 -Wall -fmessage-length=0 -ffunction-sections -c -MMD -MP -MF"Src/main11.d" -MT"Src/main11.o" -o "Src/main11.o" "../Src/main11.c"
../Src/main11.c: In function 'main':
../Src/main11.c:214:19: error: 'wave' undeclared (first use in this function)
   totalWaveAvg = (wave.avg +(totalWaveAvg * num) ) / (++num);
                   ^~~~
../Src/main11.c:214:19: note: each undeclared identifier is reported only once for each function it appears in
../Src/main11.c:179:12: warning: unused variable 'DR' [-Wunused-variable]
   uint32_t DR;           /*!< ADC group regular data register,               Address offset: 0x40 */
            ^~
make: *** [Src/subdir.mk:45: Src/main11.o] Error 1
18:16:25 **** Incremental Build of configuration Debug for project DiscoBlinkyMoT ****
make all 
Building file: ../Src/main11.c
Invoking: MCU GCC Compiler
/home/lkosub/ENEE440/LaurenKosub_440F19_MotoScope/DiscoBlinkyMoT/Debug
arm-none-eabi-gcc -mcpu=cortex-m4 -mthumb -mfloat-abi=hard -mfpu=fpv4-sp-d16 -DSTM32L476VGTx -DSTM32L4 -DSTM32 -DDEBUG -I"/home/lkosub/ENEE440/LaurenKosub_440F19_MotoScope/DiscoBlinkyMoT/inc" -O0 -g3 -Wall -fmessage-length=0 -ffunction-sections -c -MMD -MP -MF"Src/main11.d" -MT"Src/main11.o" -o "Src/main11.o" "../Src/main11.c"
../Src/main11.c: In function 'main':
../Src/main11.c:214:55: warning: operation on 'num' may be undefined [-Wsequence-point]
   totalWaveAvg = (wave.avg +(totalWaveAvg * num) ) / (++num);
                                                      ~^~~~~~
../Src/main11.c:179:12: warning: unused variable 'DR' [-Wunused-variable]
   uint32_t DR;           /*!< ADC group regular data register,               Address offset: 0x40 */
            ^~
Finished building: ../Src/main11.c
 
Building target: DiscoBlinkyMoT.elf
Invoking: MCU GCC Linker
arm-none-eabi-gcc -mcpu=cortex-m4 -mthumb -mfloat-abi=hard -mfpu=fpv4-sp-d16 -nostartfiles -nodefaultlibs -nostdlib -L"/home/lkosub/ENEE440/LaurenKosub_440F19_MotoScope/DiscoBlinkyMoT/Lib" -T"/home/lkosub/ENEE440/LaurenKosub_440F19_MotoScope/DiscoBlinkyMoT/LinkerScript.ld" -Wl,-Map=output.map -Wl,--gc-sections -o "DiscoBlinkyMoT.elf" @"objects.list"  -lADC1_TIM2T_48MHz -lTIM5_DAC2_PA5 -lm
Finished building target: DiscoBlinkyMoT.elf
 
make --no-print-directory post-build
Generating binary and Printing size information:
arm-none-eabi-objcopy -O binary "DiscoBlinkyMoT.elf" "DiscoBlinkyMoT.bin"
arm-none-eabi-size "DiscoBlinkyMoT.elf"
   text	   data	    bss	    dec	    hex	filename
   8224	  13936	   4208	  26368	   6700	DiscoBlinkyMoT.elf
 
18:16:28 **** Incremental Build of configuration Debug for project DiscoBlinkyMoT ****
make all 
make: Nothing to be done for 'all'.
18:19:30 **** Incremental Build of configuration Debug for project DiscoBlinkyMoT ****
make all 
Building file: ../Src/MoT_system/MoT_DMA_Comm.S
Invoking: MCU GCC Compiler
/home/lkosub/ENEE440/LaurenKosub_440F19_MotoScope/DiscoBlinkyMoT/Debug
arm-none-eabi-gcc -mcpu=cortex-m4 -mthumb -mfloat-abi=hard -mfpu=fpv4-sp-d16 -DSTM32L476VGTx -DSTM32L4 -DSTM32 -DDEBUG -I"/home/lkosub/ENEE440/LaurenKosub_440F19_MotoScope/DiscoBlinkyMoT/inc" -O0 -g3 -Wall -fmessage-length=0 -ffunction-sections -c -MMD -MP -MF"Src/MoT_system/MoT_DMA_Comm.d" -MT"Src/MoT_system/MoT_DMA_Comm.o" -o "Src/MoT_system/MoT_DMA_Comm.o" "../Src/MoT_system/MoT_DMA_Comm.S"
Finished building: ../Src/MoT_system/MoT_DMA_Comm.S
 
Building target: DiscoBlinkyMoT.elf
Invoking: MCU GCC Linker
arm-none-eabi-gcc -mcpu=cortex-m4 -mthumb -mfloat-abi=hard -mfpu=fpv4-sp-d16 -nostartfiles -nodefaultlibs -nostdlib -L"/home/lkosub/ENEE440/LaurenKosub_440F19_MotoScope/DiscoBlinkyMoT/Lib" -T"/home/lkosub/ENEE440/LaurenKosub_440F19_MotoScope/DiscoBlinkyMoT/LinkerScript.ld" -Wl,-Map=output.map -Wl,--gc-sections -o "DiscoBlinkyMoT.elf" @"objects.list"  -lADC1_TIM2T_48MHz -lTIM5_DAC2_PA5 -lm
Finished building target: DiscoBlinkyMoT.elf
 
make --no-print-directory post-build
Generating binary and Printing size information:
arm-none-eabi-objcopy -O binary "DiscoBlinkyMoT.elf" "DiscoBlinkyMoT.bin"
arm-none-eabi-size "DiscoBlinkyMoT.elf"
   text	   data	    bss	    dec	    hex	filename
   8224	  13936	   4208	  26368	   6700	DiscoBlinkyMoT.elf
 
18:20:01 **** Incremental Build of configuration Debug for project DiscoBlinkyMoT ****
make all 
Building file: ../Src/main11.c
Invoking: MCU GCC Compiler
/home/lkosub/ENEE440/LaurenKosub_440F19_MotoScope/DiscoBlinkyMoT/Debug
arm-none-eabi-gcc -mcpu=cortex-m4 -mthumb -mfloat-abi=hard -mfpu=fpv4-sp-d16 -DSTM32L476VGTx -DSTM32L4 -DSTM32 -DDEBUG -I"/home/lkosub/ENEE440/LaurenKosub_440F19_MotoScope/DiscoBlinkyMoT/inc" -O0 -g3 -Wall -fmessage-length=0 -ffunction-sections -c -MMD -MP -MF"Src/main11.d" -MT"Src/main11.o" -o "Src/main11.o" "../Src/main11.c"
../Src/main11.c: In function 'main':
../Src/main11.c:223:55: warning: operation on 'num' may be undefined [-Wsequence-point]
   totalWaveAvg = (wave.avg +(totalWaveAvg * num) ) / (++num);
                                                      ~^~~~~~
../Src/main11.c:183:12: warning: unused variable 'DR' [-Wunused-variable]
   uint32_t DR;           /*!< ADC group regular data register,               Address offset: 0x40 */
            ^~
Finished building: ../Src/main11.c
 
Building target: DiscoBlinkyMoT.elf
Invoking: MCU GCC Linker
arm-none-eabi-gcc -mcpu=cortex-m4 -mthumb -mfloat-abi=hard -mfpu=fpv4-sp-d16 -nostartfiles -nodefaultlibs -nostdlib -L"/home/lkosub/ENEE440/LaurenKosub_440F19_MotoScope/DiscoBlinkyMoT/Lib" -T"/home/lkosub/ENEE440/LaurenKosub_440F19_MotoScope/DiscoBlinkyMoT/LinkerScript.ld" -Wl,-Map=output.map -Wl,--gc-sections -o "DiscoBlinkyMoT.elf" @"objects.list"  -lADC1_TIM2T_48MHz -lTIM5_DAC2_PA5 -lm
Src/MoT_system/MoT_DMA_Comm.o: In function `DMA_init':
/home/lkosub/ENEE440/LaurenKosub_440F19_MotoScope/DiscoBlinkyMoT/Debug/../Src/MoT_system/MoT_DMA_Comm.S:144: undefined reference to `DMA1_BASE'
/home/lkosub/ENEE440/LaurenKosub_440F19_MotoScope/DiscoBlinkyMoT/Debug/../Src/MoT_system/MoT_DMA_Comm.S:144: undefined reference to `DMA1_BASE'
/home/lkosub/ENEE440/LaurenKosub_440F19_MotoScope/DiscoBlinkyMoT/Debug/../Src/MoT_system/MoT_DMA_Comm.S:145: undefined reference to `DMA1_BASE'
/home/lkosub/ENEE440/LaurenKosub_440F19_MotoScope/DiscoBlinkyMoT/Debug/../Src/MoT_system/MoT_DMA_Comm.S:145: undefined reference to `DMA1_BASE'
/home/lkosub/ENEE440/LaurenKosub_440F19_MotoScope/DiscoBlinkyMoT/Debug/../Src/MoT_system/MoT_DMA_Comm.S:148: undefined reference to `ADC1'
/home/lkosub/ENEE440/LaurenKosub_440F19_MotoScope/DiscoBlinkyMoT/Debug/../Src/MoT_system/MoT_DMA_Comm.S:148: undefined reference to `ADC1'
/home/lkosub/ENEE440/LaurenKosub_440F19_MotoScope/DiscoBlinkyMoT/Debug/../Src/MoT_system/MoT_DMA_Comm.S:149: undefined reference to `DMA1_BASE'
/home/lkosub/ENEE440/LaurenKosub_440F19_MotoScope/DiscoBlinkyMoT/Debug/../Src/MoT_system/MoT_DMA_Comm.S:149: undefined reference to `DMA1_BASE'
/home/lkosub/ENEE440/LaurenKosub_440F19_MotoScope/DiscoBlinkyMoT/Debug/../Src/MoT_system/MoT_DMA_Comm.S:157: undefined reference to `DMA1_BASE'
/home/lkosub/ENEE440/LaurenKosub_440F19_MotoScope/DiscoBlinkyMoT/Debug/../Src/MoT_system/MoT_DMA_Comm.S:157: undefined reference to `DMA1_BASE'
/home/lkosub/ENEE440/LaurenKosub_440F19_MotoScope/DiscoBlinkyMoT/Debug/../Src/MoT_system/MoT_DMA_Comm.S:160: undefined reference to `DMA1_BASE'
Src/MoT_system/MoT_DMA_Comm.o:/home/lkosub/ENEE440/LaurenKosub_440F19_MotoScope/DiscoBlinkyMoT/Debug/../Src/MoT_system/MoT_DMA_Comm.S:160: more undefined references to `DMA1_BASE' follow
Src/MoT_system/MoT_DMA_Comm.o: In function `modify_modify_sample_rate':
/home/lkosub/ENEE440/LaurenKosub_440F19_MotoScope/DiscoBlinkyMoT/Debug/../Src/MoT_system/MoT_DMA_Comm.S:153: undefined reference to `adc_data'
collect2: error: ld returned 1 exit status
make: *** [makefile:38: DiscoBlinkyMoT.elf] Error 1
18:20:11 **** Incremental Build of configuration Debug for project DiscoBlinkyMoT ****
make all 
Building target: DiscoBlinkyMoT.elf
Invoking: MCU GCC Linker
arm-none-eabi-gcc -mcpu=cortex-m4 -mthumb -mfloat-abi=hard -mfpu=fpv4-sp-d16 -nostartfiles -nodefaultlibs -nostdlib -L"/home/lkosub/ENEE440/LaurenKosub_440F19_MotoScope/DiscoBlinkyMoT/Lib" -T"/home/lkosub/ENEE440/LaurenKosub_440F19_MotoScope/DiscoBlinkyMoT/LinkerScript.ld" -Wl,-Map=output.map -Wl,--gc-sections -o "DiscoBlinkyMoT.elf" @"objects.list"  -lADC1_TIM2T_48MHz -lTIM5_DAC2_PA5 -lm
Src/MoT_system/MoT_DMA_Comm.o: In function `DMA_init':
/home/lkosub/ENEE440/LaurenKosub_440F19_MotoScope/DiscoBlinkyMoT/Debug/../Src/MoT_system/MoT_DMA_Comm.S:144: undefined reference to `DMA1_BASE'
/home/lkosub/ENEE440/LaurenKosub_440F19_MotoScope/DiscoBlinkyMoT/Debug/../Src/MoT_system/MoT_DMA_Comm.S:144: undefined reference to `DMA1_BASE'
/home/lkosub/ENEE440/LaurenKosub_440F19_MotoScope/DiscoBlinkyMoT/Debug/../Src/MoT_system/MoT_DMA_Comm.S:145: undefined reference to `DMA1_BASE'
/home/lkosub/ENEE440/LaurenKosub_440F19_MotoScope/DiscoBlinkyMoT/Debug/../Src/MoT_system/MoT_DMA_Comm.S:145: undefined reference to `DMA1_BASE'
/home/lkosub/ENEE440/LaurenKosub_440F19_MotoScope/DiscoBlinkyMoT/Debug/../Src/MoT_system/MoT_DMA_Comm.S:148: undefined reference to `ADC1'
/home/lkosub/ENEE440/LaurenKosub_440F19_MotoScope/DiscoBlinkyMoT/Debug/../Src/MoT_system/MoT_DMA_Comm.S:148: undefined reference to `ADC1'
/home/lkosub/ENEE440/LaurenKosub_440F19_MotoScope/DiscoBlinkyMoT/Debug/../Src/MoT_system/MoT_DMA_Comm.S:149: undefined reference to `DMA1_BASE'
/home/lkosub/ENEE440/LaurenKosub_440F19_MotoScope/DiscoBlinkyMoT/Debug/../Src/MoT_system/MoT_DMA_Comm.S:149: undefined reference to `DMA1_BASE'
/home/lkosub/ENEE440/LaurenKosub_440F19_MotoScope/DiscoBlinkyMoT/Debug/../Src/MoT_system/MoT_DMA_Comm.S:157: undefined reference to `DMA1_BASE'
/home/lkosub/ENEE440/LaurenKosub_440F19_MotoScope/DiscoBlinkyMoT/Debug/../Src/MoT_system/MoT_DMA_Comm.S:157: undefined reference to `DMA1_BASE'
/home/lkosub/ENEE440/LaurenKosub_440F19_MotoScope/DiscoBlinkyMoT/Debug/../Src/MoT_system/MoT_DMA_Comm.S:160: undefined reference to `DMA1_BASE'
Src/MoT_system/MoT_DMA_Comm.o:/home/lkosub/ENEE440/LaurenKosub_440F19_MotoScope/DiscoBlinkyMoT/Debug/../Src/MoT_system/MoT_DMA_Comm.S:160: more undefined references to `DMA1_BASE' follow
Src/MoT_system/MoT_DMA_Comm.o: In function `modify_modify_sample_rate':
/home/lkosub/ENEE440/LaurenKosub_440F19_MotoScope/DiscoBlinkyMoT/Debug/../Src/MoT_system/MoT_DMA_Comm.S:153: undefined reference to `adc_data'
collect2: error: ld returned 1 exit status
make: *** [makefile:38: DiscoBlinkyMoT.elf] Error 1
18:23:48 **** Incremental Build of configuration Debug for project DiscoBlinkyMoT ****
make all 
Building file: ../Src/MoT_system/MoT_DMA_Comm.S
Invoking: MCU GCC Compiler
/home/lkosub/ENEE440/LaurenKosub_440F19_MotoScope/DiscoBlinkyMoT/Debug
arm-none-eabi-gcc -mcpu=cortex-m4 -mthumb -mfloat-abi=hard -mfpu=fpv4-sp-d16 -DSTM32L476VGTx -DSTM32L4 -DSTM32 -DDEBUG -I"/home/lkosub/ENEE440/LaurenKosub_440F19_MotoScope/DiscoBlinkyMoT/inc" -O0 -g3 -Wall -fmessage-length=0 -ffunction-sections -c -MMD -MP -MF"Src/MoT_system/MoT_DMA_Comm.d" -MT"Src/MoT_system/MoT_DMA_Comm.o" -o "Src/MoT_system/MoT_DMA_Comm.o" "../Src/MoT_system/MoT_DMA_Comm.S"
Finished building: ../Src/MoT_system/MoT_DMA_Comm.S
 
Building target: DiscoBlinkyMoT.elf
Invoking: MCU GCC Linker
arm-none-eabi-gcc -mcpu=cortex-m4 -mthumb -mfloat-abi=hard -mfpu=fpv4-sp-d16 -nostartfiles -nodefaultlibs -nostdlib -L"/home/lkosub/ENEE440/LaurenKosub_440F19_MotoScope/DiscoBlinkyMoT/Lib" -T"/home/lkosub/ENEE440/LaurenKosub_440F19_MotoScope/DiscoBlinkyMoT/LinkerScript.ld" -Wl,-Map=output.map -Wl,--gc-sections -o "DiscoBlinkyMoT.elf" @"objects.list"  -lADC1_TIM2T_48MHz -lTIM5_DAC2_PA5 -lm
Src/MoT_system/MoT_DMA_Comm.o: In function `DMA_init':
/home/lkosub/ENEE440/LaurenKosub_440F19_MotoScope/DiscoBlinkyMoT/Debug/../Src/MoT_system/MoT_DMA_Comm.S:148: undefined reference to `ADC1'
/home/lkosub/ENEE440/LaurenKosub_440F19_MotoScope/DiscoBlinkyMoT/Debug/../Src/MoT_system/MoT_DMA_Comm.S:148: undefined reference to `ADC1'
Src/MoT_system/MoT_DMA_Comm.o: In function `modify_modify_sample_rate':
/home/lkosub/ENEE440/LaurenKosub_440F19_MotoScope/DiscoBlinkyMoT/Debug/../Src/MoT_system/MoT_DMA_Comm.S:153: undefined reference to `adc_data'
collect2: error: ld returned 1 exit status
make: *** [makefile:38: DiscoBlinkyMoT.elf] Error 1
18:24:05 **** Incremental Build of configuration Debug for project DiscoBlinkyMoT ****
make all 
Building file: ../Src/main11.c
Invoking: MCU GCC Compiler
/home/lkosub/ENEE440/LaurenKosub_440F19_MotoScope/DiscoBlinkyMoT/Debug
arm-none-eabi-gcc -mcpu=cortex-m4 -mthumb -mfloat-abi=hard -mfpu=fpv4-sp-d16 -DSTM32L476VGTx -DSTM32L4 -DSTM32 -DDEBUG -I"/home/lkosub/ENEE440/LaurenKosub_440F19_MotoScope/DiscoBlinkyMoT/inc" -O0 -g3 -Wall -fmessage-length=0 -ffunction-sections -c -MMD -MP -MF"Src/main11.d" -MT"Src/main11.o" -o "Src/main11.o" "../Src/main11.c"
../Src/main11.c: In function 'main':
../Src/main11.c:222:42: error: 'adc1_data' undeclared (first use in this function); did you mean 'adc_data'?
   struct waveData wave = waveformAverage(adc1_data);
                                          ^~~~~~~~~
                                          adc_data
../Src/main11.c:222:42: note: each undeclared identifier is reported only once for each function it appears in
../Src/main11.c:223:55: warning: operation on 'num' may be undefined [-Wsequence-point]
   totalWaveAvg = (wave.avg +(totalWaveAvg * num) ) / (++num);
                                                      ~^~~~~~
../Src/main11.c:183:12: warning: unused variable 'DR' [-Wunused-variable]
   uint32_t DR;           /*!< ADC group regular data register,               Address offset: 0x40 */
            ^~
make: *** [Src/subdir.mk:45: Src/main11.o] Error 1
18:24:17 **** Incremental Build of configuration Debug for project DiscoBlinkyMoT ****
make all 
Building file: ../Src/main11.c
Invoking: MCU GCC Compiler
/home/lkosub/ENEE440/LaurenKosub_440F19_MotoScope/DiscoBlinkyMoT/Debug
arm-none-eabi-gcc -mcpu=cortex-m4 -mthumb -mfloat-abi=hard -mfpu=fpv4-sp-d16 -DSTM32L476VGTx -DSTM32L4 -DSTM32 -DDEBUG -I"/home/lkosub/ENEE440/LaurenKosub_440F19_MotoScope/DiscoBlinkyMoT/inc" -O0 -g3 -Wall -fmessage-length=0 -ffunction-sections -c -MMD -MP -MF"Src/main11.d" -MT"Src/main11.o" -o "Src/main11.o" "../Src/main11.c"
../Src/main11.c: In function 'main':
../Src/main11.c:220:23: error: 'adc1_data' undeclared (first use in this function); did you mean 'adc_data'?
   DR = ringbufbuf0_rd(adc1_data);
                       ^~~~~~~~~
                       adc_data
../Src/main11.c:220:23: note: each undeclared identifier is reported only once for each function it appears in
../Src/main11.c:223:55: warning: operation on 'num' may be undefined [-Wsequence-point]
   totalWaveAvg = (wave.avg +(totalWaveAvg * num) ) / (++num);
                                                      ~^~~~~~
../Src/main11.c:183:12: warning: variable 'DR' set but not used [-Wunused-but-set-variable]
   uint32_t DR;           /*!< ADC group regular data register,               Address offset: 0x40 */
            ^~
make: *** [Src/subdir.mk:45: Src/main11.o] Error 1
18:24:30 **** Incremental Build of configuration Debug for project DiscoBlinkyMoT ****
make all 
Building file: ../Src/main11.c
Invoking: MCU GCC Compiler
/home/lkosub/ENEE440/LaurenKosub_440F19_MotoScope/DiscoBlinkyMoT/Debug
arm-none-eabi-gcc -mcpu=cortex-m4 -mthumb -mfloat-abi=hard -mfpu=fpv4-sp-d16 -DSTM32L476VGTx -DSTM32L4 -DSTM32 -DDEBUG -I"/home/lkosub/ENEE440/LaurenKosub_440F19_MotoScope/DiscoBlinkyMoT/inc" -O0 -g3 -Wall -fmessage-length=0 -ffunction-sections -c -MMD -MP -MF"Src/main11.d" -MT"Src/main11.o" -o "Src/main11.o" "../Src/main11.c"
../Src/main11.c: In function 'main':
../Src/main11.c:223:55: warning: operation on 'num' may be undefined [-Wsequence-point]
   totalWaveAvg = (wave.avg +(totalWaveAvg * num) ) / (++num);
                                                      ~^~~~~~
../Src/main11.c:183:12: warning: variable 'DR' set but not used [-Wunused-but-set-variable]
   uint32_t DR;           /*!< ADC group regular data register,               Address offset: 0x40 */
            ^~
Finished building: ../Src/main11.c
 
Building target: DiscoBlinkyMoT.elf
Invoking: MCU GCC Linker
arm-none-eabi-gcc -mcpu=cortex-m4 -mthumb -mfloat-abi=hard -mfpu=fpv4-sp-d16 -nostartfiles -nodefaultlibs -nostdlib -L"/home/lkosub/ENEE440/LaurenKosub_440F19_MotoScope/DiscoBlinkyMoT/Lib" -T"/home/lkosub/ENEE440/LaurenKosub_440F19_MotoScope/DiscoBlinkyMoT/LinkerScript.ld" -Wl,-Map=output.map -Wl,--gc-sections -o "DiscoBlinkyMoT.elf" @"objects.list"  -lADC1_TIM2T_48MHz -lTIM5_DAC2_PA5 -lm
Src/MoT_system/MoT_DMA_Comm.o: In function `DMA_init':
/home/lkosub/ENEE440/LaurenKosub_440F19_MotoScope/DiscoBlinkyMoT/Debug/../Src/MoT_system/MoT_DMA_Comm.S:148: undefined reference to `ADC1'
/home/lkosub/ENEE440/LaurenKosub_440F19_MotoScope/DiscoBlinkyMoT/Debug/../Src/MoT_system/MoT_DMA_Comm.S:148: undefined reference to `ADC1'
collect2: error: ld returned 1 exit status
make: *** [makefile:38: DiscoBlinkyMoT.elf] Error 1
18:24:37 **** Incremental Build of configuration Debug for project DiscoBlinkyMoT ****
make all 
Building target: DiscoBlinkyMoT.elf
Invoking: MCU GCC Linker
arm-none-eabi-gcc -mcpu=cortex-m4 -mthumb -mfloat-abi=hard -mfpu=fpv4-sp-d16 -nostartfiles -nodefaultlibs -nostdlib -L"/home/lkosub/ENEE440/LaurenKosub_440F19_MotoScope/DiscoBlinkyMoT/Lib" -T"/home/lkosub/ENEE440/LaurenKosub_440F19_MotoScope/DiscoBlinkyMoT/LinkerScript.ld" -Wl,-Map=output.map -Wl,--gc-sections -o "DiscoBlinkyMoT.elf" @"objects.list"  -lADC1_TIM2T_48MHz -lTIM5_DAC2_PA5 -lm
Src/MoT_system/MoT_DMA_Comm.o: In function `DMA_init':
/home/lkosub/ENEE440/LaurenKosub_440F19_MotoScope/DiscoBlinkyMoT/Debug/../Src/MoT_system/MoT_DMA_Comm.S:148: undefined reference to `ADC1'
/home/lkosub/ENEE440/LaurenKosub_440F19_MotoScope/DiscoBlinkyMoT/Debug/../Src/MoT_system/MoT_DMA_Comm.S:148: undefined reference to `ADC1'
collect2: error: ld returned 1 exit status
make: *** [makefile:38: DiscoBlinkyMoT.elf] Error 1
18:25:02 **** Incremental Build of configuration Debug for project DiscoBlinkyMoT ****
make all 
Building file: ../Src/MoT_system/MoT_DMA_Comm.S
Invoking: MCU GCC Compiler
/home/lkosub/ENEE440/LaurenKosub_440F19_MotoScope/DiscoBlinkyMoT/Debug
arm-none-eabi-gcc -mcpu=cortex-m4 -mthumb -mfloat-abi=hard -mfpu=fpv4-sp-d16 -DSTM32L476VGTx -DSTM32L4 -DSTM32 -DDEBUG -I"/home/lkosub/ENEE440/LaurenKosub_440F19_MotoScope/DiscoBlinkyMoT/inc" -O0 -g3 -Wall -fmessage-length=0 -ffunction-sections -c -MMD -MP -MF"Src/MoT_system/MoT_DMA_Comm.d" -MT"Src/MoT_system/MoT_DMA_Comm.o" -o "Src/MoT_system/MoT_DMA_Comm.o" "../Src/MoT_system/MoT_DMA_Comm.S"
Finished building: ../Src/MoT_system/MoT_DMA_Comm.S
 
Building target: DiscoBlinkyMoT.elf
Invoking: MCU GCC Linker
arm-none-eabi-gcc -mcpu=cortex-m4 -mthumb -mfloat-abi=hard -mfpu=fpv4-sp-d16 -nostartfiles -nodefaultlibs -nostdlib -L"/home/lkosub/ENEE440/LaurenKosub_440F19_MotoScope/DiscoBlinkyMoT/Lib" -T"/home/lkosub/ENEE440/LaurenKosub_440F19_MotoScope/DiscoBlinkyMoT/LinkerScript.ld" -Wl,-Map=output.map -Wl,--gc-sections -o "DiscoBlinkyMoT.elf" @"objects.list"  -lADC1_TIM2T_48MHz -lTIM5_DAC2_PA5 -lm
Finished building target: DiscoBlinkyMoT.elf
 
make --no-print-directory post-build
Generating binary and Printing size information:
arm-none-eabi-objcopy -O binary "DiscoBlinkyMoT.elf" "DiscoBlinkyMoT.bin"
arm-none-eabi-size "DiscoBlinkyMoT.elf"
   text	   data	    bss	    dec	    hex	filename
   9184	  13936	   4208	  27328	   6ac0	DiscoBlinkyMoT.elf
 
18:25:08 **** Incremental Build of configuration Debug for project DiscoBlinkyMoT ****
make all 
make: Nothing to be done for 'all'.
18:26:48 **** Incremental Build of configuration Debug for project DiscoBlinkyMoT ****
make all 
make: Nothing to be done for 'all'.
18:26:59 **** Incremental Build of configuration Debug for project DiscoBlinkyMoT ****
make all 
make: Nothing to be done for 'all'.
18:28:32 **** Incremental Build of configuration Debug for project DiscoBlinkyMoT ****
make all 
make: Nothing to be done for 'all'.
18:29:00 **** Incremental Build of configuration Debug for project DiscoBlinkyMoT ****
make all 
make: Nothing to be done for 'all'.
18:33:22 **** Incremental Build of configuration Debug for project DiscoBlinkyMoT ****
make all 
Building file: ../Src/main11.c
Invoking: MCU GCC Compiler
/home/lkosub/ENEE440/LaurenKosub_440F19_MotoScope/DiscoBlinkyMoT/Debug
arm-none-eabi-gcc -mcpu=cortex-m4 -mthumb -mfloat-abi=hard -mfpu=fpv4-sp-d16 -DSTM32L476VGTx -DSTM32L4 -DSTM32 -DDEBUG -I"/home/lkosub/ENEE440/LaurenKosub_440F19_MotoScope/DiscoBlinkyMoT/inc" -O0 -g3 -Wall -fmessage-length=0 -ffunction-sections -c -MMD -MP -MF"Src/main11.d" -MT"Src/main11.o" -o "Src/main11.o" "../Src/main11.c"
../Src/main11.c: In function 'main':
../Src/main11.c:218:3: warning: implicit declaration of function 'ADC1_init'; did you mean 'DMA_init'? [-Wimplicit-function-declaration]
   ADC1_init();
   ^~~~~~~~~
   DMA_init
../Src/main11.c:219:3: warning: implicit declaration of function 'ADC1_NVIC_init'; did you mean 'ADC1_2_IRQinit'? [-Wimplicit-function-declaration]
   ADC1_NVIC_init();
   ^~~~~~~~~~~~~~
   ADC1_2_IRQinit
../Src/main11.c:233:55: warning: operation on 'num' may be undefined [-Wsequence-point]
   totalWaveAvg = (wave.avg +(totalWaveAvg * num) ) / (++num);
                                                      ~^~~~~~
../Src/main11.c:183:12: warning: variable 'DR' set but not used [-Wunused-but-set-variable]
   uint32_t DR;           /*!< ADC group regular data register,               Address offset: 0x40 */
            ^~
Finished building: ../Src/main11.c
 
Building target: DiscoBlinkyMoT.elf
Invoking: MCU GCC Linker
arm-none-eabi-gcc -mcpu=cortex-m4 -mthumb -mfloat-abi=hard -mfpu=fpv4-sp-d16 -nostartfiles -nodefaultlibs -nostdlib -L"/home/lkosub/ENEE440/LaurenKosub_440F19_MotoScope/DiscoBlinkyMoT/Lib" -T"/home/lkosub/ENEE440/LaurenKosub_440F19_MotoScope/DiscoBlinkyMoT/LinkerScript.ld" -Wl,-Map=output.map -Wl,--gc-sections -o "DiscoBlinkyMoT.elf" @"objects.list"  -lADC1_TIM2T_48MHz -lTIM5_DAC2_PA5 -lm
Src/main11.o: In function `main':
/home/lkosub/ENEE440/LaurenKosub_440F19_MotoScope/DiscoBlinkyMoT/Debug/../Src/main11.c:217: undefined reference to `TIM2_NVIC_init'
/home/lkosub/ENEE440/LaurenKosub_440F19_MotoScope/DiscoBlinkyMoT/Debug/../Src/main11.c:218: undefined reference to `ADC1_init'
/home/lkosub/ENEE440/LaurenKosub_440F19_MotoScope/DiscoBlinkyMoT/Debug/../Src/main11.c:219: undefined reference to `ADC1_NVIC_init'
collect2: error: ld returned 1 exit status
make: *** [makefile:38: DiscoBlinkyMoT.elf] Error 1
18:35:15 **** Incremental Build of configuration Debug for project DiscoBlinkyMoT ****
make all 
Building target: DiscoBlinkyMoT.elf
Invoking: MCU GCC Linker
arm-none-eabi-gcc -mcpu=cortex-m4 -mthumb -mfloat-abi=hard -mfpu=fpv4-sp-d16 -nostartfiles -nodefaultlibs -nostdlib -L"/home/lkosub/ENEE440/LaurenKosub_440F19_MotoScope/DiscoBlinkyMoT/Lib" -T"/home/lkosub/ENEE440/LaurenKosub_440F19_MotoScope/DiscoBlinkyMoT/LinkerScript.ld" -Wl,-Map=output.map -Wl,--gc-sections -o "DiscoBlinkyMoT.elf" @"objects.list"  -lADC1_TIM2T_48MHz -lTIM5_DAC2_PA5 -lm
Src/main11.o: In function `main':
/home/lkosub/ENEE440/LaurenKosub_440F19_MotoScope/DiscoBlinkyMoT/Debug/../Src/main11.c:217: undefined reference to `TIM2_NVIC_init'
/home/lkosub/ENEE440/LaurenKosub_440F19_MotoScope/DiscoBlinkyMoT/Debug/../Src/main11.c:218: undefined reference to `ADC1_init'
/home/lkosub/ENEE440/LaurenKosub_440F19_MotoScope/DiscoBlinkyMoT/Debug/../Src/main11.c:219: undefined reference to `ADC1_NVIC_init'
collect2: error: ld returned 1 exit status
make: *** [makefile:38: DiscoBlinkyMoT.elf] Error 1
18:39:40 **** Incremental Build of configuration Debug for project DiscoBlinkyMoT ****
make all 
Building file: ../Src/MoT_system/MoT_DMA_Comm.S
Invoking: MCU GCC Compiler
/home/lkosub/ENEE440/LaurenKosub_440F19_MotoScope/DiscoBlinkyMoT/Debug
arm-none-eabi-gcc -mcpu=cortex-m4 -mthumb -mfloat-abi=hard -mfpu=fpv4-sp-d16 -DSTM32L476VGTx -DSTM32L4 -DSTM32 -DDEBUG -I"/home/lkosub/ENEE440/LaurenKosub_440F19_MotoScope/DiscoBlinkyMoT/inc" -O0 -g3 -Wall -fmessage-length=0 -ffunction-sections -c -MMD -MP -MF"Src/MoT_system/MoT_DMA_Comm.d" -MT"Src/MoT_system/MoT_DMA_Comm.o" -o "Src/MoT_system/MoT_DMA_Comm.o" "../Src/MoT_system/MoT_DMA_Comm.S"
Finished building: ../Src/MoT_system/MoT_DMA_Comm.S
 
Building target: DiscoBlinkyMoT.elf
Invoking: MCU GCC Linker
arm-none-eabi-gcc -mcpu=cortex-m4 -mthumb -mfloat-abi=hard -mfpu=fpv4-sp-d16 -nostartfiles -nodefaultlibs -nostdlib -L"/home/lkosub/ENEE440/LaurenKosub_440F19_MotoScope/DiscoBlinkyMoT/Lib" -T"/home/lkosub/ENEE440/LaurenKosub_440F19_MotoScope/DiscoBlinkyMoT/LinkerScript.ld" -Wl,-Map=output.map -Wl,--gc-sections -o "DiscoBlinkyMoT.elf" @"objects.list"  -lADC1_TIM2T_48MHz -lTIM5_DAC2_PA5 -lm
Src/MoT_system/MoT_DMA_Comm.o: In function `modify_modify_sample_rate':
/home/lkosub/ENEE440/LaurenKosub_440F19_MotoScope/DiscoBlinkyMoT/Debug/../Src/MoT_system/MoT_DMA_Comm.S:135: undefined reference to `NVIC_ISER'
/home/lkosub/ENEE440/LaurenKosub_440F19_MotoScope/DiscoBlinkyMoT/Debug/../Src/MoT_system/MoT_DMA_Comm.S:146: undefined reference to `NVIC_IPR'
Src/main11.o: In function `main':
/home/lkosub/ENEE440/LaurenKosub_440F19_MotoScope/DiscoBlinkyMoT/Debug/../Src/main11.c:218: undefined reference to `ADC1_init'
/home/lkosub/ENEE440/LaurenKosub_440F19_MotoScope/DiscoBlinkyMoT/Debug/../Src/main11.c:219: undefined reference to `ADC1_NVIC_init'
collect2: error: ld returned 1 exit status
make: *** [makefile:38: DiscoBlinkyMoT.elf] Error 1
18:40:09 **** Incremental Build of configuration Debug for project DiscoBlinkyMoT ****
make all 
Building file: ../Src/MoT_system/MoT_DMA_Comm.S
Invoking: MCU GCC Compiler
/home/lkosub/ENEE440/LaurenKosub_440F19_MotoScope/DiscoBlinkyMoT/Debug
arm-none-eabi-gcc -mcpu=cortex-m4 -mthumb -mfloat-abi=hard -mfpu=fpv4-sp-d16 -DSTM32L476VGTx -DSTM32L4 -DSTM32 -DDEBUG -I"/home/lkosub/ENEE440/LaurenKosub_440F19_MotoScope/DiscoBlinkyMoT/inc" -O0 -g3 -Wall -fmessage-length=0 -ffunction-sections -c -MMD -MP -MF"Src/MoT_system/MoT_DMA_Comm.d" -MT"Src/MoT_system/MoT_DMA_Comm.o" -o "Src/MoT_system/MoT_DMA_Comm.o" "../Src/MoT_system/MoT_DMA_Comm.S"
Finished building: ../Src/MoT_system/MoT_DMA_Comm.S
 
Building target: DiscoBlinkyMoT.elf
Invoking: MCU GCC Linker
arm-none-eabi-gcc -mcpu=cortex-m4 -mthumb -mfloat-abi=hard -mfpu=fpv4-sp-d16 -nostartfiles -nodefaultlibs -nostdlib -L"/home/lkosub/ENEE440/LaurenKosub_440F19_MotoScope/DiscoBlinkyMoT/Lib" -T"/home/lkosub/ENEE440/LaurenKosub_440F19_MotoScope/DiscoBlinkyMoT/LinkerScript.ld" -Wl,-Map=output.map -Wl,--gc-sections -o "DiscoBlinkyMoT.elf" @"objects.list"  -lADC1_TIM2T_48MHz -lTIM5_DAC2_PA5 -lm
Src/main11.o: In function `main':
/home/lkosub/ENEE440/LaurenKosub_440F19_MotoScope/DiscoBlinkyMoT/Debug/../Src/main11.c:218: undefined reference to `ADC1_init'
/home/lkosub/ENEE440/LaurenKosub_440F19_MotoScope/DiscoBlinkyMoT/Debug/../Src/main11.c:219: undefined reference to `ADC1_NVIC_init'
collect2: error: ld returned 1 exit status
make: *** [makefile:38: DiscoBlinkyMoT.elf] Error 1
18:40:21 **** Incremental Build of configuration Debug for project DiscoBlinkyMoT ****
make all 
Building file: ../Src/MoT_system/MoT_DMA_Comm.S
Invoking: MCU GCC Compiler
/home/lkosub/ENEE440/LaurenKosub_440F19_MotoScope/DiscoBlinkyMoT/Debug
arm-none-eabi-gcc -mcpu=cortex-m4 -mthumb -mfloat-abi=hard -mfpu=fpv4-sp-d16 -DSTM32L476VGTx -DSTM32L4 -DSTM32 -DDEBUG -I"/home/lkosub/ENEE440/LaurenKosub_440F19_MotoScope/DiscoBlinkyMoT/inc" -O0 -g3 -Wall -fmessage-length=0 -ffunction-sections -c -MMD -MP -MF"Src/MoT_system/MoT_DMA_Comm.d" -MT"Src/MoT_system/MoT_DMA_Comm.o" -o "Src/MoT_system/MoT_DMA_Comm.o" "../Src/MoT_system/MoT_DMA_Comm.S"
Finished building: ../Src/MoT_system/MoT_DMA_Comm.S
 
Building target: DiscoBlinkyMoT.elf
Invoking: MCU GCC Linker
arm-none-eabi-gcc -mcpu=cortex-m4 -mthumb -mfloat-abi=hard -mfpu=fpv4-sp-d16 -nostartfiles -nodefaultlibs -nostdlib -L"/home/lkosub/ENEE440/LaurenKosub_440F19_MotoScope/DiscoBlinkyMoT/Lib" -T"/home/lkosub/ENEE440/LaurenKosub_440F19_MotoScope/DiscoBlinkyMoT/LinkerScript.ld" -Wl,-Map=output.map -Wl,--gc-sections -o "DiscoBlinkyMoT.elf" @"objects.list"  -lADC1_TIM2T_48MHz -lTIM5_DAC2_PA5 -lm
Src/main11.o: In function `main':
/home/lkosub/ENEE440/LaurenKosub_440F19_MotoScope/DiscoBlinkyMoT/Debug/../Src/main11.c:218: undefined reference to `ADC1_init'
/home/lkosub/ENEE440/LaurenKosub_440F19_MotoScope/DiscoBlinkyMoT/Debug/../Src/main11.c:219: undefined reference to `ADC1_NVIC_init'
collect2: error: ld returned 1 exit status
make: *** [makefile:38: DiscoBlinkyMoT.elf] Error 1
18:40:54 **** Incremental Build of configuration Debug for project DiscoBlinkyMoT ****
make all 
Building file: ../Src/main11.c
Invoking: MCU GCC Compiler
/home/lkosub/ENEE440/LaurenKosub_440F19_MotoScope/DiscoBlinkyMoT/Debug
arm-none-eabi-gcc -mcpu=cortex-m4 -mthumb -mfloat-abi=hard -mfpu=fpv4-sp-d16 -DSTM32L476VGTx -DSTM32L4 -DSTM32 -DDEBUG -I"/home/lkosub/ENEE440/LaurenKosub_440F19_MotoScope/DiscoBlinkyMoT/inc" -O0 -g3 -Wall -fmessage-length=0 -ffunction-sections -c -MMD -MP -MF"Src/main11.d" -MT"Src/main11.o" -o "Src/main11.o" "../Src/main11.c"
../Src/main11.c: In function 'main':
../Src/main11.c:219:3: warning: implicit declaration of function 'ADC1_NVIC_init'; did you mean 'ADC1_2_IRQinit'? [-Wimplicit-function-declaration]
   ADC1_NVIC_init();
   ^~~~~~~~~~~~~~
   ADC1_2_IRQinit
../Src/main11.c:233:55: warning: operation on 'num' may be undefined [-Wsequence-point]
   totalWaveAvg = (wave.avg +(totalWaveAvg * num) ) / (++num);
                                                      ~^~~~~~
../Src/main11.c:183:12: warning: variable 'DR' set but not used [-Wunused-but-set-variable]
   uint32_t DR;           /*!< ADC group regular data register,               Address offset: 0x40 */
            ^~
Finished building: ../Src/main11.c
 
Building target: DiscoBlinkyMoT.elf
Invoking: MCU GCC Linker
arm-none-eabi-gcc -mcpu=cortex-m4 -mthumb -mfloat-abi=hard -mfpu=fpv4-sp-d16 -nostartfiles -nodefaultlibs -nostdlib -L"/home/lkosub/ENEE440/LaurenKosub_440F19_MotoScope/DiscoBlinkyMoT/Lib" -T"/home/lkosub/ENEE440/LaurenKosub_440F19_MotoScope/DiscoBlinkyMoT/LinkerScript.ld" -Wl,-Map=output.map -Wl,--gc-sections -o "DiscoBlinkyMoT.elf" @"objects.list"  -lADC1_TIM2T_48MHz -lTIM5_DAC2_PA5 -lm
Src/main11.o: In function `main':
/home/lkosub/ENEE440/LaurenKosub_440F19_MotoScope/DiscoBlinkyMoT/Debug/../Src/main11.c:219: undefined reference to `ADC1_NVIC_init'
collect2: error: ld returned 1 exit status
make: *** [makefile:38: DiscoBlinkyMoT.elf] Error 1
18:41:07 **** Incremental Build of configuration Debug for project DiscoBlinkyMoT ****
make all 
Building file: ../Src/main11.c
Invoking: MCU GCC Compiler
/home/lkosub/ENEE440/LaurenKosub_440F19_MotoScope/DiscoBlinkyMoT/Debug
arm-none-eabi-gcc -mcpu=cortex-m4 -mthumb -mfloat-abi=hard -mfpu=fpv4-sp-d16 -DSTM32L476VGTx -DSTM32L4 -DSTM32 -DDEBUG -I"/home/lkosub/ENEE440/LaurenKosub_440F19_MotoScope/DiscoBlinkyMoT/inc" -O0 -g3 -Wall -fmessage-length=0 -ffunction-sections -c -MMD -MP -MF"Src/main11.d" -MT"Src/main11.o" -o "Src/main11.o" "../Src/main11.c"
../Src/main11.c: In function 'main':
../Src/main11.c:233:55: warning: operation on 'num' may be undefined [-Wsequence-point]
   totalWaveAvg = (wave.avg +(totalWaveAvg * num) ) / (++num);
                                                      ~^~~~~~
../Src/main11.c:183:12: warning: variable 'DR' set but not used [-Wunused-but-set-variable]
   uint32_t DR;           /*!< ADC group regular data register,               Address offset: 0x40 */
            ^~
Finished building: ../Src/main11.c
 
Building target: DiscoBlinkyMoT.elf
Invoking: MCU GCC Linker
arm-none-eabi-gcc -mcpu=cortex-m4 -mthumb -mfloat-abi=hard -mfpu=fpv4-sp-d16 -nostartfiles -nodefaultlibs -nostdlib -L"/home/lkosub/ENEE440/LaurenKosub_440F19_MotoScope/DiscoBlinkyMoT/Lib" -T"/home/lkosub/ENEE440/LaurenKosub_440F19_MotoScope/DiscoBlinkyMoT/LinkerScript.ld" -Wl,-Map=output.map -Wl,--gc-sections -o "DiscoBlinkyMoT.elf" @"objects.list"  -lADC1_TIM2T_48MHz -lTIM5_DAC2_PA5 -lm
Finished building target: DiscoBlinkyMoT.elf
 
make --no-print-directory post-build
Generating binary and Printing size information:
arm-none-eabi-objcopy -O binary "DiscoBlinkyMoT.elf" "DiscoBlinkyMoT.bin"
arm-none-eabi-size "DiscoBlinkyMoT.elf"
   text	   data	    bss	    dec	    hex	filename
   8904	  13936	   4208	  27048	   69a8	DiscoBlinkyMoT.elf
 
18:41:59 **** Incremental Build of configuration Debug for project DiscoBlinkyMoT ****
make all 
Building file: ../Src/main11.c
Invoking: MCU GCC Compiler
/home/lkosub/ENEE440/LaurenKosub_440F19_MotoScope/DiscoBlinkyMoT/Debug
arm-none-eabi-gcc -mcpu=cortex-m4 -mthumb -mfloat-abi=hard -mfpu=fpv4-sp-d16 -DSTM32L476VGTx -DSTM32L4 -DSTM32 -DDEBUG -I"/home/lkosub/ENEE440/LaurenKosub_440F19_MotoScope/DiscoBlinkyMoT/inc" -O0 -g3 -Wall -fmessage-length=0 -ffunction-sections -c -MMD -MP -MF"Src/main11.d" -MT"Src/main11.o" -o "Src/main11.o" "../Src/main11.c"
../Src/main11.c: In function 'main':
../Src/main11.c:232:55: warning: operation on 'num' may be undefined [-Wsequence-point]
   totalWaveAvg = (wave.avg +(totalWaveAvg * num) ) / (++num);
                                                      ~^~~~~~
../Src/main11.c:183:12: warning: variable 'DR' set but not used [-Wunused-but-set-variable]
   uint32_t DR;           /*!< ADC group regular data register,               Address offset: 0x40 */
            ^~
Finished building: ../Src/main11.c
 
Building target: DiscoBlinkyMoT.elf
Invoking: MCU GCC Linker
arm-none-eabi-gcc -mcpu=cortex-m4 -mthumb -mfloat-abi=hard -mfpu=fpv4-sp-d16 -nostartfiles -nodefaultlibs -nostdlib -L"/home/lkosub/ENEE440/LaurenKosub_440F19_MotoScope/DiscoBlinkyMoT/Lib" -T"/home/lkosub/ENEE440/LaurenKosub_440F19_MotoScope/DiscoBlinkyMoT/LinkerScript.ld" -Wl,-Map=output.map -Wl,--gc-sections -o "DiscoBlinkyMoT.elf" @"objects.list"  -lADC1_TIM2T_48MHz -lTIM5_DAC2_PA5 -lm
Finished building target: DiscoBlinkyMoT.elf
 
make --no-print-directory post-build
Generating binary and Printing size information:
arm-none-eabi-objcopy -O binary "DiscoBlinkyMoT.elf" "DiscoBlinkyMoT.bin"
arm-none-eabi-size "DiscoBlinkyMoT.elf"
   text	   data	    bss	    dec	    hex	filename
   8904	  13936	   4208	  27048	   69a8	DiscoBlinkyMoT.elf
 
18:43:22 **** Incremental Build of configuration Debug for project DiscoBlinkyMoT ****
make all 
Building file: ../Src/main11.c
Invoking: MCU GCC Compiler
/home/lkosub/ENEE440/LaurenKosub_440F19_MotoScope/DiscoBlinkyMoT/Debug
arm-none-eabi-gcc -mcpu=cortex-m4 -mthumb -mfloat-abi=hard -mfpu=fpv4-sp-d16 -DSTM32L476VGTx -DSTM32L4 -DSTM32 -DDEBUG -I"/home/lkosub/ENEE440/LaurenKosub_440F19_MotoScope/DiscoBlinkyMoT/inc" -O0 -g3 -Wall -fmessage-length=0 -ffunction-sections -c -MMD -MP -MF"Src/main11.d" -MT"Src/main11.o" -o "Src/main11.o" "../Src/main11.c"
../Src/main11.c: In function 'main':
../Src/main11.c:231:55: warning: operation on 'num' may be undefined [-Wsequence-point]
   totalWaveAvg = (wave.avg +(totalWaveAvg * num) ) / (++num);
                                                      ~^~~~~~
../Src/main11.c:183:12: warning: variable 'DR' set but not used [-Wunused-but-set-variable]
   uint32_t DR;           /*!< ADC group regular data register,               Address offset: 0x40 */
            ^~
Finished building: ../Src/main11.c
 
Building target: DiscoBlinkyMoT.elf
Invoking: MCU GCC Linker
arm-none-eabi-gcc -mcpu=cortex-m4 -mthumb -mfloat-abi=hard -mfpu=fpv4-sp-d16 -nostartfiles -nodefaultlibs -nostdlib -L"/home/lkosub/ENEE440/LaurenKosub_440F19_MotoScope/DiscoBlinkyMoT/Lib" -T"/home/lkosub/ENEE440/LaurenKosub_440F19_MotoScope/DiscoBlinkyMoT/LinkerScript.ld" -Wl,-Map=output.map -Wl,--gc-sections -o "DiscoBlinkyMoT.elf" @"objects.list"  -lADC1_TIM2T_48MHz -lTIM5_DAC2_PA5 -lm
Finished building target: DiscoBlinkyMoT.elf
 
make --no-print-directory post-build
Generating binary and Printing size information:
arm-none-eabi-objcopy -O binary "DiscoBlinkyMoT.elf" "DiscoBlinkyMoT.bin"
arm-none-eabi-size "DiscoBlinkyMoT.elf"
   text	   data	    bss	    dec	    hex	filename
   9232	  13936	   4208	  27376	   6af0	DiscoBlinkyMoT.elf
 
18:43:40 **** Incremental Build of configuration Debug for project DiscoBlinkyMoT ****
make all 
Building file: ../Src/main11.c
Invoking: MCU GCC Compiler
/home/lkosub/ENEE440/LaurenKosub_440F19_MotoScope/DiscoBlinkyMoT/Debug
arm-none-eabi-gcc -mcpu=cortex-m4 -mthumb -mfloat-abi=hard -mfpu=fpv4-sp-d16 -DSTM32L476VGTx -DSTM32L4 -DSTM32 -DDEBUG -I"/home/lkosub/ENEE440/LaurenKosub_440F19_MotoScope/DiscoBlinkyMoT/inc" -O0 -g3 -Wall -fmessage-length=0 -ffunction-sections -c -MMD -MP -MF"Src/main11.d" -MT"Src/main11.o" -o "Src/main11.o" "../Src/main11.c"
../Src/main11.c: In function 'main':
../Src/main11.c:224:55: warning: operation on 'num' may be undefined [-Wsequence-point]
   totalWaveAvg = (wave.avg +(totalWaveAvg * num) ) / (++num);
                                                      ~^~~~~~
../Src/main11.c:183:12: warning: variable 'DR' set but not used [-Wunused-but-set-variable]
   uint32_t DR;           /*!< ADC group regular data register,               Address offset: 0x40 */
            ^~
Finished building: ../Src/main11.c
 
Building target: DiscoBlinkyMoT.elf
Invoking: MCU GCC Linker
arm-none-eabi-gcc -mcpu=cortex-m4 -mthumb -mfloat-abi=hard -mfpu=fpv4-sp-d16 -nostartfiles -nodefaultlibs -nostdlib -L"/home/lkosub/ENEE440/LaurenKosub_440F19_MotoScope/DiscoBlinkyMoT/Lib" -T"/home/lkosub/ENEE440/LaurenKosub_440F19_MotoScope/DiscoBlinkyMoT/LinkerScript.ld" -Wl,-Map=output.map -Wl,--gc-sections -o "DiscoBlinkyMoT.elf" @"objects.list"  -lADC1_TIM2T_48MHz -lTIM5_DAC2_PA5 -lm
Finished building target: DiscoBlinkyMoT.elf
 
make --no-print-directory post-build
Generating binary and Printing size information:
arm-none-eabi-objcopy -O binary "DiscoBlinkyMoT.elf" "DiscoBlinkyMoT.bin"
arm-none-eabi-size "DiscoBlinkyMoT.elf"
   text	   data	    bss	    dec	    hex	filename
   9232	  13936	   4208	  27376	   6af0	DiscoBlinkyMoT.elf
 
18:44:44 **** Incremental Build of configuration Debug for project DiscoBlinkyMoT ****
make all 
make: Nothing to be done for 'all'.
21:58:42 **** Incremental Build of configuration Debug for project DiscoBlinkyMoT ****
make all 
Building file: ../Src/main11.c
Invoking: MCU GCC Compiler
/home/lkosub/ENEE440/LaurenKosub_440F19_MotoScope/DiscoBlinkyMoT/Debug
arm-none-eabi-gcc -mcpu=cortex-m4 -mthumb -mfloat-abi=hard -mfpu=fpv4-sp-d16 -DSTM32L476VGTx -DSTM32L4 -DSTM32 -DDEBUG -I"/home/lkosub/ENEE440/LaurenKosub_440F19_MotoScope/DiscoBlinkyMoT/inc" -O0 -g3 -Wall -fmessage-length=0 -ffunction-sections -c -MMD -MP -MF"Src/main11.d" -MT"Src/main11.o" -o "Src/main11.o" "../Src/main11.c"
../Src/main11.c: In function 'main':
../Src/main11.c:223:55: warning: operation on 'num' may be undefined [-Wsequence-point]
   totalWaveAvg = (wave.avg +(totalWaveAvg * num) ) / (++num);
                                                      ~^~~~~~
../Src/main11.c:183:12: warning: variable 'DR' set but not used [-Wunused-but-set-variable]
   uint32_t DR;           /*!< ADC group regular data register,               Address offset: 0x40 */
            ^~
Finished building: ../Src/main11.c
 
Building target: DiscoBlinkyMoT.elf
Invoking: MCU GCC Linker
arm-none-eabi-gcc -mcpu=cortex-m4 -mthumb -mfloat-abi=hard -mfpu=fpv4-sp-d16 -nostartfiles -nodefaultlibs -nostdlib -L"/home/lkosub/ENEE440/LaurenKosub_440F19_MotoScope/DiscoBlinkyMoT/Lib" -T"/home/lkosub/ENEE440/LaurenKosub_440F19_MotoScope/DiscoBlinkyMoT/LinkerScript.ld" -Wl,-Map=output.map -Wl,--gc-sections -o "DiscoBlinkyMoT.elf" @"objects.list"  -lADC1_TIM2T_48MHz -lTIM5_DAC2_PA5 -lm
Finished building target: DiscoBlinkyMoT.elf
 
make --no-print-directory post-build
Generating binary and Printing size information:
arm-none-eabi-objcopy -O binary "DiscoBlinkyMoT.elf" "DiscoBlinkyMoT.bin"
arm-none-eabi-size "DiscoBlinkyMoT.elf"
   text	   data	    bss	    dec	    hex	filename
   9232	  13936	   4208	  27376	   6af0	DiscoBlinkyMoT.elf
 
21:59:29 **** Incremental Build of configuration Debug for project DiscoBlinkyMoT ****
make all 
make: Nothing to be done for 'all'.
21:59:33 **** Incremental Build of configuration Debug for project DiscoBlinkyMoT ****
make all 
make: Nothing to be done for 'all'.
22:01:45 **** Incremental Build of configuration Debug for project DiscoBlinkyMoT ****
make all 
Building file: ../Src/MoT_system/MoT_DMA_Comm.S
Invoking: MCU GCC Compiler
/home/lkosub/ENEE440/LaurenKosub_440F19_MotoScope/DiscoBlinkyMoT/Debug
arm-none-eabi-gcc -mcpu=cortex-m4 -mthumb -mfloat-abi=hard -mfpu=fpv4-sp-d16 -DSTM32L476VGTx -DSTM32L4 -DSTM32 -DDEBUG -I"/home/lkosub/ENEE440/LaurenKosub_440F19_MotoScope/DiscoBlinkyMoT/inc" -O0 -g3 -Wall -fmessage-length=0 -ffunction-sections -c -MMD -MP -MF"Src/MoT_system/MoT_DMA_Comm.d" -MT"Src/MoT_system/MoT_DMA_Comm.o" -o "Src/MoT_system/MoT_DMA_Comm.o" "../Src/MoT_system/MoT_DMA_Comm.S"
Finished building: ../Src/MoT_system/MoT_DMA_Comm.S
 
Building target: DiscoBlinkyMoT.elf
Invoking: MCU GCC Linker
arm-none-eabi-gcc -mcpu=cortex-m4 -mthumb -mfloat-abi=hard -mfpu=fpv4-sp-d16 -nostartfiles -nodefaultlibs -nostdlib -L"/home/lkosub/ENEE440/LaurenKosub_440F19_MotoScope/DiscoBlinkyMoT/Lib" -T"/home/lkosub/ENEE440/LaurenKosub_440F19_MotoScope/DiscoBlinkyMoT/LinkerScript.ld" -Wl,-Map=output.map -Wl,--gc-sections -o "DiscoBlinkyMoT.elf" @"objects.list"  -lADC1_TIM2T_48MHz -lTIM5_DAC2_PA5 -lm
Finished building target: DiscoBlinkyMoT.elf
 
make --no-print-directory post-build
Generating binary and Printing size information:
arm-none-eabi-objcopy -O binary "DiscoBlinkyMoT.elf" "DiscoBlinkyMoT.bin"
arm-none-eabi-size "DiscoBlinkyMoT.elf"
   text	   data	    bss	    dec	    hex	filename
   9232	  13936	   4208	  27376	   6af0	DiscoBlinkyMoT.elf
 
22:02:02 **** Incremental Build of configuration Debug for project DiscoBlinkyMoT ****
make all 
make: Nothing to be done for 'all'.
22:04:16 **** Incremental Build of configuration Debug for project DiscoBlinkyMoT ****
make all 
Building file: ../Src/MoT_system/MoT_DMA_Comm.S
Invoking: MCU GCC Compiler
/home/lkosub/ENEE440/LaurenKosub_440F19_MotoScope/DiscoBlinkyMoT/Debug
arm-none-eabi-gcc -mcpu=cortex-m4 -mthumb -mfloat-abi=hard -mfpu=fpv4-sp-d16 -DSTM32L476VGTx -DSTM32L4 -DSTM32 -DDEBUG -I"/home/lkosub/ENEE440/LaurenKosub_440F19_MotoScope/DiscoBlinkyMoT/inc" -O0 -g3 -Wall -fmessage-length=0 -ffunction-sections -c -MMD -MP -MF"Src/MoT_system/MoT_DMA_Comm.d" -MT"Src/MoT_system/MoT_DMA_Comm.o" -o "Src/MoT_system/MoT_DMA_Comm.o" "../Src/MoT_system/MoT_DMA_Comm.S"
Finished building: ../Src/MoT_system/MoT_DMA_Comm.S
 
Building target: DiscoBlinkyMoT.elf
Invoking: MCU GCC Linker
arm-none-eabi-gcc -mcpu=cortex-m4 -mthumb -mfloat-abi=hard -mfpu=fpv4-sp-d16 -nostartfiles -nodefaultlibs -nostdlib -L"/home/lkosub/ENEE440/LaurenKosub_440F19_MotoScope/DiscoBlinkyMoT/Lib" -T"/home/lkosub/ENEE440/LaurenKosub_440F19_MotoScope/DiscoBlinkyMoT/LinkerScript.ld" -Wl,-Map=output.map -Wl,--gc-sections -o "DiscoBlinkyMoT.elf" @"objects.list"  -lADC1_TIM2T_48MHz -lTIM5_DAC2_PA5 -lm
Finished building target: DiscoBlinkyMoT.elf
 
make --no-print-directory post-build
Generating binary and Printing size information:
arm-none-eabi-objcopy -O binary "DiscoBlinkyMoT.elf" "DiscoBlinkyMoT.bin"
arm-none-eabi-size "DiscoBlinkyMoT.elf"
   text	   data	    bss	    dec	    hex	filename
   9216	  13936	   4208	  27360	   6ae0	DiscoBlinkyMoT.elf
 
22:04:41 **** Incremental Build of configuration Debug for project DiscoBlinkyMoT ****
make all 
make: Nothing to be done for 'all'.
22:04:55 **** Incremental Build of configuration Debug for project DiscoBlinkyMoT ****
make all 
make: Nothing to be done for 'all'.
22:04:57 **** Incremental Build of configuration Debug for project DiscoBlinkyMoT ****
make all 
make: Nothing to be done for 'all'.
22:05:43 **** Incremental Build of configuration Debug for project DiscoBlinkyMoT ****
make all 
Building file: ../Src/MoT_system/MoT_DMA_Comm.S
Invoking: MCU GCC Compiler
/home/lkosub/ENEE440/LaurenKosub_440F19_MotoScope/DiscoBlinkyMoT/Debug
arm-none-eabi-gcc -mcpu=cortex-m4 -mthumb -mfloat-abi=hard -mfpu=fpv4-sp-d16 -DSTM32L476VGTx -DSTM32L4 -DSTM32 -DDEBUG -I"/home/lkosub/ENEE440/LaurenKosub_440F19_MotoScope/DiscoBlinkyMoT/inc" -O0 -g3 -Wall -fmessage-length=0 -ffunction-sections -c -MMD -MP -MF"Src/MoT_system/MoT_DMA_Comm.d" -MT"Src/MoT_system/MoT_DMA_Comm.o" -o "Src/MoT_system/MoT_DMA_Comm.o" "../Src/MoT_system/MoT_DMA_Comm.S"
Finished building: ../Src/MoT_system/MoT_DMA_Comm.S
 
Building target: DiscoBlinkyMoT.elf
Invoking: MCU GCC Linker
arm-none-eabi-gcc -mcpu=cortex-m4 -mthumb -mfloat-abi=hard -mfpu=fpv4-sp-d16 -nostartfiles -nodefaultlibs -nostdlib -L"/home/lkosub/ENEE440/LaurenKosub_440F19_MotoScope/DiscoBlinkyMoT/Lib" -T"/home/lkosub/ENEE440/LaurenKosub_440F19_MotoScope/DiscoBlinkyMoT/LinkerScript.ld" -Wl,-Map=output.map -Wl,--gc-sections -o "DiscoBlinkyMoT.elf" @"objects.list"  -lADC1_TIM2T_48MHz -lTIM5_DAC2_PA5 -lm
Finished building target: DiscoBlinkyMoT.elf
 
make --no-print-directory post-build
Generating binary and Printing size information:
arm-none-eabi-objcopy -O binary "DiscoBlinkyMoT.elf" "DiscoBlinkyMoT.bin"
arm-none-eabi-size "DiscoBlinkyMoT.elf"
   text	   data	    bss	    dec	    hex	filename
   9224	  13936	   4208	  27368	   6ae8	DiscoBlinkyMoT.elf
 
22:05:47 **** Incremental Build of configuration Debug for project DiscoBlinkyMoT ****
make all 
make: Nothing to be done for 'all'.
22:06:10 **** Incremental Build of configuration Debug for project DiscoBlinkyMoT ****
make all 
make: Nothing to be done for 'all'.
22:09:18 **** Incremental Build of configuration Debug for project DiscoBlinkyMoT ****
make all 
Building file: ../Src/main11.c
Invoking: MCU GCC Compiler
/home/lkosub/ENEE440/LaurenKosub_440F19_MotoScope/DiscoBlinkyMoT/Debug
arm-none-eabi-gcc -mcpu=cortex-m4 -mthumb -mfloat-abi=hard -mfpu=fpv4-sp-d16 -DSTM32L476VGTx -DSTM32L4 -DSTM32 -DDEBUG -I"/home/lkosub/ENEE440/LaurenKosub_440F19_MotoScope/DiscoBlinkyMoT/inc" -O0 -g3 -Wall -fmessage-length=0 -ffunction-sections -c -MMD -MP -MF"Src/main11.d" -MT"Src/main11.o" -o "Src/main11.o" "../Src/main11.c"
../Src/main11.c: In function 'main':
../Src/main11.c:204:3: warning: implicit declaration of function 'ADC_init'; did you mean 'DMA_init'? [-Wimplicit-function-declaration]
   ADC_init();
   ^~~~~~~~
   DMA_init
../Src/main11.c:224:55: warning: operation on 'num' may be undefined [-Wsequence-point]
   totalWaveAvg = (wave.avg +(totalWaveAvg * num) ) / (++num);
                                                      ~^~~~~~
../Src/main11.c:183:12: warning: variable 'DR' set but not used [-Wunused-but-set-variable]
   uint32_t DR;           /*!< ADC group regular data register,               Address offset: 0x40 */
            ^~
Finished building: ../Src/main11.c
 
Building target: DiscoBlinkyMoT.elf
Invoking: MCU GCC Linker
arm-none-eabi-gcc -mcpu=cortex-m4 -mthumb -mfloat-abi=hard -mfpu=fpv4-sp-d16 -nostartfiles -nodefaultlibs -nostdlib -L"/home/lkosub/ENEE440/LaurenKosub_440F19_MotoScope/DiscoBlinkyMoT/Lib" -T"/home/lkosub/ENEE440/LaurenKosub_440F19_MotoScope/DiscoBlinkyMoT/LinkerScript.ld" -Wl,-Map=output.map -Wl,--gc-sections -o "DiscoBlinkyMoT.elf" @"objects.list"  -lADC1_TIM2T_48MHz -lTIM5_DAC2_PA5 -lm
Src/main11.o: In function `main':
/home/lkosub/ENEE440/LaurenKosub_440F19_MotoScope/DiscoBlinkyMoT/Debug/../Src/main11.c:204: undefined reference to `ADC_init'
collect2: error: ld returned 1 exit status
make: *** [makefile:38: DiscoBlinkyMoT.elf] Error 1
22:09:34 **** Incremental Build of configuration Debug for project DiscoBlinkyMoT ****
make all 
Building file: ../Src/main11.c
Invoking: MCU GCC Compiler
/home/lkosub/ENEE440/LaurenKosub_440F19_MotoScope/DiscoBlinkyMoT/Debug
arm-none-eabi-gcc -mcpu=cortex-m4 -mthumb -mfloat-abi=hard -mfpu=fpv4-sp-d16 -DSTM32L476VGTx -DSTM32L4 -DSTM32 -DDEBUG -I"/home/lkosub/ENEE440/LaurenKosub_440F19_MotoScope/DiscoBlinkyMoT/inc" -O0 -g3 -Wall -fmessage-length=0 -ffunction-sections -c -MMD -MP -MF"Src/main11.d" -MT"Src/main11.o" -o "Src/main11.o" "../Src/main11.c"
../Src/main11.c: In function 'main':
../Src/main11.c:204:3: warning: implicit declaration of function 'ADC1_init'; did you mean 'DMA_init'? [-Wimplicit-function-declaration]
   ADC1_init();
   ^~~~~~~~~
   DMA_init
../Src/main11.c:224:55: warning: operation on 'num' may be undefined [-Wsequence-point]
   totalWaveAvg = (wave.avg +(totalWaveAvg * num) ) / (++num);
                                                      ~^~~~~~
../Src/main11.c:183:12: warning: variable 'DR' set but not used [-Wunused-but-set-variable]
   uint32_t DR;           /*!< ADC group regular data register,               Address offset: 0x40 */
            ^~
Finished building: ../Src/main11.c
 
Building target: DiscoBlinkyMoT.elf
Invoking: MCU GCC Linker
arm-none-eabi-gcc -mcpu=cortex-m4 -mthumb -mfloat-abi=hard -mfpu=fpv4-sp-d16 -nostartfiles -nodefaultlibs -nostdlib -L"/home/lkosub/ENEE440/LaurenKosub_440F19_MotoScope/DiscoBlinkyMoT/Lib" -T"/home/lkosub/ENEE440/LaurenKosub_440F19_MotoScope/DiscoBlinkyMoT/LinkerScript.ld" -Wl,-Map=output.map -Wl,--gc-sections -o "DiscoBlinkyMoT.elf" @"objects.list"  -lADC1_TIM2T_48MHz -lTIM5_DAC2_PA5 -lm
Src/main11.o: In function `main':
/home/lkosub/ENEE440/LaurenKosub_440F19_MotoScope/DiscoBlinkyMoT/Debug/../Src/main11.c:204: undefined reference to `ADC1_init'
collect2: error: ld returned 1 exit status
make: *** [makefile:38: DiscoBlinkyMoT.elf] Error 1
22:09:45 **** Incremental Build of configuration Debug for project DiscoBlinkyMoT ****
make all 
Building file: ../Src/MoT_system/MoT_DMA_Comm.S
Invoking: MCU GCC Compiler
/home/lkosub/ENEE440/LaurenKosub_440F19_MotoScope/DiscoBlinkyMoT/Debug
arm-none-eabi-gcc -mcpu=cortex-m4 -mthumb -mfloat-abi=hard -mfpu=fpv4-sp-d16 -DSTM32L476VGTx -DSTM32L4 -DSTM32 -DDEBUG -I"/home/lkosub/ENEE440/LaurenKosub_440F19_MotoScope/DiscoBlinkyMoT/inc" -O0 -g3 -Wall -fmessage-length=0 -ffunction-sections -c -MMD -MP -MF"Src/MoT_system/MoT_DMA_Comm.d" -MT"Src/MoT_system/MoT_DMA_Comm.o" -o "Src/MoT_system/MoT_DMA_Comm.o" "../Src/MoT_system/MoT_DMA_Comm.S"
../Src/MoT_system/MoT_DMA_Comm.S: Assembler messages:
../Src/MoT_system/MoT_DMA_Comm.S:191: Error: cannot represent T32_OFFSET_IMM relocation in this object file format
../Src/MoT_system/MoT_DMA_Comm.S:191: Error: cannot represent T32_OFFSET_IMM relocation in this object file format
../Src/MoT_system/MoT_DMA_Comm.S:195: Error: cannot represent T32_OFFSET_IMM relocation in this object file format
../Src/MoT_system/MoT_DMA_Comm.S:195: Error: cannot represent T32_OFFSET_IMM relocation in this object file format
../Src/MoT_system/MoT_DMA_Comm.S:204: Error: cannot represent T32_OFFSET_IMM relocation in this object file format
../Src/MoT_system/MoT_DMA_Comm.S:204: Error: cannot represent T32_OFFSET_IMM relocation in this object file format
../Src/MoT_system/MoT_DMA_Comm.S:211: Error: cannot represent T32_OFFSET_IMM relocation in this object file format
../Src/MoT_system/MoT_DMA_Comm.S:211: Error: cannot represent T32_OFFSET_IMM relocation in this object file format
../Src/MoT_system/MoT_DMA_Comm.S:270: Error: cannot represent T32_OFFSET_IMM relocation in this object file format
../Src/MoT_system/MoT_DMA_Comm.S:279: Error: cannot represent T32_OFFSET_IMM relocation in this object file format
../Src/MoT_system/MoT_DMA_Comm.S:279: Error: cannot represent T32_OFFSET_IMM relocation in this object file format
../Src/MoT_system/MoT_DMA_Comm.S:289: Error: cannot represent T32_OFFSET_IMM relocation in this object file format
../Src/MoT_system/MoT_DMA_Comm.S:289: Error: cannot represent T32_OFFSET_IMM relocation in this object file format
../Src/MoT_system/MoT_DMA_Comm.S:294: Error: cannot represent T32_OFFSET_IMM relocation in this object file format
../Src/MoT_system/MoT_DMA_Comm.S:294: Error: cannot represent T32_OFFSET_IMM relocation in this object file format
../Src/MoT_system/MoT_DMA_Comm.S:299: Error: cannot represent T32_OFFSET_IMM relocation in this object file format
../Src/MoT_system/MoT_DMA_Comm.S:299: Error: cannot represent T32_OFFSET_IMM relocation in this object file format
../Src/MoT_system/MoT_DMA_Comm.S:306: Error: cannot represent T32_OFFSET_IMM relocation in this object file format
../Src/MoT_system/MoT_DMA_Comm.S:306: Error: cannot represent T32_OFFSET_IMM relocation in this object file format
../Src/MoT_system/MoT_DMA_Comm.S:308: Error: cannot represent T32_OFFSET_IMM relocation in this object file format
../Src/MoT_system/MoT_DMA_Comm.S:313: Error: cannot represent T32_OFFSET_IMM relocation in this object file format
../Src/MoT_system/MoT_DMA_Comm.S:313: Error: cannot represent T32_OFFSET_IMM relocation in this object file format
../Src/MoT_system/MoT_DMA_Comm.S:328: Error: cannot represent T32_OFFSET_IMM relocation in this object file format
../Src/MoT_system/MoT_DMA_Comm.S:328: Error: cannot represent T32_OFFSET_IMM relocation in this object file format
make: *** [Src/MoT_system/subdir.mk:33: Src/MoT_system/MoT_DMA_Comm.o] Error 1
22:11:19 **** Incremental Build of configuration Debug for project DiscoBlinkyMoT ****
make all 
Building file: ../Src/MoT_system/MoT_DMA_Comm.S
Invoking: MCU GCC Compiler
/home/lkosub/ENEE440/LaurenKosub_440F19_MotoScope/DiscoBlinkyMoT/Debug
arm-none-eabi-gcc -mcpu=cortex-m4 -mthumb -mfloat-abi=hard -mfpu=fpv4-sp-d16 -DSTM32L476VGTx -DSTM32L4 -DSTM32 -DDEBUG -I"/home/lkosub/ENEE440/LaurenKosub_440F19_MotoScope/DiscoBlinkyMoT/inc" -O0 -g3 -Wall -fmessage-length=0 -ffunction-sections -c -MMD -MP -MF"Src/MoT_system/MoT_DMA_Comm.d" -MT"Src/MoT_system/MoT_DMA_Comm.o" -o "Src/MoT_system/MoT_DMA_Comm.o" "../Src/MoT_system/MoT_DMA_Comm.S"
../Src/MoT_system/MoT_DMA_Comm.S: Assembler messages:
../Src/MoT_system/MoT_DMA_Comm.S:191: Error: cannot represent T32_OFFSET_IMM relocation in this object file format
../Src/MoT_system/MoT_DMA_Comm.S:191: Error: cannot represent T32_OFFSET_IMM relocation in this object file format
../Src/MoT_system/MoT_DMA_Comm.S:195: Error: cannot represent T32_OFFSET_IMM relocation in this object file format
../Src/MoT_system/MoT_DMA_Comm.S:195: Error: cannot represent T32_OFFSET_IMM relocation in this object file format
../Src/MoT_system/MoT_DMA_Comm.S:204: Error: cannot represent T32_OFFSET_IMM relocation in this object file format
../Src/MoT_system/MoT_DMA_Comm.S:204: Error: cannot represent T32_OFFSET_IMM relocation in this object file format
../Src/MoT_system/MoT_DMA_Comm.S:211: Error: cannot represent T32_OFFSET_IMM relocation in this object file format
../Src/MoT_system/MoT_DMA_Comm.S:211: Error: cannot represent T32_OFFSET_IMM relocation in this object file format
../Src/MoT_system/MoT_DMA_Comm.S:270: Error: cannot represent T32_OFFSET_IMM relocation in this object file format
../Src/MoT_system/MoT_DMA_Comm.S:279: Error: cannot represent T32_OFFSET_IMM relocation in this object file format
../Src/MoT_system/MoT_DMA_Comm.S:279: Error: cannot represent T32_OFFSET_IMM relocation in this object file format
../Src/MoT_system/MoT_DMA_Comm.S:289: Error: cannot represent T32_OFFSET_IMM relocation in this object file format
../Src/MoT_system/MoT_DMA_Comm.S:289: Error: cannot represent T32_OFFSET_IMM relocation in this object file format
../Src/MoT_system/MoT_DMA_Comm.S:294: Error: cannot represent T32_OFFSET_IMM relocation in this object file format
../Src/MoT_system/MoT_DMA_Comm.S:294: Error: cannot represent T32_OFFSET_IMM relocation in this object file format
../Src/MoT_system/MoT_DMA_Comm.S:299: Error: cannot represent T32_OFFSET_IMM relocation in this object file format
../Src/MoT_system/MoT_DMA_Comm.S:299: Error: cannot represent T32_OFFSET_IMM relocation in this object file format
../Src/MoT_system/MoT_DMA_Comm.S:306: Error: cannot represent T32_OFFSET_IMM relocation in this object file format
../Src/MoT_system/MoT_DMA_Comm.S:306: Error: cannot represent T32_OFFSET_IMM relocation in this object file format
../Src/MoT_system/MoT_DMA_Comm.S:308: Error: cannot represent T32_OFFSET_IMM relocation in this object file format
../Src/MoT_system/MoT_DMA_Comm.S:313: Error: cannot represent T32_OFFSET_IMM relocation in this object file format
../Src/MoT_system/MoT_DMA_Comm.S:313: Error: cannot represent T32_OFFSET_IMM relocation in this object file format
../Src/MoT_system/MoT_DMA_Comm.S:328: Error: cannot represent T32_OFFSET_IMM relocation in this object file format
../Src/MoT_system/MoT_DMA_Comm.S:328: Error: cannot represent T32_OFFSET_IMM relocation in this object file format
make: *** [Src/MoT_system/subdir.mk:33: Src/MoT_system/MoT_DMA_Comm.o] Error 1
22:11:37 **** Incremental Build of configuration Debug for project DiscoBlinkyMoT ****
make all 
Building file: ../Src/MoT_system/MoT_DMA_Comm.S
Invoking: MCU GCC Compiler
/home/lkosub/ENEE440/LaurenKosub_440F19_MotoScope/DiscoBlinkyMoT/Debug
arm-none-eabi-gcc -mcpu=cortex-m4 -mthumb -mfloat-abi=hard -mfpu=fpv4-sp-d16 -DSTM32L476VGTx -DSTM32L4 -DSTM32 -DDEBUG -I"/home/lkosub/ENEE440/LaurenKosub_440F19_MotoScope/DiscoBlinkyMoT/inc" -O0 -g3 -Wall -fmessage-length=0 -ffunction-sections -c -MMD -MP -MF"Src/MoT_system/MoT_DMA_Comm.d" -MT"Src/MoT_system/MoT_DMA_Comm.o" -o "Src/MoT_system/MoT_DMA_Comm.o" "../Src/MoT_system/MoT_DMA_Comm.S"
Finished building: ../Src/MoT_system/MoT_DMA_Comm.S
 
Building target: DiscoBlinkyMoT.elf
Invoking: MCU GCC Linker
arm-none-eabi-gcc -mcpu=cortex-m4 -mthumb -mfloat-abi=hard -mfpu=fpv4-sp-d16 -nostartfiles -nodefaultlibs -nostdlib -L"/home/lkosub/ENEE440/LaurenKosub_440F19_MotoScope/DiscoBlinkyMoT/Lib" -T"/home/lkosub/ENEE440/LaurenKosub_440F19_MotoScope/DiscoBlinkyMoT/LinkerScript.ld" -Wl,-Map=output.map -Wl,--gc-sections -o "DiscoBlinkyMoT.elf" @"objects.list"  -lADC1_TIM2T_48MHz -lTIM5_DAC2_PA5 -lm
Src/main11.o: In function `main':
/home/lkosub/ENEE440/LaurenKosub_440F19_MotoScope/DiscoBlinkyMoT/Debug/../Src/main11.c:204: undefined reference to `ADC1_init'
collect2: error: ld returned 1 exit status
make: *** [makefile:38: DiscoBlinkyMoT.elf] Error 1
22:14:47 **** Incremental Build of configuration Debug for project DiscoBlinkyMoT ****
make all 
Building file: ../Src/MoT_system/MoT_DMA_Comm.S
Invoking: MCU GCC Compiler
/home/lkosub/ENEE440/LaurenKosub_440F19_MotoScope/DiscoBlinkyMoT/Debug
arm-none-eabi-gcc -mcpu=cortex-m4 -mthumb -mfloat-abi=hard -mfpu=fpv4-sp-d16 -DSTM32L476VGTx -DSTM32L4 -DSTM32 -DDEBUG -I"/home/lkosub/ENEE440/LaurenKosub_440F19_MotoScope/DiscoBlinkyMoT/inc" -O0 -g3 -Wall -fmessage-length=0 -ffunction-sections -c -MMD -MP -MF"Src/MoT_system/MoT_DMA_Comm.d" -MT"Src/MoT_system/MoT_DMA_Comm.o" -o "Src/MoT_system/MoT_DMA_Comm.o" "../Src/MoT_system/MoT_DMA_Comm.S"
Finished building: ../Src/MoT_system/MoT_DMA_Comm.S
 
Building file: ../Src/main11.c
Invoking: MCU GCC Compiler
/home/lkosub/ENEE440/LaurenKosub_440F19_MotoScope/DiscoBlinkyMoT/Debug
arm-none-eabi-gcc -mcpu=cortex-m4 -mthumb -mfloat-abi=hard -mfpu=fpv4-sp-d16 -DSTM32L476VGTx -DSTM32L4 -DSTM32 -DDEBUG -I"/home/lkosub/ENEE440/LaurenKosub_440F19_MotoScope/DiscoBlinkyMoT/inc" -O0 -g3 -Wall -fmessage-length=0 -ffunction-sections -c -MMD -MP -MF"Src/main11.d" -MT"Src/main11.o" -o "Src/main11.o" "../Src/main11.c"
../Src/main11.c: In function 'main':
../Src/main11.c:223:55: warning: operation on 'num' may be undefined [-Wsequence-point]
   totalWaveAvg = (wave.avg +(totalWaveAvg * num) ) / (++num);
                                                      ~^~~~~~
[...]
Finished building: ../Src/MoT_system/MoT_DMA_Comm.S
 
Building target: DiscoBlinkyMoT.elf
Invoking: MCU GCC Linker
arm-none-eabi-gcc -mcpu=cortex-m4 -mthumb -mfloat-abi=hard -mfpu=fpv4-sp-d16 -nostartfiles -nodefaultlibs -nostdlib -L"/home/lkosub/ENEE440/LaurenKosub_440F19_MotoScope/DiscoBlinkyMoT/Lib" -T"/home/lkosub/ENEE440/LaurenKosub_440F19_MotoScope/DiscoBlinkyMoT/LinkerScript.ld" -Wl,-Map=output.map -Wl,--gc-sections -o "DiscoBlinkyMoT.elf" @"objects.list"  -lADC1_TIM2T_48MHz -lTIM5_DAC2_PA5 -lm
Src/MoTdevice_Scope.o: In function `single_mode':
/home/lkosub/ENEE440/LaurenKosub_440F19_MotoScope/DiscoBlinkyMoT/Debug/../Src/MoTdevice_Scope.S:314: undefined reference to `DMA_SINGLESHOT_PA1'
collect2: error: ld returned 1 exit status
make: *** [makefile:38: DiscoBlinkyMoT.elf] Error 1
12:26:39 **** Incremental Build of configuration Debug for project DiscoBlinkyMoT ****
make all 
Building target: DiscoBlinkyMoT.elf
Invoking: MCU GCC Linker
arm-none-eabi-gcc -mcpu=cortex-m4 -mthumb -mfloat-abi=hard -mfpu=fpv4-sp-d16 -nostartfiles -nodefaultlibs -nostdlib -L"/home/lkosub/ENEE440/LaurenKosub_440F19_MotoScope/DiscoBlinkyMoT/Lib" -T"/home/lkosub/ENEE440/LaurenKosub_440F19_MotoScope/DiscoBlinkyMoT/LinkerScript.ld" -Wl,-Map=output.map -Wl,--gc-sections -o "DiscoBlinkyMoT.elf" @"objects.list"  -lADC1_TIM2T_48MHz -lTIM5_DAC2_PA5 -lm
Src/MoTdevice_Scope.o: In function `single_mode':
/home/lkosub/ENEE440/LaurenKosub_440F19_MotoScope/DiscoBlinkyMoT/Debug/../Src/MoTdevice_Scope.S:314: undefined reference to `DMA_SINGLESHOT_PA1'
collect2: error: ld returned 1 exit status
make: *** [makefile:38: DiscoBlinkyMoT.elf] Error 1
12:27:17 **** Incremental Build of configuration Debug for project DiscoBlinkyMoT ****
make all 
Building file: ../Src/MoTdevice_Scope.S
Invoking: MCU GCC Compiler
/home/lkosub/ENEE440/LaurenKosub_440F19_MotoScope/DiscoBlinkyMoT/Debug
arm-none-eabi-gcc -mcpu=cortex-m4 -mthumb -mfloat-abi=hard -mfpu=fpv4-sp-d16 -DSTM32L476VGTx -DSTM32L4 -DSTM32 -DDEBUG -I"/home/lkosub/ENEE440/LaurenKosub_440F19_MotoScope/DiscoBlinkyMoT/inc" -O0 -g3 -Wall -fmessage-length=0 -ffunction-sections -c -MMD -MP -MF"Src/MoTdevice_Scope.d" -MT"Src/MoTdevice_Scope.o" -o "Src/MoTdevice_Scope.o" "../Src/MoTdevice_Scope.S"
Finished building: ../Src/MoTdevice_Scope.S
 
Building target: DiscoBlinkyMoT.elf
Invoking: MCU GCC Linker
arm-none-eabi-gcc -mcpu=cortex-m4 -mthumb -mfloat-abi=hard -mfpu=fpv4-sp-d16 -nostartfiles -nodefaultlibs -nostdlib -L"/home/lkosub/ENEE440/LaurenKosub_440F19_MotoScope/DiscoBlinkyMoT/Lib" -T"/home/lkosub/ENEE440/LaurenKosub_440F19_MotoScope/DiscoBlinkyMoT/LinkerScript.ld" -Wl,-Map=output.map -Wl,--gc-sections -o "DiscoBlinkyMoT.elf" @"objects.list"  -lADC1_TIM2T_48MHz -lTIM5_DAC2_PA5 -lm
Finished building target: DiscoBlinkyMoT.elf
 
make --no-print-directory post-build
Generating binary and Printing size information:
arm-none-eabi-objcopy -O binary "DiscoBlinkyMoT.elf" "DiscoBlinkyMoT.bin"
arm-none-eabi-size "DiscoBlinkyMoT.elf"
   text	   data	    bss	    dec	    hex	filename
   9560	  13936	   4208	  27704	   6c38	DiscoBlinkyMoT.elf
 
12:27:39 **** Incremental Build of configuration Debug for project DiscoBlinkyMoT ****
make all 
Building file: ../Src/MoTdevice_Scope.S
Invoking: MCU GCC Compiler
/home/lkosub/ENEE440/LaurenKosub_440F19_MotoScope/DiscoBlinkyMoT/Debug
arm-none-eabi-gcc -mcpu=cortex-m4 -mthumb -mfloat-abi=hard -mfpu=fpv4-sp-d16 -DSTM32L476VGTx -DSTM32L4 -DSTM32 -DDEBUG -I"/home/lkosub/ENEE440/LaurenKosub_440F19_MotoScope/DiscoBlinkyMoT/inc" -O0 -g3 -Wall -fmessage-length=0 -ffunction-sections -c -MMD -MP -MF"Src/MoTdevice_Scope.d" -MT"Src/MoTdevice_Scope.o" -o "Src/MoTdevice_Scope.o" "../Src/MoTdevice_Scope.S"
Finished building: ../Src/MoTdevice_Scope.S
 
Building target: DiscoBlinkyMoT.elf
Invoking: MCU GCC Linker
arm-none-eabi-gcc -mcpu=cortex-m4 -mthumb -mfloat-abi=hard -mfpu=fpv4-sp-d16 -nostartfiles -nodefaultlibs -nostdlib -L"/home/lkosub/ENEE440/LaurenKosub_440F19_MotoScope/DiscoBlinkyMoT/Lib" -T"/home/lkosub/ENEE440/LaurenKosub_440F19_MotoScope/DiscoBlinkyMoT/LinkerScript.ld" -Wl,-Map=output.map -Wl,--gc-sections -o "DiscoBlinkyMoT.elf" @"objects.list"  -lADC1_TIM2T_48MHz -lTIM5_DAC2_PA5 -lm
Finished building target: DiscoBlinkyMoT.elf
 
make --no-print-directory post-build
Generating binary and Printing size information:
arm-none-eabi-objcopy -O binary "DiscoBlinkyMoT.elf" "DiscoBlinkyMoT.bin"
arm-none-eabi-size "DiscoBlinkyMoT.elf"
   text	   data	    bss	    dec	    hex	filename
   9608	  13936	   4208	  27752	   6c68	DiscoBlinkyMoT.elf
 
18:56:13 **** Incremental Build of configuration Debug for project DiscoBlinkyMoT ****
make all 
Building file: ../Src/MoTdevice_Scope.S
Invoking: MCU GCC Compiler
/home/lkosub/ENEE440/LaurenKosub_440F19_MotoScope/DiscoBlinkyMoT/Debug
arm-none-eabi-gcc -mcpu=cortex-m4 -mthumb -mfloat-abi=hard -mfpu=fpv4-sp-d16 -DSTM32L476VGTx -DSTM32L4 -DSTM32 -DDEBUG -I"/home/lkosub/ENEE440/LaurenKosub_440F19_MotoScope/DiscoBlinkyMoT/inc" -O0 -g3 -Wall -fmessage-length=0 -ffunction-sections -c -MMD -MP -MF"Src/MoTdevice_Scope.d" -MT"Src/MoTdevice_Scope.o" -o "Src/MoTdevice_Scope.o" "../Src/MoTdevice_Scope.S"
Finished building: ../Src/MoTdevice_Scope.S
 
Building target: DiscoBlinkyMoT.elf
Invoking: MCU GCC Linker
arm-none-eabi-gcc -mcpu=cortex-m4 -mthumb -mfloat-abi=hard -mfpu=fpv4-sp-d16 -nostartfiles -nodefaultlibs -nostdlib -L"/home/lkosub/ENEE440/LaurenKosub_440F19_MotoScope/DiscoBlinkyMoT/Lib" -T"/home/lkosub/ENEE440/LaurenKosub_440F19_MotoScope/DiscoBlinkyMoT/LinkerScript.ld" -Wl,-Map=output.map -Wl,--gc-sections -o "DiscoBlinkyMoT.elf" @"objects.list"  -lADC1_TIM2T_48MHz -lTIM5_DAC2_PA5 -lm
Finished building target: DiscoBlinkyMoT.elf
 
make --no-print-directory post-build
Generating binary and Printing size information:
arm-none-eabi-objcopy -O binary "DiscoBlinkyMoT.elf" "DiscoBlinkyMoT.bin"
arm-none-eabi-size "DiscoBlinkyMoT.elf"
   text	   data	    bss	    dec	    hex	filename
   9608	  13936	   4208	  27752	   6c68	DiscoBlinkyMoT.elf
 
18:56:18 **** Incremental Build of configuration Debug for project DiscoBlinkyMoT ****
make all 
Building file: ../Src/MoT_system/MoT_DMA_Comm.S
Invoking: MCU GCC Compiler
/home/lkosub/ENEE440/LaurenKosub_440F19_MotoScope/DiscoBlinkyMoT/Debug
arm-none-eabi-gcc -mcpu=cortex-m4 -mthumb -mfloat-abi=hard -mfpu=fpv4-sp-d16 -DSTM32L476VGTx -DSTM32L4 -DSTM32 -DDEBUG -I"/home/lkosub/ENEE440/LaurenKosub_440F19_MotoScope/DiscoBlinkyMoT/inc" -O0 -g3 -Wall -fmessage-length=0 -ffunction-sections -c -MMD -MP -MF"Src/MoT_system/MoT_DMA_Comm.d" -MT"Src/MoT_system/MoT_DMA_Comm.o" -o "Src/MoT_system/MoT_DMA_Comm.o" "../Src/MoT_system/MoT_DMA_Comm.S"
Finished building: ../Src/MoT_system/MoT_DMA_Comm.S
 
Building target: DiscoBlinkyMoT.elf
Invoking: MCU GCC Linker
arm-none-eabi-gcc -mcpu=cortex-m4 -mthumb -mfloat-abi=hard -mfpu=fpv4-sp-d16 -nostartfiles -nodefaultlibs -nostdlib -L"/home/lkosub/ENEE440/LaurenKosub_440F19_MotoScope/DiscoBlinkyMoT/Lib" -T"/home/lkosub/ENEE440/LaurenKosub_440F19_MotoScope/DiscoBlinkyMoT/LinkerScript.ld" -Wl,-Map=output.map -Wl,--gc-sections -o "DiscoBlinkyMoT.elf" @"objects.list"  -lADC1_TIM2T_48MHz -lTIM5_DAC2_PA5 -lm
Finished building target: DiscoBlinkyMoT.elf
 
make --no-print-directory post-build
Generating binary and Printing size information:
arm-none-eabi-objcopy -O binary "DiscoBlinkyMoT.elf" "DiscoBlinkyMoT.bin"
arm-none-eabi-size "DiscoBlinkyMoT.elf"
   text	   data	    bss	    dec	    hex	filename
   9608	  13936	   4208	  27752	   6c68	DiscoBlinkyMoT.elf
 
18:57:05 **** Incremental Build of configuration Debug for project DiscoBlinkyMoT ****
make all 
make: Nothing to be done for 'all'.
18:57:47 **** Incremental Build of configuration Debug for project DiscoBlinkyMoT ****
make all 
Building file: ../Src/LL_device/LCDdisp.S
Invoking: MCU GCC Compiler
/home/lkosub/ENEE440/LaurenKosub_440F19_MotoScope/DiscoBlinkyMoT/Debug
arm-none-eabi-gcc -mcpu=cortex-m4 -mthumb -mfloat-abi=hard -mfpu=fpv4-sp-d16 -DSTM32L476VGTx -DSTM32L4 -DSTM32 -DDEBUG -I"/home/lkosub/ENEE440/LaurenKosub_440F19_MotoScope/DiscoBlinkyMoT/inc" -O0 -g3 -Wall -fmessage-length=0 -ffunction-sections -c -MMD -MP -MF"Src/LL_device/LCDdisp.d" -MT"Src/LL_device/LCDdisp.o" -o "Src/LL_device/LCDdisp.o" "../Src/LL_device/LCDdisp.S"
Finished building: ../Src/LL_device/LCDdisp.S
 
Building target: DiscoBlinkyMoT.elf
Invoking: MCU GCC Linker
arm-none-eabi-gcc -mcpu=cortex-m4 -mthumb -mfloat-abi=hard -mfpu=fpv4-sp-d16 -nostartfiles -nodefaultlibs -nostdlib -L"/home/lkosub/ENEE440/LaurenKosub_440F19_MotoScope/DiscoBlinkyMoT/Lib" -T"/home/lkosub/ENEE440/LaurenKosub_440F19_MotoScope/DiscoBlinkyMoT/LinkerScript.ld" -Wl,-Map=output.map -Wl,--gc-sections -o "DiscoBlinkyMoT.elf" @"objects.list"  -lADC1_TIM2T_48MHz -lTIM5_DAC2_PA5 -lm
Finished building target: DiscoBlinkyMoT.elf
 
make --no-print-directory post-build
Generating binary and Printing size information:
arm-none-eabi-objcopy -O binary "DiscoBlinkyMoT.elf" "DiscoBlinkyMoT.bin"
arm-none-eabi-size "DiscoBlinkyMoT.elf"
   text	   data	    bss	    dec	    hex	filename
   9608	  13936	   4208	  27752	   6c68	DiscoBlinkyMoT.elf
 
18:57:52 **** Incremental Build of configuration Debug for project DiscoBlinkyMoT ****
make all 
make: Nothing to be done for 'all'.
19:01:16 **** Incremental Build of configuration Debug for project DiscoBlinkyMoT ****
make all 
Building file: ../Src/LL_device/LCDdisp.S
Invoking: MCU GCC Compiler
/home/lkosub/ENEE440/LaurenKosub_440F19_MotoScope/DiscoBlinkyMoT/Debug
arm-none-eabi-gcc -mcpu=cortex-m4 -mthumb -mfloat-abi=hard -mfpu=fpv4-sp-d16 -DSTM32L476VGTx -DSTM32L4 -DSTM32 -DDEBUG -I"/home/lkosub/ENEE440/LaurenKosub_440F19_MotoScope/DiscoBlinkyMoT/inc" -O0 -g3 -Wall -fmessage-length=0 -ffunction-sections -c -MMD -MP -MF"Src/LL_device/LCDdisp.d" -MT"Src/LL_device/LCDdisp.o" -o "Src/LL_device/LCDdisp.o" "../Src/LL_device/LCDdisp.S"
Finished building: ../Src/LL_device/LCDdisp.S
 
Building target: DiscoBlinkyMoT.elf
Invoking: MCU GCC Linker
arm-none-eabi-gcc -mcpu=cortex-m4 -mthumb -mfloat-abi=hard -mfpu=fpv4-sp-d16 -nostartfiles -nodefaultlibs -nostdlib -L"/home/lkosub/ENEE440/LaurenKosub_440F19_MotoScope/DiscoBlinkyMoT/Lib" -T"/home/lkosub/ENEE440/LaurenKosub_440F19_MotoScope/DiscoBlinkyMoT/LinkerScript.ld" -Wl,-Map=output.map -Wl,--gc-sections -o "DiscoBlinkyMoT.elf" @"objects.list"  -lADC1_TIM2T_48MHz -lTIM5_DAC2_PA5 -lm
Finished building target: DiscoBlinkyMoT.elf
 
make --no-print-directory post-build
Generating binary and Printing size information:
arm-none-eabi-objcopy -O binary "DiscoBlinkyMoT.elf" "DiscoBlinkyMoT.bin"
arm-none-eabi-size "DiscoBlinkyMoT.elf"
   text	   data	    bss	    dec	    hex	filename
   9608	  13936	   4208	  27752	   6c68	DiscoBlinkyMoT.elf
 
19:01:38 **** Incremental Build of configuration Debug for project DiscoBlinkyMoT ****
make all 
Building file: ../Src/LL_device/LCDdisp.S
Invoking: MCU GCC Compiler
/home/lkosub/ENEE440/LaurenKosub_440F19_MotoScope/DiscoBlinkyMoT/Debug
arm-none-eabi-gcc -mcpu=cortex-m4 -mthumb -mfloat-abi=hard -mfpu=fpv4-sp-d16 -DSTM32L476VGTx -DSTM32L4 -DSTM32 -DDEBUG -I"/home/lkosub/ENEE440/LaurenKosub_440F19_MotoScope/DiscoBlinkyMoT/inc" -O0 -g3 -Wall -fmessage-length=0 -ffunction-sections -c -MMD -MP -MF"Src/LL_device/LCDdisp.d" -MT"Src/LL_device/LCDdisp.o" -o "Src/LL_device/LCDdisp.o" "../Src/LL_device/LCDdisp.S"
../Src/LL_device/LCDdisp.S: Assembler messages:
../Src/LL_device/LCDdisp.S:50: Error: cannot represent T32_OFFSET_IMM relocation in this object file format
../Src/LL_device/LCDdisp.S:50: Error: cannot represent T32_OFFSET_IMM relocation in this object file format
make: *** [Src/LL_device/subdir.mk:27: Src/LL_device/LCDdisp.o] Error 1
19:01:45 **** Incremental Build of configuration Debug for project DiscoBlinkyMoT ****
make all 
Building file: ../Src/LL_device/LCDdisp.S
Invoking: MCU GCC Compiler
/home/lkosub/ENEE440/LaurenKosub_440F19_MotoScope/DiscoBlinkyMoT/Debug
arm-none-eabi-gcc -mcpu=cortex-m4 -mthumb -mfloat-abi=hard -mfpu=fpv4-sp-d16 -DSTM32L476VGTx -DSTM32L4 -DSTM32 -DDEBUG -I"/home/lkosub/ENEE440/LaurenKosub_440F19_MotoScope/DiscoBlinkyMoT/inc" -O0 -g3 -Wall -fmessage-length=0 -ffunction-sections -c -MMD -MP -MF"Src/LL_device/LCDdisp.d" -MT"Src/LL_device/LCDdisp.o" -o "Src/LL_device/LCDdisp.o" "../Src/LL_device/LCDdisp.S"
Finished building: ../Src/LL_device/LCDdisp.S
 
Building target: DiscoBlinkyMoT.elf
Invoking: MCU GCC Linker
arm-none-eabi-gcc -mcpu=cortex-m4 -mthumb -mfloat-abi=hard -mfpu=fpv4-sp-d16 -nostartfiles -nodefaultlibs -nostdlib -L"/home/lkosub/ENEE440/LaurenKosub_440F19_MotoScope/DiscoBlinkyMoT/Lib" -T"/home/lkosub/ENEE440/LaurenKosub_440F19_MotoScope/DiscoBlinkyMoT/LinkerScript.ld" -Wl,-Map=output.map -Wl,--gc-sections -o "DiscoBlinkyMoT.elf" @"objects.list"  -lADC1_TIM2T_48MHz -lTIM5_DAC2_PA5 -lm
Finished building target: DiscoBlinkyMoT.elf
 
make --no-print-directory post-build
Generating binary and Printing size information:
arm-none-eabi-objcopy -O binary "DiscoBlinkyMoT.elf" "DiscoBlinkyMoT.bin"
arm-none-eabi-size "DiscoBlinkyMoT.elf"
   text	   data	    bss	    dec	    hex	filename
   9632	  13936	   4208	  27776	   6c80	DiscoBlinkyMoT.elf
 
19:03:00 **** Incremental Build of configuration Debug for project DiscoBlinkyMoT ****
make all 
Building file: ../Src/LL_device/LCDdisp.S
Invoking: MCU GCC Compiler
/home/lkosub/ENEE440/LaurenKosub_440F19_MotoScope/DiscoBlinkyMoT/Debug
arm-none-eabi-gcc -mcpu=cortex-m4 -mthumb -mfloat-abi=hard -mfpu=fpv4-sp-d16 -DSTM32L476VGTx -DSTM32L4 -DSTM32 -DDEBUG -I"/home/lkosub/ENEE440/LaurenKosub_440F19_MotoScope/DiscoBlinkyMoT/inc" -O0 -g3 -Wall -fmessage-length=0 -ffunction-sections -c -MMD -MP -MF"Src/LL_device/LCDdisp.d" -MT"Src/LL_device/LCDdisp.o" -o "Src/LL_device/LCDdisp.o" "../Src/LL_device/LCDdisp.S"
Finished building: ../Src/LL_device/LCDdisp.S
 
Building target: DiscoBlinkyMoT.elf
Invoking: MCU GCC Linker
arm-none-eabi-gcc -mcpu=cortex-m4 -mthumb -mfloat-abi=hard -mfpu=fpv4-sp-d16 -nostartfiles -nodefaultlibs -nostdlib -L"/home/lkosub/ENEE440/LaurenKosub_440F19_MotoScope/DiscoBlinkyMoT/Lib" -T"/home/lkosub/ENEE440/LaurenKosub_440F19_MotoScope/DiscoBlinkyMoT/LinkerScript.ld" -Wl,-Map=output.map -Wl,--gc-sections -o "DiscoBlinkyMoT.elf" @"objects.list"  -lADC1_TIM2T_48MHz -lTIM5_DAC2_PA5 -lm
Finished building target: DiscoBlinkyMoT.elf
 
make --no-print-directory post-build
Generating binary and Printing size information:
arm-none-eabi-objcopy -O binary "DiscoBlinkyMoT.elf" "DiscoBlinkyMoT.bin"
arm-none-eabi-size "DiscoBlinkyMoT.elf"
   text	   data	    bss	    dec	    hex	filename
   9648	  13936	   4208	  27792	   6c90	DiscoBlinkyMoT.elf
 
19:04:29 **** Incremental Build of configuration Debug for project DiscoBlinkyMoT ****
make all 
Building file: ../Src/LL_device/LCDdisp.S
Invoking: MCU GCC Compiler
/home/lkosub/ENEE440/LaurenKosub_440F19_MotoScope/DiscoBlinkyMoT/Debug
arm-none-eabi-gcc -mcpu=cortex-m4 -mthumb -mfloat-abi=hard -mfpu=fpv4-sp-d16 -DSTM32L476VGTx -DSTM32L4 -DSTM32 -DDEBUG -I"/home/lkosub/ENEE440/LaurenKosub_440F19_MotoScope/DiscoBlinkyMoT/inc" -O0 -g3 -Wall -fmessage-length=0 -ffunction-sections -c -MMD -MP -MF"Src/LL_device/LCDdisp.d" -MT"Src/LL_device/LCDdisp.o" -o "Src/LL_device/LCDdisp.o" "../Src/LL_device/LCDdisp.S"
Finished building: ../Src/LL_device/LCDdisp.S
 
Building target: DiscoBlinkyMoT.elf
Invoking: MCU GCC Linker
arm-none-eabi-gcc -mcpu=cortex-m4 -mthumb -mfloat-abi=hard -mfpu=fpv4-sp-d16 -nostartfiles -nodefaultlibs -nostdlib -L"/home/lkosub/ENEE440/LaurenKosub_440F19_MotoScope/DiscoBlinkyMoT/Lib" -T"/home/lkosub/ENEE440/LaurenKosub_440F19_MotoScope/DiscoBlinkyMoT/LinkerScript.ld" -Wl,-Map=output.map -Wl,--gc-sections -o "DiscoBlinkyMoT.elf" @"objects.list"  -lADC1_TIM2T_48MHz -lTIM5_DAC2_PA5 -lm
Finished building target: DiscoBlinkyMoT.elf
 
make --no-print-directory post-build
Generating binary and Printing size information:
arm-none-eabi-objcopy -O binary "DiscoBlinkyMoT.elf" "DiscoBlinkyMoT.bin"
arm-none-eabi-size "DiscoBlinkyMoT.elf"
   text	   data	    bss	    dec	    hex	filename
   9672	  13936	   4208	  27816	   6ca8	DiscoBlinkyMoT.elf
 
19:06:02 **** Incremental Build of configuration Debug for project DiscoBlinkyMoT ****
make all 
Building file: ../Src/LL_device/LCDdisp.S
Invoking: MCU GCC Compiler
/home/lkosub/ENEE440/LaurenKosub_440F19_MotoScope/DiscoBlinkyMoT/Debug
arm-none-eabi-gcc -mcpu=cortex-m4 -mthumb -mfloat-abi=hard -mfpu=fpv4-sp-d16 -DSTM32L476VGTx -DSTM32L4 -DSTM32 -DDEBUG -I"/home/lkosub/ENEE440/LaurenKosub_440F19_MotoScope/DiscoBlinkyMoT/inc" -O0 -g3 -Wall -fmessage-length=0 -ffunction-sections -c -MMD -MP -MF"Src/LL_device/LCDdisp.d" -MT"Src/LL_device/LCDdisp.o" -o "Src/LL_device/LCDdisp.o" "../Src/LL_device/LCDdisp.S"
Finished building: ../Src/LL_device/LCDdisp.S
 
Building target: DiscoBlinkyMoT.elf
Invoking: MCU GCC Linker
arm-none-eabi-gcc -mcpu=cortex-m4 -mthumb -mfloat-abi=hard -mfpu=fpv4-sp-d16 -nostartfiles -nodefaultlibs -nostdlib -L"/home/lkosub/ENEE440/LaurenKosub_440F19_MotoScope/DiscoBlinkyMoT/Lib" -T"/home/lkosub/ENEE440/LaurenKosub_440F19_MotoScope/DiscoBlinkyMoT/LinkerScript.ld" -Wl,-Map=output.map -Wl,--gc-sections -o "DiscoBlinkyMoT.elf" @"objects.list"  -lADC1_TIM2T_48MHz -lTIM5_DAC2_PA5 -lm
Finished building target: DiscoBlinkyMoT.elf
 
make --no-print-directory post-build
Generating binary and Printing size information:
arm-none-eabi-objcopy -O binary "DiscoBlinkyMoT.elf" "DiscoBlinkyMoT.bin"
arm-none-eabi-size "DiscoBlinkyMoT.elf"
   text	   data	    bss	    dec	    hex	filename
   9712	  13936	   4208	  27856	   6cd0	DiscoBlinkyMoT.elf
 
19:06:12 **** Incremental Build of configuration Debug for project DiscoBlinkyMoT ****
make all 
make: Nothing to be done for 'all'.
19:06:18 **** Incremental Build of configuration Debug for project DiscoBlinkyMoT ****
make all 
make: Nothing to be done for 'all'.
19:06:49 **** Incremental Build of configuration Debug for project DiscoBlinkyMoT ****
make all 
Building file: ../Src/main11.c
Invoking: MCU GCC Compiler
/home/lkosub/ENEE440/LaurenKosub_440F19_MotoScope/DiscoBlinkyMoT/Debug
arm-none-eabi-gcc -mcpu=cortex-m4 -mthumb -mfloat-abi=hard -mfpu=fpv4-sp-d16 -DSTM32L476VGTx -DSTM32L4 -DSTM32 -DDEBUG -I"/home/lkosub/ENEE440/LaurenKosub_440F19_MotoScope/DiscoBlinkyMoT/inc" -O0 -g3 -Wall -fmessage-length=0 -ffunction-sections -c -MMD -MP -MF"Src/main11.d" -MT"Src/main11.o" -o "Src/main11.o" "../Src/main11.c"
../Src/main11.c: In function 'main':
../Src/main11.c:223:55: warning: operation on 'num' may be undefined [-Wsequence-point]
   totalWaveAvg = (wave.avg +(totalWaveAvg * num) ) / (++num);
                                                      ~^~~~~~
../Src/main11.c:190:12: warning: variable 'DR' set but not used [-Wunused-but-set-variable]
   uint32_t DR;           /*!< ADC group regular data register,               Address offset: 0x40 */
            ^~
Finished building: ../Src/main11.c
 
Building target: DiscoBlinkyMoT.elf
Invoking: MCU GCC Linker
arm-none-eabi-gcc -mcpu=cortex-m4 -mthumb -mfloat-abi=hard -mfpu=fpv4-sp-d16 -nostartfiles -nodefaultlibs -nostdlib -L"/home/lkosub/ENEE440/LaurenKosub_440F19_MotoScope/DiscoBlinkyMoT/Lib" -T"/home/lkosub/ENEE440/LaurenKosub_440F19_MotoScope/DiscoBlinkyMoT/LinkerScript.ld" -Wl,-Map=output.map -Wl,--gc-sections -o "DiscoBlinkyMoT.elf" @"objects.list"  -lADC1_TIM2T_48MHz -lTIM5_DAC2_PA5 -lm
Finished building target: DiscoBlinkyMoT.elf
 
make --no-print-directory post-build
Generating binary and Printing size information:
arm-none-eabi-objcopy -O binary "DiscoBlinkyMoT.elf" "DiscoBlinkyMoT.bin"
arm-none-eabi-size "DiscoBlinkyMoT.elf"
   text	   data	    bss	    dec	    hex	filename
   9712	  13936	   4208	  27856	   6cd0	DiscoBlinkyMoT.elf
 
