
Allocating common symbols
Common symbol       size              file

serchar             0x4               Src/main06.o

Discarded input sections

 .group         0x0000000000000000        0xc .metadata/.plugins/org.eclipse.cdt.make.core/specs.o
 .text          0x0000000000000000        0x0 .metadata/.plugins/org.eclipse.cdt.make.core/specs.o
 .data          0x0000000000000000        0x0 .metadata/.plugins/org.eclipse.cdt.make.core/specs.o
 .bss           0x0000000000000000        0x0 .metadata/.plugins/org.eclipse.cdt.make.core/specs.o
 .debug_info    0x0000000000000000       0x21 .metadata/.plugins/org.eclipse.cdt.make.core/specs.o
 .debug_abbrev  0x0000000000000000       0x13 .metadata/.plugins/org.eclipse.cdt.make.core/specs.o
 .debug_aranges
                0x0000000000000000       0x18 .metadata/.plugins/org.eclipse.cdt.make.core/specs.o
 .debug_macro   0x0000000000000000       0x11 .metadata/.plugins/org.eclipse.cdt.make.core/specs.o
 .debug_macro   0x0000000000000000      0xa60 .metadata/.plugins/org.eclipse.cdt.make.core/specs.o
 .debug_line    0x0000000000000000       0x58 .metadata/.plugins/org.eclipse.cdt.make.core/specs.o
 .debug_str     0x0000000000000000     0x2d11 .metadata/.plugins/org.eclipse.cdt.make.core/specs.o
 .comment       0x0000000000000000       0x80 .metadata/.plugins/org.eclipse.cdt.make.core/specs.o
 .ARM.attributes
                0x0000000000000000       0x39 .metadata/.plugins/org.eclipse.cdt.make.core/specs.o
 .text          0x0000000000000000      0x110 Src/MoT/MoT_Cmd_Handler16.o
 .data          0x0000000000000000        0x0 Src/MoT/MoT_Cmd_Handler16.o
 .bss           0x0000000000000000        0x0 Src/MoT/MoT_Cmd_Handler16.o
 .debug_line    0x0000000000000000       0xaa Src/MoT/MoT_Cmd_Handler16.o
 .debug_info    0x0000000000000000       0x26 Src/MoT/MoT_Cmd_Handler16.o
 .debug_abbrev  0x0000000000000000       0x14 Src/MoT/MoT_Cmd_Handler16.o
 .debug_aranges
                0x0000000000000000       0x20 Src/MoT/MoT_Cmd_Handler16.o
 .debug_str     0x0000000000000000       0x78 Src/MoT/MoT_Cmd_Handler16.o
 .ARM.attributes
                0x0000000000000000       0x25 Src/MoT/MoT_Cmd_Handler16.o
 .text          0x0000000000000000       0x64 Src/MoT/MoT_Msg_Handler201.o
 .data          0x0000000000000000        0x0 Src/MoT/MoT_Msg_Handler201.o
 .bss           0x0000000000000000        0x0 Src/MoT/MoT_Msg_Handler201.o
 .debug_line    0x0000000000000000       0x7d Src/MoT/MoT_Msg_Handler201.o
 .debug_info    0x0000000000000000       0x26 Src/MoT/MoT_Msg_Handler201.o
 .debug_abbrev  0x0000000000000000       0x14 Src/MoT/MoT_Msg_Handler201.o
 .debug_aranges
                0x0000000000000000       0x20 Src/MoT/MoT_Msg_Handler201.o
 .debug_str     0x0000000000000000       0x79 Src/MoT/MoT_Msg_Handler201.o
 .ARM.attributes
                0x0000000000000000       0x25 Src/MoT/MoT_Msg_Handler201.o
 .text          0x0000000000000000        0x8 Src/MoT/MoT_admin_cfg01.o
 .data          0x0000000000000000       0x28 Src/MoT/MoT_admin_cfg01.o
 .bss           0x0000000000000000      0x9e4 Src/MoT/MoT_admin_cfg01.o
 .ARM.attributes
                0x0000000000000000       0x25 Src/MoT/MoT_admin_cfg01.o
 .text          0x0000000000000000      0x346 Src/MoTdevice_GreenLED07.o
 .data          0x0000000000000000        0x0 Src/MoTdevice_GreenLED07.o
 .bss           0x0000000000000000       0x20 Src/MoTdevice_GreenLED07.o
 .debug_line    0x0000000000000000       0xa3 Src/MoTdevice_GreenLED07.o
 .debug_info    0x0000000000000000       0x26 Src/MoTdevice_GreenLED07.o
 .debug_abbrev  0x0000000000000000       0x14 Src/MoTdevice_GreenLED07.o
 .debug_aranges
                0x0000000000000000       0x20 Src/MoTdevice_GreenLED07.o
 .debug_str     0x0000000000000000       0x77 Src/MoTdevice_GreenLED07.o
 .ARM.attributes
                0x0000000000000000       0x25 Src/MoTdevice_GreenLED07.o
 .group         0x0000000000000000        0xc Src/main06.o
 .group         0x0000000000000000        0xc Src/main06.o
 .text          0x0000000000000000        0x0 Src/main06.o
 .data          0x0000000000000000        0x0 Src/main06.o
 .bss           0x0000000000000000        0x0 Src/main06.o
 .debug_macro   0x0000000000000000      0xa60 Src/main06.o
 COMMON         0x0000000000000000        0x4 Src/main06.o
 .data          0x0000000000000000        0x0 Src/stm32L476Disco_GreenLED.o
 .bss           0x0000000000000000        0x0 Src/stm32L476Disco_GreenLED.o
 .data          0x0000000000000000        0x0 Src/stm32L476Disco_USART2_9600N81.o
 .bss           0x0000000000000000        0x0 Src/stm32L476Disco_USART2_9600N81.o
 .text          0x0000000000000000       0x14 startup/startup_stm32l476xx.o
 .data          0x0000000000000000        0x0 startup/startup_stm32l476xx.o
 .bss           0x0000000000000000        0x0 startup/startup_stm32l476xx.o

Memory Configuration

Name             Origin             Length             Attributes
RAM              0x0000000020000000 0x0000000000018000 xrw
RAM2             0x0000000010000000 0x0000000000008000 xrw
FLASH            0x0000000008000000 0x0000000000100000 xr
*default*        0x0000000000000000 0xffffffffffffffff

Linker script and memory map

LOAD .metadata/.plugins/org.eclipse.cdt.make.core/specs.o
LOAD Src/MoT/MoT_Cmd_Handler16.o
LOAD Src/MoT/MoT_Msg_Handler201.o
LOAD Src/MoT/MoT_admin_cfg01.o
LOAD Src/MoTdevice_GreenLED07.o
LOAD Src/main06.o
LOAD Src/stm32L476Disco_GreenLED.o
LOAD Src/stm32L476Disco_USART2_9600N81.o
LOAD startup/startup_stm32l476xx.o
LOAD /home/lkosub/Ac6/SystemWorkbench/plugins/fr.ac6.mcu.externaltools.arm-none.linux64_1.17.0.201812190825/tools/compiler/bin/../lib/gcc/arm-none-eabi/7.3.1/../../../../arm-none-eabi/lib/thumb/v7e-m/fpv4-sp/hard/libm.a
                0x0000000020018000                _estack = 0x20018000
                0x0000000000000200                _Min_Heap_Size = 0x200
                0x0000000000000400                _Min_Stack_Size = 0x400

.isr_vector     0x0000000008000000      0x188
                0x0000000008000000                . = ALIGN (0x8)
 *(.isr_vector)
 .isr_vector    0x0000000008000000      0x188 startup/startup_stm32l476xx.o
                0x0000000008000000                g_pfnVectors
                0x0000000008000188                . = ALIGN (0x8)

.text           0x0000000008000188      0x328
                0x0000000008000188                . = ALIGN (0x8)
 *(.text)
 .text          0x0000000008000188       0x68 Src/stm32L476Disco_GreenLED.o
                0x0000000008000188                GreenLED_init
                0x00000000080001cc                GreenLED_OFF
                0x00000000080001de                GreenLED_ON
 .text          0x00000000080001f0      0x174 Src/stm32L476Disco_USART2_9600N81.o
                0x00000000080001f0                configure_GPIOD_for_USART2
                0x0000000008000260                USART2_init
                0x00000000080002e8                USART2_nbgetchar
                0x0000000008000304                USART2_nbputchar
                0x0000000008000326                USART2_bgetchar
                0x000000000800033e                USART2_bputchar
                0x0000000008000356                USART2_writeDR
 *(.text*)
 .text.SWdelay  0x0000000008000364       0x28 Src/main06.o
                0x0000000008000364                SWdelay
 .text.main     0x000000000800038c       0xd4 Src/main06.o
                0x000000000800038c                main
 .text.Reset_Handler
                0x0000000008000460       0x48 startup/startup_stm32l476xx.o
                0x0000000008000460                Reset_Handler
 .text.Default_Handler
                0x00000000080004a8        0x2 startup/startup_stm32l476xx.o
                0x00000000080004a8                RTC_Alarm_IRQHandler
                0x00000000080004a8                EXTI2_IRQHandler
                0x00000000080004a8                TIM8_TRG_COM_IRQHandler
                0x00000000080004a8                TIM8_CC_IRQHandler
                0x00000000080004a8                DebugMon_Handler
                0x00000000080004a8                TIM1_CC_IRQHandler
                0x00000000080004a8                TSC_IRQHandler
                0x00000000080004a8                HardFault_Handler
                0x00000000080004a8                SysTick_Handler
                0x00000000080004a8                TAMP_STAMP_IRQHandler
                0x00000000080004a8                PendSV_Handler
                0x00000000080004a8                NMI_Handler
                0x00000000080004a8                EXTI3_IRQHandler
                0x00000000080004a8                LPTIM2_IRQHandler
                0x00000000080004a8                DFSDM1_FLT1_IRQHandler
                0x00000000080004a8                I2C3_ER_IRQHandler
                0x00000000080004a8                DFSDM1_FLT2_IRQHandler
                0x00000000080004a8                EXTI0_IRQHandler
                0x00000000080004a8                I2C2_EV_IRQHandler
                0x00000000080004a8                CAN1_RX0_IRQHandler
                0x00000000080004a8                FPU_IRQHandler
                0x00000000080004a8                TIM1_UP_TIM16_IRQHandler
                0x00000000080004a8                UsageFault_Handler
                0x00000000080004a8                ADC1_2_IRQHandler
                0x00000000080004a8                SPI1_IRQHandler
                0x00000000080004a8                TIM6_DAC_IRQHandler
                0x00000000080004a8                TIM8_UP_IRQHandler
                0x00000000080004a8                DMA2_Channel2_IRQHandler
                0x00000000080004a8                DMA1_Channel4_IRQHandler
                0x00000000080004a8                SAI2_IRQHandler
                0x00000000080004a8                DFSDM1_FLT3_IRQHandler
                0x00000000080004a8                USART3_IRQHandler
                0x00000000080004a8                DMA1_Channel7_IRQHandler
                0x00000000080004a8                CAN1_RX1_IRQHandler
                0x00000000080004a8                LCD_IRQHandler
                0x00000000080004a8                UART5_IRQHandler
                0x00000000080004a8                ADC3_IRQHandler
                0x00000000080004a8                TIM4_IRQHandler
                0x00000000080004a8                DMA2_Channel1_IRQHandler
                0x00000000080004a8                QUADSPI_IRQHandler
                0x00000000080004a8                I2C1_EV_IRQHandler
                0x00000000080004a8                DMA1_Channel6_IRQHandler
                0x00000000080004a8                UART4_IRQHandler
                0x00000000080004a8                DMA2_Channel4_IRQHandler
                0x00000000080004a8                TIM3_IRQHandler
                0x00000000080004a8                RCC_IRQHandler
                0x00000000080004a8                DMA1_Channel1_IRQHandler
                0x00000000080004a8                Default_Handler
                0x00000000080004a8                DMA2_Channel7_IRQHandler
                0x00000000080004a8                EXTI15_10_IRQHandler
                0x00000000080004a8                TIM7_IRQHandler
                0x00000000080004a8                SDMMC1_IRQHandler
                0x00000000080004a8                TIM5_IRQHandler
                0x00000000080004a8                I2C3_EV_IRQHandler
                0x00000000080004a8                EXTI9_5_IRQHandler
                0x00000000080004a8                RTC_WKUP_IRQHandler
                0x00000000080004a8                PVD_PVM_IRQHandler
                0x00000000080004a8                SPI2_IRQHandler
                0x00000000080004a8                MemManage_Handler
                0x00000000080004a8                CAN1_TX_IRQHandler
                0x00000000080004a8                SVC_Handler
                0x00000000080004a8                DMA2_Channel5_IRQHandler
                0x00000000080004a8                DMA1_Channel5_IRQHandler
                0x00000000080004a8                EXTI4_IRQHandler
                0x00000000080004a8                RNG_IRQHandler
                0x00000000080004a8                TIM1_TRG_COM_TIM17_IRQHandler
                0x00000000080004a8                DMA1_Channel3_IRQHandler
                0x00000000080004a8                COMP_IRQHandler
                0x00000000080004a8                WWDG_IRQHandler
                0x00000000080004a8                LPUART1_IRQHandler
                0x00000000080004a8                DMA2_Channel6_IRQHandler
                0x00000000080004a8                TIM2_IRQHandler
                0x00000000080004a8                EXTI1_IRQHandler
                0x00000000080004a8                USART2_IRQHandler
                0x00000000080004a8                DFSDM1_FLT0_IRQHandler
                0x00000000080004a8                I2C2_ER_IRQHandler
                0x00000000080004a8                DMA1_Channel2_IRQHandler
                0x00000000080004a8                TIM8_BRK_IRQHandler
                0x00000000080004a8                CAN1_SCE_IRQHandler
                0x00000000080004a8                FLASH_IRQHandler
                0x00000000080004a8                BusFault_Handler
                0x00000000080004a8                USART1_IRQHandler
                0x00000000080004a8                OTG_FS_IRQHandler
                0x00000000080004a8                SPI3_IRQHandler
                0x00000000080004a8                I2C1_ER_IRQHandler
                0x00000000080004a8                FMC_IRQHandler
                0x00000000080004a8                SWPMI1_IRQHandler
                0x00000000080004a8                LPTIM1_IRQHandler
                0x00000000080004a8                SAI1_IRQHandler
                0x00000000080004a8                DMA2_Channel3_IRQHandler
                0x00000000080004a8                TIM1_BRK_TIM15_IRQHandler
 *(.glue_7)
 .glue_7        0x00000000080004aa        0x0 linker stubs
 *(.glue_7t)
 .glue_7t       0x00000000080004aa        0x0 linker stubs
 *(.eh_frame)
 *(.init)
 *(.fini)
                0x00000000080004b0                . = ALIGN (0x8)
 *fill*         0x00000000080004aa        0x6 
                0x00000000080004b0                _etext = .

.vfp11_veneer   0x00000000080004b0        0x0
 .vfp11_veneer  0x00000000080004b0        0x0 linker stubs

.v4_bx          0x00000000080004b0        0x0
 .v4_bx         0x00000000080004b0        0x0 linker stubs

.iplt           0x00000000080004b0        0x0
 .iplt          0x00000000080004b0        0x0 Src/main06.o

.rel.dyn        0x00000000080004b0        0x0
 .rel.iplt      0x00000000080004b0        0x0 Src/main06.o

.rodata         0x00000000080004b0        0x0
                0x00000000080004b0                . = ALIGN (0x8)
 *(.rodata)
 *(.rodata*)
                0x00000000080004b0                . = ALIGN (0x8)

.ARM.extab      0x00000000080004b0        0x0
                0x00000000080004b0                . = ALIGN (0x8)
 *(.ARM.extab* .gnu.linkonce.armextab.*)
                0x00000000080004b0                . = ALIGN (0x8)

.ARM            0x00000000080004b0        0x0
                0x00000000080004b0                . = ALIGN (0x8)
                0x00000000080004b0                __exidx_start = .
 *(.ARM.exidx*)
                0x00000000080004b0                __exidx_end = .
                0x00000000080004b0                . = ALIGN (0x8)

.preinit_array  0x00000000080004b0        0x0
                0x00000000080004b0                . = ALIGN (0x8)
                [!provide]                        PROVIDE (__preinit_array_start = .)
 *(.preinit_array*)
                [!provide]                        PROVIDE (__preinit_array_end = .)
                0x00000000080004b0                . = ALIGN (0x8)

.init_array     0x00000000080004b0        0x0
                0x00000000080004b0                . = ALIGN (0x8)
                [!provide]                        PROVIDE (__init_array_start = .)
 *(SORT_BY_NAME(.init_array.*))
 *(.init_array*)
                [!provide]                        PROVIDE (__init_array_end = .)
                0x00000000080004b0                . = ALIGN (0x8)

.fini_array     0x00000000080004b0        0x0
                0x00000000080004b0                . = ALIGN (0x8)
                [!provide]                        PROVIDE (__fini_array_start = .)
 *(SORT_BY_NAME(.fini_array.*))
 *(.fini_array*)
                [!provide]                        PROVIDE (__fini_array_end = .)
                0x00000000080004b0                . = ALIGN (0x8)
                0x00000000080004b0                _sidata = LOADADDR (.data)

.data           0x0000000020000000        0x0 load address 0x00000000080004b0
                0x0000000020000000                . = ALIGN (0x8)
                0x0000000020000000                _sdata = .
 *(.data)
 *(.data*)
                0x0000000020000000                . = ALIGN (0x8)
                0x0000000020000000                _edata = .

.igot.plt       0x0000000020000000        0x0 load address 0x00000000080004b0
 .igot.plt      0x0000000020000000        0x0 Src/main06.o
                0x0000000020000000                . = ALIGN (0x4)

.bss            0x0000000020000000        0x0 load address 0x00000000080004b0
                0x0000000020000000                _sbss = .
                0x0000000020000000                __bss_start__ = _sbss
 *(.bss)
 *(.bss*)
 *(COMMON)
                0x0000000020000000                . = ALIGN (0x4)
                0x0000000020000000                _ebss = .
                0x0000000020000000                __bss_end__ = _ebss

._user_heap_stack
                0x0000000020000000      0x600 load address 0x00000000080004b0
                0x0000000020000000                . = ALIGN (0x8)
                [!provide]                        PROVIDE (end = .)
                [!provide]                        PROVIDE (_end = .)
                0x0000000020000200                . = (. + _Min_Heap_Size)
 *fill*         0x0000000020000000      0x200 
                0x0000000020000600                . = (. + _Min_Stack_Size)
 *fill*         0x0000000020000200      0x400 
                0x0000000020000600                . = ALIGN (0x8)

/DISCARD/
 libc.a(*)
 libm.a(*)
 libgcc.a(*)

.ARM.attributes
                0x0000000000000000       0x37
 *(.ARM.attributes)
 .ARM.attributes
                0x0000000000000000       0x39 Src/main06.o
 .ARM.attributes
                0x0000000000000039       0x25 Src/stm32L476Disco_GreenLED.o
 .ARM.attributes
                0x000000000000005e       0x25 Src/stm32L476Disco_USART2_9600N81.o
 .ARM.attributes
                0x0000000000000083       0x25 startup/startup_stm32l476xx.o
OUTPUT(DiscoBlinkyMoT.elf elf32-littlearm)

.debug_info     0x0000000000000000      0x183
 .debug_info    0x0000000000000000      0x115 Src/main06.o
 .debug_info    0x0000000000000115       0x26 Src/stm32L476Disco_GreenLED.o
 .debug_info    0x000000000000013b       0x26 Src/stm32L476Disco_USART2_9600N81.o
 .debug_info    0x0000000000000161       0x22 startup/startup_stm32l476xx.o

.debug_abbrev   0x0000000000000000       0xe8
 .debug_abbrev  0x0000000000000000       0xae Src/main06.o
 .debug_abbrev  0x00000000000000ae       0x14 Src/stm32L476Disco_GreenLED.o
 .debug_abbrev  0x00000000000000c2       0x14 Src/stm32L476Disco_USART2_9600N81.o
 .debug_abbrev  0x00000000000000d6       0x12 startup/startup_stm32l476xx.o

.debug_aranges  0x0000000000000000       0x90
 .debug_aranges
                0x0000000000000000       0x28 Src/main06.o
 .debug_aranges
                0x0000000000000028       0x20 Src/stm32L476Disco_GreenLED.o
 .debug_aranges
                0x0000000000000048       0x20 Src/stm32L476Disco_USART2_9600N81.o
 .debug_aranges
                0x0000000000000068       0x28 startup/startup_stm32l476xx.o

.debug_ranges   0x0000000000000000       0x38
 .debug_ranges  0x0000000000000000       0x18 Src/main06.o
 .debug_ranges  0x0000000000000018       0x20 startup/startup_stm32l476xx.o

.debug_macro    0x0000000000000000      0x368
 .debug_macro   0x0000000000000000       0x1a Src/main06.o
 .debug_macro   0x000000000000001a      0x34e Src/main06.o

.debug_line     0x0000000000000000      0x2ff
 .debug_line    0x0000000000000000      0x145 Src/main06.o
 .debug_line    0x0000000000000145       0x6e Src/stm32L476Disco_GreenLED.o
 .debug_line    0x00000000000001b3       0xcf Src/stm32L476Disco_USART2_9600N81.o
 .debug_line    0x0000000000000282       0x7d startup/startup_stm32l476xx.o

.debug_str      0x0000000000000000     0x3704
 .debug_str     0x0000000000000000     0x368d Src/main06.o
                                       0x37f8 (size before relaxing)
 .debug_str     0x000000000000368d       0x2f Src/stm32L476Disco_GreenLED.o
                                         0x7a (size before relaxing)
 .debug_str     0x00000000000036bc       0x27 Src/stm32L476Disco_USART2_9600N81.o
                                         0x80 (size before relaxing)
 .debug_str     0x00000000000036e3       0x21 startup/startup_stm32l476xx.o
                                         0x7a (size before relaxing)

.comment        0x0000000000000000       0x7f
 .comment       0x0000000000000000       0x7f Src/main06.o
                                         0x80 (size before relaxing)

.debug_frame    0x0000000000000000       0x58
 .debug_frame   0x0000000000000000       0x58 Src/main06.o
