
Discarded input sections

 .data          0x0000000000000000        0x0 Src/GreenLED.o
 .bss           0x0000000000000000        0x0 Src/GreenLED.o
 .group         0x0000000000000000        0xc Src/main03.o
 .group         0x0000000000000000        0xc Src/main03.o
 .text          0x0000000000000000        0x0 Src/main03.o
 .data          0x0000000000000000        0x0 Src/main03.o
 .bss           0x0000000000000000        0x0 Src/main03.o
 .text.SWdelay  0x0000000000000000       0x28 Src/main03.o
 .data          0x0000000000000000        0x0 Src/myDataOps02.o
 .bss           0x0000000000000000        0x0 Src/myDataOps02.o
 .text          0x0000000000000000       0x14 startup/startup_stm32l476xx.o
 .data          0x0000000000000000        0x0 startup/startup_stm32l476xx.o
 .bss           0x0000000000000000        0x0 startup/startup_stm32l476xx.o

Memory Configuration

Name             Origin             Length             Attributes
RAM              0x0000000020000000 0x0000000000018000 xrw
RAM2             0x0000000010000000 0x0000000000008000 xrw
FLASH            0x0000000008000000 0x0000000000100000 xr
*default*        0x0000000000000000 0xffffffffffffffff

Linker script and memory map

LOAD Src/GreenLED.o
LOAD Src/main03.o
LOAD Src/myDataOps02.o
LOAD startup/startup_stm32l476xx.o
LOAD /home/lkosub/Ac6/SystemWorkbench/plugins/fr.ac6.mcu.externaltools.arm-none.linux64_1.17.0.201812190825/tools/compiler/bin/../lib/gcc/arm-none-eabi/7.3.1/../../../../arm-none-eabi/lib/thumb/v7e-m/fpv4-sp/hard/libm.a
                0x0000000020018000                _estack = 0x20018000
                0x0000000000000200                _Min_Heap_Size = 0x200
                0x0000000000000400                _Min_Stack_Size = 0x400

.isr_vector     0x0000000008000000      0x188
                0x0000000008000000                . = ALIGN (0x8)
 *(.isr_vector)
 .isr_vector    0x0000000008000000      0x188 startup/startup_stm32l476xx.o
                0x0000000008000000                g_pfnVectors
                0x0000000008000188                . = ALIGN (0x8)

.text           0x0000000008000188      0x160
                0x0000000008000188                . = ALIGN (0x8)
 *(.text)
 .text          0x0000000008000188       0x4c Src/GreenLED.o
                0x0000000008000188                initGPIOE8
                0x00000000080001be                togglePE8
 .text          0x00000000080001d4       0xa8 Src/myDataOps02.o
                0x00000000080001d4                DBGMCU_FREEZE_TIM2
                0x00000000080001e0                DBGMCU_UNFREEZE_TIM2
                0x00000000080001ec                connect_TIM2_CH1_to_PA0
                0x00000000080001f0                TIM2_init
                0x0000000008000238                TIM2_poll
 *(.text*)
 .text.main     0x000000000800027c       0x1a Src/main03.o
                0x000000000800027c                main
 *fill*         0x0000000008000296        0x2 
 .text.Reset_Handler
                0x0000000008000298       0x48 startup/startup_stm32l476xx.o
                0x0000000008000298                Reset_Handler
 .text.Default_Handler
                0x00000000080002e0        0x2 startup/startup_stm32l476xx.o
                0x00000000080002e0                RTC_Alarm_IRQHandler
                0x00000000080002e0                EXTI2_IRQHandler
                0x00000000080002e0                TIM8_TRG_COM_IRQHandler
                0x00000000080002e0                TIM8_CC_IRQHandler
                0x00000000080002e0                DebugMon_Handler
                0x00000000080002e0                TIM1_CC_IRQHandler
                0x00000000080002e0                TSC_IRQHandler
                0x00000000080002e0                HardFault_Handler
                0x00000000080002e0                SysTick_Handler
                0x00000000080002e0                TAMP_STAMP_IRQHandler
                0x00000000080002e0                PendSV_Handler
                0x00000000080002e0                NMI_Handler
                0x00000000080002e0                EXTI3_IRQHandler
                0x00000000080002e0                LPTIM2_IRQHandler
                0x00000000080002e0                DFSDM1_FLT1_IRQHandler
                0x00000000080002e0                I2C3_ER_IRQHandler
                0x00000000080002e0                DFSDM1_FLT2_IRQHandler
                0x00000000080002e0                EXTI0_IRQHandler
                0x00000000080002e0                I2C2_EV_IRQHandler
                0x00000000080002e0                CAN1_RX0_IRQHandler
                0x00000000080002e0                FPU_IRQHandler
                0x00000000080002e0                TIM1_UP_TIM16_IRQHandler
                0x00000000080002e0                UsageFault_Handler
                0x00000000080002e0                ADC1_2_IRQHandler
                0x00000000080002e0                SPI1_IRQHandler
                0x00000000080002e0                TIM6_DAC_IRQHandler
                0x00000000080002e0                TIM8_UP_IRQHandler
                0x00000000080002e0                DMA2_Channel2_IRQHandler
                0x00000000080002e0                DMA1_Channel4_IRQHandler
                0x00000000080002e0                SAI2_IRQHandler
                0x00000000080002e0                DFSDM1_FLT3_IRQHandler
                0x00000000080002e0                USART3_IRQHandler
                0x00000000080002e0                DMA1_Channel7_IRQHandler
                0x00000000080002e0                CAN1_RX1_IRQHandler
                0x00000000080002e0                LCD_IRQHandler
                0x00000000080002e0                UART5_IRQHandler
                0x00000000080002e0                ADC3_IRQHandler
                0x00000000080002e0                TIM4_IRQHandler
                0x00000000080002e0                DMA2_Channel1_IRQHandler
                0x00000000080002e0                QUADSPI_IRQHandler
                0x00000000080002e0                I2C1_EV_IRQHandler
                0x00000000080002e0                DMA1_Channel6_IRQHandler
                0x00000000080002e0                UART4_IRQHandler
                0x00000000080002e0                DMA2_Channel4_IRQHandler
                0x00000000080002e0                TIM3_IRQHandler
                0x00000000080002e0                RCC_IRQHandler
                0x00000000080002e0                DMA1_Channel1_IRQHandler
                0x00000000080002e0                Default_Handler
                0x00000000080002e0                DMA2_Channel7_IRQHandler
                0x00000000080002e0                EXTI15_10_IRQHandler
                0x00000000080002e0                TIM7_IRQHandler
                0x00000000080002e0                SDMMC1_IRQHandler
                0x00000000080002e0                TIM5_IRQHandler
                0x00000000080002e0                I2C3_EV_IRQHandler
                0x00000000080002e0                EXTI9_5_IRQHandler
                0x00000000080002e0                RTC_WKUP_IRQHandler
                0x00000000080002e0                PVD_PVM_IRQHandler
                0x00000000080002e0                SPI2_IRQHandler
                0x00000000080002e0                MemManage_Handler
                0x00000000080002e0                CAN1_TX_IRQHandler
                0x00000000080002e0                SVC_Handler
                0x00000000080002e0                DMA2_Channel5_IRQHandler
                0x00000000080002e0                DMA1_Channel5_IRQHandler
                0x00000000080002e0                EXTI4_IRQHandler
                0x00000000080002e0                RNG_IRQHandler
                0x00000000080002e0                TIM1_TRG_COM_TIM17_IRQHandler
                0x00000000080002e0                DMA1_Channel3_IRQHandler
                0x00000000080002e0                COMP_IRQHandler
                0x00000000080002e0                WWDG_IRQHandler
                0x00000000080002e0                LPUART1_IRQHandler
                0x00000000080002e0                DMA2_Channel6_IRQHandler
                0x00000000080002e0                TIM2_IRQHandler
                0x00000000080002e0                EXTI1_IRQHandler
                0x00000000080002e0                USART2_IRQHandler
                0x00000000080002e0                DFSDM1_FLT0_IRQHandler
                0x00000000080002e0                I2C2_ER_IRQHandler
                0x00000000080002e0                DMA1_Channel2_IRQHandler
                0x00000000080002e0                TIM8_BRK_IRQHandler
                0x00000000080002e0                CAN1_SCE_IRQHandler
                0x00000000080002e0                FLASH_IRQHandler
                0x00000000080002e0                BusFault_Handler
                0x00000000080002e0                USART1_IRQHandler
                0x00000000080002e0                OTG_FS_IRQHandler
                0x00000000080002e0                SPI3_IRQHandler
                0x00000000080002e0                I2C1_ER_IRQHandler
                0x00000000080002e0                FMC_IRQHandler
                0x00000000080002e0                SWPMI1_IRQHandler
                0x00000000080002e0                LPTIM1_IRQHandler
                0x00000000080002e0                SAI1_IRQHandler
                0x00000000080002e0                DMA2_Channel3_IRQHandler
                0x00000000080002e0                TIM1_BRK_TIM15_IRQHandler
 *(.glue_7)
 .glue_7        0x00000000080002e2        0x0 linker stubs
 *(.glue_7t)
 .glue_7t       0x00000000080002e2        0x0 linker stubs
 *(.eh_frame)
 *(.init)
 *(.fini)
                0x00000000080002e8                . = ALIGN (0x8)
 *fill*         0x00000000080002e2        0x6 
                0x00000000080002e8                _etext = .

.vfp11_veneer   0x00000000080002e8        0x0
 .vfp11_veneer  0x00000000080002e8        0x0 linker stubs

.v4_bx          0x00000000080002e8        0x0
 .v4_bx         0x00000000080002e8        0x0 linker stubs

.iplt           0x00000000080002e8        0x0
 .iplt          0x00000000080002e8        0x0 Src/GreenLED.o

.rel.dyn        0x00000000080002e8        0x0
 .rel.iplt      0x00000000080002e8        0x0 Src/GreenLED.o

.rodata         0x00000000080002e8        0x0
                0x00000000080002e8                . = ALIGN (0x8)
 *(.rodata)
 *(.rodata*)
                0x00000000080002e8                . = ALIGN (0x8)

.ARM.extab      0x00000000080002e8        0x0
                0x00000000080002e8                . = ALIGN (0x8)
 *(.ARM.extab* .gnu.linkonce.armextab.*)
                0x00000000080002e8                . = ALIGN (0x8)

.ARM            0x00000000080002e8        0x0
                0x00000000080002e8                . = ALIGN (0x8)
                0x00000000080002e8                __exidx_start = .
 *(.ARM.exidx*)
                0x00000000080002e8                __exidx_end = .
                0x00000000080002e8                . = ALIGN (0x8)

.preinit_array  0x00000000080002e8        0x0
                0x00000000080002e8                . = ALIGN (0x8)
                [!provide]                        PROVIDE (__preinit_array_start = .)
 *(.preinit_array*)
                [!provide]                        PROVIDE (__preinit_array_end = .)
                0x00000000080002e8                . = ALIGN (0x8)

.init_array     0x00000000080002e8        0x0
                0x00000000080002e8                . = ALIGN (0x8)
                [!provide]                        PROVIDE (__init_array_start = .)
 *(SORT_BY_NAME(.init_array.*))
 *(.init_array*)
                [!provide]                        PROVIDE (__init_array_end = .)
                0x00000000080002e8                . = ALIGN (0x8)

.fini_array     0x00000000080002e8        0x0
                0x00000000080002e8                . = ALIGN (0x8)
                [!provide]                        PROVIDE (__fini_array_start = .)
 *(SORT_BY_NAME(.fini_array.*))
 *(.fini_array*)
                [!provide]                        PROVIDE (__fini_array_end = .)
                0x00000000080002e8                . = ALIGN (0x8)
                0x00000000080002e8                _sidata = LOADADDR (.data)

.data           0x0000000020000000        0x0 load address 0x00000000080002e8
                0x0000000020000000                . = ALIGN (0x8)
                0x0000000020000000                _sdata = .
 *(.data)
 *(.data*)
                0x0000000020000000                . = ALIGN (0x8)
                0x0000000020000000                _edata = .

.igot.plt       0x0000000020000000        0x0 load address 0x00000000080002e8
 .igot.plt      0x0000000020000000        0x0 Src/GreenLED.o
                0x0000000020000000                . = ALIGN (0x4)

.bss            0x0000000020000000        0x0 load address 0x00000000080002e8
                0x0000000020000000                _sbss = .
                0x0000000020000000                __bss_start__ = _sbss
 *(.bss)
 *(.bss*)
 *(COMMON)
                0x0000000020000000                . = ALIGN (0x4)
                0x0000000020000000                _ebss = .
                0x0000000020000000                __bss_end__ = _ebss

._user_heap_stack
                0x0000000020000000      0x600 load address 0x00000000080002e8
                0x0000000020000000                . = ALIGN (0x8)
                [!provide]                        PROVIDE (end = .)
                [!provide]                        PROVIDE (_end = .)
                0x0000000020000200                . = (. + _Min_Heap_Size)
 *fill*         0x0000000020000000      0x200 
                0x0000000020000600                . = (. + _Min_Stack_Size)
 *fill*         0x0000000020000200      0x400 
                0x0000000020000600                . = ALIGN (0x8)

/DISCARD/
 libc.a(*)
 libm.a(*)
 libgcc.a(*)

.ARM.attributes
                0x0000000000000000       0x35
 *(.ARM.attributes)
 .ARM.attributes
                0x0000000000000000       0x25 Src/GreenLED.o
 .ARM.attributes
                0x0000000000000025       0x39 Src/main03.o
 .ARM.attributes
                0x000000000000005e       0x25 Src/myDataOps02.o
 .ARM.attributes
                0x0000000000000083       0x25 startup/startup_stm32l476xx.o
OUTPUT(DiscoBlinky.elf elf32-littlearm)

.debug_line     0x0000000000000000      0x273
 .debug_line    0x0000000000000000       0x5d Src/GreenLED.o
 .debug_line    0x000000000000005d      0x10a Src/main03.o
 .debug_line    0x0000000000000167       0x8f Src/myDataOps02.o
 .debug_line    0x00000000000001f6       0x7d startup/startup_stm32l476xx.o

.debug_info     0x0000000000000000      0x12a
 .debug_info    0x0000000000000000       0x26 Src/GreenLED.o
 .debug_info    0x0000000000000026       0xbc Src/main03.o
 .debug_info    0x00000000000000e2       0x26 Src/myDataOps02.o
 .debug_info    0x0000000000000108       0x22 startup/startup_stm32l476xx.o

.debug_abbrev   0x0000000000000000       0xc4
 .debug_abbrev  0x0000000000000000       0x14 Src/GreenLED.o
 .debug_abbrev  0x0000000000000014       0x8a Src/main03.o
 .debug_abbrev  0x000000000000009e       0x14 Src/myDataOps02.o
 .debug_abbrev  0x00000000000000b2       0x12 startup/startup_stm32l476xx.o

.debug_aranges  0x0000000000000000       0x90
 .debug_aranges
                0x0000000000000000       0x20 Src/GreenLED.o
 .debug_aranges
                0x0000000000000020       0x28 Src/main03.o
 .debug_aranges
                0x0000000000000048       0x20 Src/myDataOps02.o
 .debug_aranges
                0x0000000000000068       0x28 startup/startup_stm32l476xx.o

.debug_str      0x0000000000000000     0x369d
 .debug_str     0x0000000000000000       0x68 Src/GreenLED.o
 .debug_str     0x0000000000000068     0x35ff Src/main03.o
                                       0x37aa (size before relaxing)
 .debug_str     0x0000000000003667       0x15 Src/myDataOps02.o
                                         0x6b (size before relaxing)
 .debug_str     0x000000000000367c       0x21 startup/startup_stm32l476xx.o
                                         0x77 (size before relaxing)

.debug_ranges   0x0000000000000000       0x38
 .debug_ranges  0x0000000000000000       0x18 Src/main03.o
 .debug_ranges  0x0000000000000018       0x20 startup/startup_stm32l476xx.o

.debug_macro    0x0000000000000000      0xdc8
 .debug_macro   0x0000000000000000       0x1a Src/main03.o
 .debug_macro   0x000000000000001a      0xa60 Src/main03.o
 .debug_macro   0x0000000000000a7a      0x34e Src/main03.o

.comment        0x0000000000000000       0x7f
 .comment       0x0000000000000000       0x7f Src/main03.o
                                         0x80 (size before relaxing)

.debug_frame    0x0000000000000000       0x54
 .debug_frame   0x0000000000000000       0x54 Src/main03.o
